08-17 13:20:36.494  1158  2567 E WindowManager: win=Window{baa2767 u0 com.sec.android.app.launcher/com.sec.android.app.launcher.activities.LauncherActivity} destroySurfaces: appStopped=true win.mWindowRemovalAllowed=false win.mRemoveOnExit=false win.mViewVisibility=8 caller=com.android.server.wm.ActivityRecord.destroySurfaces:5860 com.android.server.wm.ActivityRecord.destroySurfaces:5841 com.android.server.wm.ActivityRecord.notifyAppStopped:5905 com.android.server.wm.ActivityRecord.activityStopped:6547 com.android.server.wm.ActivityClientController.activityStopped:254 android.app.IActivityClientController$Stub.onTransact:596 com.android.server.wm.ActivityClientController.onTransact:130 
08-17 13:20:36.494  1158  2567 I WindowManager: Destroying surface Surface(name=com.sec.android.app.launcher/com.sec.android.app.launcher.activities.LauncherActivity$_2956)/@0xfc789ed called by com.android.server.wm.WindowStateAnimator.destroySurface:987 com.android.server.wm.WindowStateAnimator.destroySurfaceLocked:518 com.android.server.wm.WindowState.destroySurfaceUnchecked:4236 com.android.server.wm.WindowState.destroySurface:4210 com.android.server.wm.ActivityRecord.destroySurfaces:5860 com.android.server.wm.ActivityRecord.destroySurfaces:5841 com.android.server.wm.ActivityRecord.notifyAppStopped:5905 com.android.server.wm.ActivityRecord.activityStopped:6547 
08-17 13:20:36.495  4176  4176 I GoogleInputMethodService: GoogleInputMethodService.updateDeviceLockedStatus():2165 repeatCheckTimes = 0, unlocked = true
08-17 13:20:36.495  1091  1091 I Layer   : id=23138 removedFromDrawingState com.sec.android.app.launcher/com.sec.android.app.launcher.activities.LauncherActivity$_2956#0 (124)
08-17 13:20:36.495  1091  1091 I Layer   : id=23139 removedFromDrawingState OneUiHome-BlurLayer#0 (124)
08-17 13:20:36.495  4176  4176 D InputMethodService: checkDisplayOfStartInputAndUpdateKeyboard display Id 0last 0
08-17 13:20:36.495  1091  1091 I Layer   : id=23153 Destroyed ActivityRecord{927698e u0 com.flygame.flygamex/com.epicgames.ue4.SplashActivity t215}#0
08-17 13:20:36.495  4176  4176 I GoogleInputMethodService: GoogleInputMethodService.onStartInput():1956 onStartInput(EditorInfo{inputType=0x0(NULL) imeOptions=0x0 privateImeOptions=null actionName=UNSPECIFIED actionLabel=null actionId=0 initialSelStart=-1 initialSelEnd=-1 initialCapsMode=0x0 hintText=null label=null packageName=com.flygame.flygamex fieldId=-1 fieldName=null extras=Bundle[{displayId=0}]}, false)
08-17 13:20:36.495  4176  4176 I GoogleInputMethodService: GoogleInputMethodService.shouldHideHeaderOnInitialState():4081 ShouldHideHeaderOnInitialState = false
08-17 13:20:36.496  1158  1196 D RestrictionPolicy: isScreenCaptureEnabled : ret=true userId=0
08-17 13:20:36.496  2415  3194 I ViewRootImpl@df58905[flygamex]: mWNT: t = android.view.SurfaceControl$Transaction@1fc86c8 fN = 8 android.view.SyncRtSurfaceTransactionApplier.applyTransaction:94 android.view.SyncRtSurfaceTransactionApplier.lambda$scheduleApply$0$SyncRtSurfaceTransactionApplier:71 android.view.SyncRtSurfaceTransactionApplier$$ExternalSyntheticLambda0.onFrameDraw:4 
08-17 13:20:36.496  2415  3194 I ViewRootImpl@df58905[flygamex]: mWNT: merge t to BBQ
08-17 13:20:36.496  4176  4176 I GoogleInputMethodService: GoogleInputMethodService.updateDeviceLockedStatus():2165 repeatCheckTimes = 2, unlocked = true
08-17 13:20:36.496  1158  1196 I WindowManager: Cancelling animation restarting=true, leash=Surface(name=Surface(name=c89e9cb InputMethod)/@0x78718c1 - animation-leash of insets_animation)/@0x54aae28
08-17 13:20:36.496  1158  1196 I WindowManager: Reparenting to original parent: Surface(name=WindowToken{f9eb196 android.os.Binder@c7e68b1})/@0x4568866, destroy=false, surface=Surface(name=c89e9cb InputMethod)/@0x78718c1
08-17 13:20:36.496  1158  1196 I WindowManager: Reparenting to leash, surface=Surface(name=c89e9cb InputMethod)/@0x78718c1, leashParent=Surface(name=WindowToken{f9eb196 android.os.Binder@c7e68b1})/@0x4568866
08-17 13:20:36.497  1091  3496 I SurfaceFlinger: id=23178 createSurf (0x0),-1 flag=24004, Surface(name=c89e9cb InputMethod)/@0x78718c1 - animation-leash of insets_animation#1
08-17 13:20:36.497  1158  1196 D WindowManager: makeSurface duration=1 leash=Surface(name=Surface(name=c89e9cb InputMethod)/@0x78718c1 - animation-leash of insets_animation)/@0x7a63ab3
08-17 13:20:36.500  1091  1282 I SurfaceFlinger: id=23145 Removed Surface(name=9140b98 NavigationBar0)/@0x5f95dbb - animation-leash of insets_animation#0 (124)
08-17 13:20:36.500  1091  1282 I SurfaceFlinger: id=23147 Removed Surface(name=719d3ce StatusBar)/@0xca0cef2 - animation-leash of insets_animation#0 (124)
08-17 13:20:36.502  1158  1196 D InputMethodManagerServicePhysicalKey: isConnectedDexOnPC false
08-17 13:20:36.503  1091  1091 I Layer   : id=23144 removedFromDrawingState Surface(name=c89e9cb InputMethod)/@0x78718c1 - animation-leash of insets_animation#0 (124)
08-17 13:20:36.503  1091  1091 I SurfaceFlinger: id=23144 Removed Surface(name=c89e9cb InputMethod)/@0x78718c1 - animation-leash of insets_animation#0 (124)
08-17 13:20:36.504  1091  1091 I Layer   : id=23145 Destroyed Surface(name=9140b98 NavigationBar0)/@0x5f95dbb - animation-leash of insets_animation#0
08-17 13:20:36.504  1091  1091 I Layer   : id=23147 Destroyed Surface(name=719d3ce StatusBar)/@0xca0cef2 - animation-leash of insets_animation#0
08-17 13:20:36.504  1091  1091 I Layer   : id=23144 Destroyed Surface(name=c89e9cb InputMethod)/@0x78718c1 - animation-leash of insets_animation#0
08-17 13:20:36.504  2415  3195 I ViewRootImpl@df58905[flygamex]: mWNT: t = android.view.SurfaceControl$Transaction@468361 fN = 9 android.view.SyncRtSurfaceTransactionApplier.applyTransaction:94 android.view.SyncRtSurfaceTransactionApplier.lambda$scheduleApply$0$SyncRtSurfaceTransactionApplier:71 android.view.SyncRtSurfaceTransactionApplier$$ExternalSyntheticLambda0.onFrameDraw:4 
08-17 13:20:36.504  2415  3195 I ViewRootImpl@df58905[flygamex]: mWNT: merge t to BBQ
08-17 13:20:36.506  1158  1196 D InputMethodManagerService: isImeSwitcherDisabledPackage : false
08-17 13:20:36.507  1158  1546 I ActivityManager: PendingStartActivityUids startActivity to updateOomAdj delay:1022ms, uid:10434
08-17 13:20:36.507  1158  1546 I AppOps  : updateUidProcState uid: 10240 procState: 5 capability:15
08-17 13:20:36.507  1158  1546 I ActivityManager: Changes in 10147 2 to 5, 15 to 8
08-17 13:20:36.508  1158  1544 D NetworkPolicy: onUidStateChanged() uid: 10147, isForeground(true, 5)
08-17 13:20:36.510  1158  1543 I ActivityTaskManager: Displayed com.flygame.flygamex/com.epicgames.ue4.GameActivity: +1s299ms
08-17 13:20:36.510  1158  1543 I Pageboost: Launch time gathered : pid 29841 com.flygame.flygamex 1299
08-17 13:20:36.512  3556  3556 E pageboostd: Received HALT command code 2
08-17 13:20:36.513  2415  3194 I ViewRootImpl@df58905[flygamex]: mWNT: t = android.view.SurfaceControl$Transaction@813ae86 fN = 10 android.view.SyncRtSurfaceTransactionApplier.applyTransaction:94 android.view.SyncRtSurfaceTransactionApplier.lambda$scheduleApply$0$SyncRtSurfaceTransactionApplier:71 android.view.SyncRtSurfaceTransactionApplier$$ExternalSyntheticLambda0.onFrameDraw:4 
08-17 13:20:36.513  2415  3194 I ViewRootImpl@df58905[flygamex]: mWNT: merge t to BBQ
08-17 13:20:36.515  1158  1544 D Native_CFMS: CFMS Delete Task Tid(2956)
08-17 13:20:36.515  2956  3075 I LiveIconUpdateEventHandler: unregisterReceiver
08-17 13:20:36.516  1091  3496 I SurfaceFlinger: id=23138 Removed com.sec.android.app.launcher/com.sec.android.app.launcher.activities.LauncherActivity$_2956#0 (121)
08-17 13:20:36.516  1158  1544 D Native_CFMS: CFMS Delete Task Tid(5344)
08-17 13:20:36.520  1091  1091 I Layer   : id=23138 Destroyed com.sec.android.app.launcher/com.sec.android.app.launcher.activities.LauncherActivity$_2956#0
08-17 13:20:36.520  1091  1091 I Layer   : id=23139 Destroyed OneUiHome-BlurLayer#0
08-17 13:20:36.522  2415  2626 D OpenGLRenderer: setSurface called with nullptr
08-17 13:20:36.522  2415  2626 D OpenGLRenderer: setSurface() destroyed EGLSurface
08-17 13:20:36.522  2415  2626 D OpenGLRenderer: destroyEglSurface
08-17 13:20:36.523  1158  3382 V WindowManager: Relayout Window{e5c09a8 u0 Splash Screen com.flygame.flygamex}: viewVisibility=8 req=2312x1080 d0
08-17 13:20:36.523  1158  3382 I WindowManager: Reparenting to leash, surface=Surface(name=e5c09a8 Splash Screen com.flygame.flygamex)/@0xa8544e, leashParent=Surface(name=ActivityRecord{4a28349 u0 com.flygame.flygamex/com.epicgames.ue4.GameActivity t215})/@0xc1c4c5
08-17 13:20:36.523  1091  1131 I SurfaceFlinger: id=23179 createSurf (0x0),-1 flag=24000, Surface(name=e5c09a8 Splash Screen com.flygame.flygamex)/@0xa8544e - animation-leash of window_animation#0
08-17 13:20:36.524  1158  3382 D WindowManager: makeSurface duration=0 leash=Surface(name=Surface(name=e5c09a8 Splash Screen com.flygame.flygamex)/@0xa8544e - animation-leash of window_animation)/@0xc5beb9c
08-17 13:20:36.526  1158  3382 V WindowManager: Relayout hash=e5c09a8, pid=2415: mAttrs={(0,0)(fillxfill) sim={adjust=pan} ty=APPLICATION_STARTING fmt=TRANSLUCENT wanim=0x1030001
08-17 13:20:36.526  1158  3382 V WindowManager:   fl=81030118
08-17 13:20:36.526  1158  3382 V WindowManager:   pfl=36000010
08-17 13:20:36.526  1158  3382 V WindowManager:   bhv=DEFAULT
08-17 13:20:36.526  1158  3382 V WindowManager:   fitSides= naviIconColor=0}
08-17 13:20:36.527  2415  2575 I ViewRootImpl@df58905[flygamex]: Relayout returned: old=(88,0,2400,1080) new=(88,0,2400,1080) req=(2312,1080)8 dur=5 res=0x5 s={false 0} ch=true fn=11
08-17 13:20:36.527  2415  2575 I ViewRootImpl@df58905[flygamex]: dispatchDetachedFromWindow
08-17 13:20:36.527  1158  3382 I WindowManager: Cancelling animation restarting=false, leash=Surface(name=Surface(name=263163f com.flygame.flygamex/com.epicgames.ue4.GameActivity)/@0xe81f3c - animation-leash of starting_reveal)/@0xb5f328
08-17 13:20:36.528  1158  3382 I WindowManager: Reparenting to original parent: Surface(name=ActivityRecord{4a28349 u0 com.flygame.flygamex/com.epicgames.ue4.GameActivity t215})/@0xc1c4c5, destroy=false, surface=Surface(name=263163f com.flygame.flygamex/com.epicgames.ue4.GameActivity)/@0xe81f3c
08-17 13:20:36.528  1158  3382 D InputTransport: Input channel destroyed: 'e5c09a8', fd=710
08-17 13:20:36.528  1158  3382 W InputManager-JNI: Input channel object 'e5c09a8 Splash Screen com.flygame.flygamex (client)' was disposed without first being removed with the input manager!
08-17 13:20:36.528  1158  3382 D InputTransport: Input channel destroyed: 'e5c09a8', fd=723
08-17 13:20:36.530  2415  2575 D InputTransport: Input channel destroyed: 'e5c09a8', fd=330
08-17 13:20:36.537  1091  1091 I Layer   : id=23177 removedFromDrawingState Surface(name=263163f com.flygame.flygamex/com.epicgames.ue4.GameActivity)/@0xe81f3c - animation-leash of starting_reveal#0 (120)
08-17 13:20:36.557  1158  2275 D SemNscXgbMsL1: Probability - Cloud gaming: [0.0067396252]
08-17 13:20:36.558  1158  2275 D SemNscXgbMsL1: Probability - Real time: [0.50381196]
08-17 13:20:36.558  1158  2275 D SemNscXgbMsL1: Probability - Non real time: [0.7442089]
08-17 13:20:36.558  1158  2275 D SemNscXgbMsL1: 1 sample inference time: 1.076198 msecs
08-17 13:20:36.561  1158  2275 D SemNscXgbL2Rt: L2 RT 1 sample inference time: 2.270365 msecs
08-17 13:20:36.564  1158  2275 D SemNscXgbL2Nrt: L2 NRT 1 sample inference time: 3.381614 msecs
08-17 13:20:36.579  1158  1547 I WindowManager: Reparenting to original parent: Surface(name=ActivityRecord{4a28349 u0 com.flygame.flygamex/com.epicgames.ue4.GameActivity t215})/@0xc1c4c5, destroy=true, surface=Surface(name=e5c09a8 Splash Screen com.flygame.flygamex)/@0xa8544e
08-17 13:20:36.580  1158  1547 E WindowManager: win=Window{e5c09a8 u0 Splash Screen com.flygame.flygamex EXITING} destroySurfaces: appStopped=false win.mWindowRemovalAllowed=true win.mRemoveOnExit=true win.mViewVisibility=8 caller=com.android.server.wm.ActivityRecord.destroySurfaces:5860 com.android.server.wm.ActivityRecord.destroySurfaces:5841 com.android.server.wm.WindowState.onExitAnimationDone:5979 com.android.server.wm.WindowStateAnimator.onAnimationFinished:242 com.android.server.wm.WindowState.onAnimationFinished:6232 com.android.server.wm.WindowContainer$$ExternalSyntheticLambda0.onAnimationFinished:2 com.android.server.wm.SurfaceAnimator.lambda$getFinishedCallback$0$SurfaceAnimator:113 
08-17 13:20:36.581  1158  1547 I WindowManager: Destroying surface Surface(name=Splash Screen com.flygame.flygamex$_2415)/@0x2a94b46 called by com.android.server.wm.WindowStateAnimator.destroySurface:987 com.android.server.wm.WindowStateAnimator.destroySurfaceLocked:518 com.android.server.wm.WindowState.destroySurfaceUnchecked:4236 com.android.server.wm.WindowState.destroySurface:4210 com.android.server.wm.ActivityRecord.destroySurfaces:5860 com.android.server.wm.ActivityRecord.destroySurfaces:5841 com.android.server.wm.WindowState.onExitAnimationDone:5979 com.android.server.wm.WindowStateAnimator.onAnimationFinished:242 
08-17 13:20:36.587  1091  1091 I Layer   : id=23155 removedFromDrawingState Splash Screen com.flygame.flygamex$_2415#0 (120)
08-17 13:20:36.587  1091  1091 I Layer   : id=23154 removedFromDrawingState e5c09a8 Splash Screen com.flygame.flygamex#0 (120)
08-17 13:20:36.587  1091  1091 I Layer   : id=23179 removedFromDrawingState Surface(name=e5c09a8 Splash Screen com.flygame.flygamex)/@0xa8544e - animation-leash of window_animation#0 (120)
08-17 13:20:36.587  1091  1091 I SurfaceFlinger: id=23154 Removed e5c09a8 Splash Screen com.flygame.flygamex#0 (120)
08-17 13:20:36.587  1091  1091 I SurfaceFlinger: id=23155 Removed Splash Screen com.flygame.flygamex$_2415#0 (120)
08-17 13:20:36.587  1091  1091 I SurfaceFlinger: id=23179 Removed Surface(name=e5c09a8 Splash Screen com.flygame.flygamex)/@0xa8544e - animation-leash of window_animation#0 (120)
08-17 13:20:36.587  1091  1091 I Layer   : id=23179 Destroyed Surface(name=e5c09a8 Splash Screen com.flygame.flygamex)/@0xa8544e - animation-leash of window_animation#0
08-17 13:20:36.587  1091  1091 I Layer   : id=23154 Destroyed e5c09a8 Splash Screen com.flygame.flygamex#0
08-17 13:20:36.588  1091  1091 I Layer   : id=23155 Destroyed Splash Screen com.flygame.flygamex$_2415#0
08-17 13:20:36.592  1091  1091 D SurfaceFlinger: Display 4630947232161729153 HWC layers:
08-17 13:20:36.592  1091  1091 D SurfaceFlinger:  SOLID_COLOR |              | 0000 |  Unknown  |    0.0    0.0    0.0    0.0 |    0    0 1080   88 | Letterbox - left#1
08-17 13:20:36.592  1091  1091 D SurfaceFlinger:  SOLID_COLOR |              | 0002 |  Unknown  |    0.0    0.0    0.0    0.0 |    0   88 1080 2400 | Background for SurfaceView - com.fly[...]picgames.ue4.GameActivity@79b3c8@0#0
08-17 13:20:36.592  1091  1091 D SurfaceFlinger:      DEVICE | 0xb400007a380143f0 | 0100 | RGBA_8888    |    0.0    0.0 1080.0 2312.0 |    0   88 1080 2400 | com.flygame.flygamex/com.epicgames.ue4.GameActivity$_29841#1
08-17 13:20:36.592  1091  1091 D SurfaceFlinger:      DEVICE | 0xb400007a39a119f0 | 0100 | RGBA_8888    |    0.0    0.0 1080.0 2312.0 |    0   88 1080 2400 | com.flygame.flygamex/com.epicgames.ue4.GameActivity$_29841#0
08-17 13:20:36.592  1091  1091 D SurfaceFlinger:      DEVICE | 0xb400007a380150a0 | 0100 | RGBA_8888    |    0.0    0.0   37.0 2400.0 | 1043    0 1080 2400 | StatusBar$_2415#0
08-17 13:20:36.592  1091  1091 D SurfaceFlinger:      DEVICE | 0xb400007a38014690 | 0100 | RGBA_8888    |    0.0    0.0 1080.0   74.0 |    0 2326 1080 2400 | NavigationBar0$_2415#0
08-17 13:20:36.592  1091  1091 D SurfaceFlinger:      DEVICE | 0xb400007a1d72dad0 | 0140 | RGBA_8888    |    0.0    0.0 1080.0  195.0 
08-17 13:20:36.592  1091  1091 D SurfaceFlinger: |    0    0 1080  195 | ScreenDecorOverlay$_2415#0
08-17 13:20:36.592  1091  1091 D SurfaceFlinger:      DEVICE | 0xb400007a380144d0 | 0140 | RGBA_8888    |    0.0    0.0 1080.0  195.0 |    0 2205 1080 2400 | ScreenDecorOverlayBottom$_2415#0
08-17 13:20:36.592  1091  1091 D SurfaceFlinger: 
08-17 13:20:36.629   978 29884 I HYPER-HAL: [RequestManager.cpp]releaseLocked(): Released ID : 720642
08-17 13:20:36.645  1158  2475 D MdnieScenarioControlService:  packageName : com.flygame.flygamex    className : com.epicgames.ue4.GameActivity
08-17 13:20:36.645  1158  2475 V MdnieScenarioControlService: setUIMode from UI function(3)
08-17 13:20:36.661   978 29834 I HYPER-HAL: [RequestManager.cpp]releaseLocked(): Released ID : 11584906
08-17 13:20:36.672  1158  4032 D MotionRecognitionService: values = 100.0
08-17 13:20:36.672  1158  4032 D MotionRecognitionService: onReceive lux: 100.0  action: 
08-17 13:20:36.672  1158  4032 D MotionRecognitionService: Inject brightness form Cam 100.0
08-17 13:20:36.672  1158  4032 D MotionRecognitionService: Inject calibrated lux
08-17 13:20:36.711 29841 29902 D UE4     : EGL Extensions: 
08-17 13:20:36.712 29841 29902 D UE4     : EGL_ANDROID_front_buffer_auto_refresh EGL_ANDROID_get_frame_timestamps EGL_ANDROID_get_native_client_buffer EGL_ANDROID_presentation_time EGL_EXT_surface_CTA861_3_metadata EGL_EXT_surface_SMPTE2086_metadata EGL_KHR_get_all_proc_addresses EGL_KHR_swap_buffers_with_damage EGL_EXT_gl_colorspace_scrgb EGL_EXT_gl_colorspace_scrgb_linear EGL_EXT_gl_colorspace_display_p3_linear EGL_EXT_gl_colorspace_display_p3 EGL_EXT_gl_colorspace_display_p3_passthrough EGL_EXT_gl_colorspace_bt2020_linear EGL_EXT_gl_colorspace_bt2020_pq EGL_ANDROID_image_native_buffer EGL_ANDROID_native_fence_sync EGL_ANDROID_recordable EGL_EXT_create_context_robustness EGL_EXT_image_gl_colorspace EGL_EXT_pixel_format_float EGL_EXT_protected_content EGL_EXT_yuv_surface EGL_IMG_context_priority EGL_KHR_create_context EGL_KHR_create_context_no_error EGL_KHR_fence_sync EGL_KHR_gl_colorspace EGL_KHR_gl_renderbuffer_image EGL_KHR_gl_texture_2D_image EGL_KHR_gl_texture_3D_image EGL_KHR_gl_texture_cubemap_image EGL_KHR_image EGL_KHR_image_base EGL_KHR_lo
08-17 13:20:36.713 29841 29902 D UE4     : FAndroidGPUInfo
08-17 13:20:36.713 29841 29902 D UE4     : AndroidEGL::InitRenderSurface 1, 1
08-17 13:20:36.713 29841 29902 D UE4     : AndroidEGL::InitRenderSurface, wnd: 0xecd41008, width: 8, height 8 
08-17 13:20:36.713 29841 29902 D UE4     : AndroidEGL::CreateEGLRenderSurface() 0xdd387f60
08-17 13:20:36.713 29841 29902 D UE4     : AndroidEGL::InitSharedSurface 1
08-17 13:20:36.713 29841 29902 D UE4     : AndroidEGL::InitSharedSurface, width: 8, height 8 
08-17 13:20:36.713 29841 29902 D UE4     : AndroidEGL::CreateEGLSharedSurface(), auxSurface = eglCreatePbufferSurface(), 8x8
08-17 13:20:36.727 29841 29902 D vulkan  : searching for layers in '/data/app/~~Drj8eEZg7gx_8U0OfF5OOg==/com.flygame.flygamex-RhS3UYLd6a0rchgSM5Jmow==/lib/arm'
08-17 13:20:36.727 29841 29902 D vulkan  : searching for layers in '/data/app/~~Drj8eEZg7gx_8U0OfF5OOg==/com.flygame.flygamex-RhS3UYLd6a0rchgSM5Jmow==/base.apk!/lib/armeabi-v7a'
08-17 13:20:36.731 29841 29902 I AdrenoVK-0: ===== BEGIN DUMP OF OVERRIDDEN SETTINGS =====
08-17 13:20:36.731 29841 29902 I AdrenoVK-0: ===== END DUMP OF OVERRIDDEN SETTINGS =====
08-17 13:20:36.732 29841 29902 I AdrenoVK-0: QUALCOMM build          : 193b2ee, I593c16c433
08-17 13:20:36.732 29841 29902 I AdrenoVK-0: Build Date              : 10/07/21
08-17 13:20:36.732 29841 29902 I AdrenoVK-0: Shader Compiler Version : EV031.32.02.10
08-17 13:20:36.732 29841 29902 I AdrenoVK-0: Local Branch            : Test-lib-SR05432264
08-17 13:20:36.732 29841 29902 I AdrenoVK-0: Remote Branch           : 
08-17 13:20:36.732 29841 29902 I AdrenoVK-0: Remote Branch           : 
08-17 13:20:36.732 29841 29902 I AdrenoVK-0: Reconstruct Branch      : 
08-17 13:20:36.732 29841 29902 I AdrenoVK-0: Build Config            : S P 10.0.5 AArch32
08-17 13:20:36.732 29841 29902 I AdrenoVK-0: Driver Path             : /vendor/lib/hw/vulkan.adreno.so
08-17 13:20:36.734 29841 29902 D UE4     : LogInit: Display: Loading text-based GConfig....
08-17 13:20:36.743  4689 18928 W MediaProvider: isAppCloneUserPair for user 0: false
08-17 13:20:36.747  1158  2475 V MdnieScenarioControlService: mAclOffEnabled : false mAclPreviewState : false mAclCompensationState : false
08-17 13:20:36.754  1158  1196 D SamsungAlarmManager: Cancel Alarm calling from uid:10239 pid :30593 / OP:PendingIntent{d2bc85d: PendingIntentRecord{ba269b1 com.google.android.gms/com.google.android.gms.gcm broadcastIntent}}
08-17 13:20:36.754  1158  1196 V SamsungAlarmManager: setLocked to kernel - W:353100877 / NW:353022684, now=353014973
08-17 13:20:36.759   978 29914 I HYPER-HAL: [RequestManager.cpp]releaseLocked(): Released ID : 690917
08-17 13:20:36.766  1091  1091 D SurfaceFlinger: Display 4630947232161729153 HWC layers:
08-17 13:20:36.766  1091  1091 D SurfaceFlinger:  SOLID_COLOR |              | 0000 |  Unknown  |    0.0    0.0    0.0    0.0 |    0    0 1080   88 | Letterbox - left#1
08-17 13:20:36.766  1091  1091 D SurfaceFlinger:  SOLID_COLOR |              | 0002 |  Unknown  |    0.0    0.0    0.0    0.0 |    0   88 1080 2400 | Background for SurfaceView - com.fly[...]picgames.ue4.GameActivity@79b3c8@0#0
08-17 13:20:36.766  1091  1091 D SurfaceFlinger:      DEVICE | 0xb400007a380143f0 | 0100 | RGBA_8888    |    0.0    0.0 1080.0 2312.0 |    0   88 1080 2400 | com.flygame.flygamex/com.epicgames.ue4.GameActivity$_29841#1
08-17 13:20:36.766  1091  1091 D SurfaceFlinger:      DEVICE | 0xb400007a39a119f0 | 0100 | RGBA_8888    |    0.0    0.0 1080.0 2312.0 |    0   88 1080 2400 | com.flygame.flygamex/com.epicgames.ue4.GameActivity$_29841#0
08-17 13:20:36.766  1091  1091 D SurfaceFlinger:      DEVICE | 0xb400007a38014690 | 0100 | RGBA_8888    |    0.0    0.0 1080.0    1.0 |    0 2399 1080 2400 | NavigationBar0$_2415#0
08-17 13:20:36.766  1091  1091 D SurfaceFlinger:      DEVICE | 0xb400007a1d72dad0 | 0140 | RGBA_8888    |    0.0    0.0 1080.0  195.0 |    0    0 1080  195 | ScreenDecorOverlay$_2415#0
08-17 13:20:36.766  1091  1091 D SurfaceFlinger:      DEVICE | 0xb400007a380144d0 | 0140 | RGBA_8888    |    0.0    0.0 1080.
08-17 13:20:36.766  1091  1091 D SurfaceFlinger: 0  195.0 |    0 2205 1080 2400 | ScreenDecorOverlayBottom$_2415#0
08-17 13:20:36.766  1091  1091 D SurfaceFlinger: 
08-17 13:20:36.770  1158  1196 D SamsungAlarmManager: setInexact (T:3/F:0/AC:false) 20220817T133839 now=353014989 - CU:10239/CP:30593/OP:PendingIntent{2f07d1e: PendingIntentRecord{ba269b1 com.google.android.gms/com.google.android.gms.gcm broadcastIntent}}
08-17 13:20:36.770  1158  1196 V SamsungAlarmManager: setLocked to kernel - W:353100877 / NW:353022684, now=353014989
08-17 13:20:36.775 30593 18880 I NetworkScheduler.Stats: Task com.google.android.gms/com.google.android.gms.ipa.base.IpaGcmTaskService started execution. cause:9 exec_start_elapsed_seconds: 353014 [CONTEXT service_id=218 ]
08-17 13:20:36.776 30593 25113 I NetworkScheduler.Stats: Task com.google.android.gms/com.google.android.gms.ipa.base.IpaGcmTaskService finished executing. cause:9 result: 1 elapsed_millis: 15 uptime_millis: 15 exec_start_elapsed_seconds: 353014 [CONTEXT service_id=218 ]
08-17 13:20:36.781  1158  3382 D SamsungAlarmManager: Cancel Alarm calling from uid:10239 pid :30593 / OP:PendingIntent{e06d71b: PendingIntentRecord{ba269b1 com.google.android.gms/com.google.android.gms.gcm broadcastIntent}}
08-17 13:20:36.781  1158  3382 V SamsungAlarmManager: setLocked to kernel - W:353100877 / NW:353022684, now=353015000
08-17 13:20:36.782  1158  2567 D SamsungAlarmManager: setInexact (T:3/F:0/AC:false) 20220817T133839 now=353015001 - CU:10239/CP:30593/OP:PendingIntent{85600b8: PendingIntentRecord{ba269b1 com.google.android.gms/com.google.android.gms.gcm broadcastIntent}}
08-17 13:20:36.782  1158  2567 V SamsungAlarmManager: setLocked to kernel - W:353100877 / NW:353022684, now=353015001
08-17 13:20:36.783  1091  1091 D SurfaceFlinger: Display 4630947232161729153 HWC layers:
08-17 13:20:36.783  1091  1091 D SurfaceFlinger:  SOLID_COLOR |              | 0000 |  Unknown  |    0.0    0.0    0.0    0.0 |    0    0 1080   88 | Letterbox - left#1
08-17 13:20:36.783  1091  1091 D SurfaceFlinger:  SOLID_COLOR |              | 0002 |  Unknown  |    0.0    0.0    0.0    0.0 |    0   88 1080 2400 | Background for SurfaceView - com.fly[...]picgames.ue4.GameActivity@79b3c8@0#0
08-17 13:20:36.783  1091  1091 D SurfaceFlinger:      DEVICE | 0xb400007a380143f0 | 0100 | RGBA_8888    |    0.0    0.0 1080.0 2312.0 |    0   88 1080 2400 | com.flygame.flygamex/com.epicgames.ue4.GameActivity$_29841#1
08-17 13:20:36.783  1091  1091 D SurfaceFlinger:      DEVICE | 0xb400007a39a119f0 | 0100 | RGBA_8888    |    0.0    0.0 1080.0 2312.0 |    0   88 1080 2400 | com.flygame.flygamex/com.epicgames.ue4.GameActivity$_29841#0
08-17 13:20:36.783  1091  1091 D SurfaceFlinger:      DEVICE | 0xb400007a1d72dad0 | 0140 | RGBA_8888    |    0.0    0.0 1080.0  195.0 |    0    0 1080  195 | ScreenDecorOverlay$_2415#0
08-17 13:20:36.783  1091  1091 D SurfaceFlinger:      DEVICE | 0xb400007a380144d0 | 0140 | RGBA_8888    |    0.0    0.0 1080.0  195.0 |    0 2205 1080 2400 | ScreenDecorOverlayBottom$_2415#0
08-17 13:20:36.783  1091  1091 D SurfaceFlinger: 
08-17 13:20:36.786  4689  5508 W MediaProvider: isAppCloneUserPair for user 0: false
08-17 13:20:36.794  1158  3382 D SamsungAlarmManager: Cancel Alarm calling from uid:10239 pid :30593 / OP:PendingIntent{111f6: PendingIntentRecord{ba269b1 com.google.android.gms/com.google.android.gms.gcm broadcastIntent}}
08-17 13:20:36.794  1158  3382 V SamsungAlarmManager: setLocked to kernel - W:353100877 / NW:353022684, now=353015013
08-17 13:20:36.805  1158  2567 D SamsungAlarmManager: setInexact (T:3/F:0/AC:false) 20220817T133839 now=353015024 - CU:10239/CP:30593/OP:PendingIntent{e31c9f7: PendingIntentRecord{ba269b1 com.google.android.gms/com.google.android.gms.gcm broadcastIntent}}
08-17 13:20:36.806  1158  2567 V SamsungAlarmManager: setLocked to kernel - W:353100877 / NW:353022684, now=353015024
08-17 13:20:36.811 30593 18880 I NetworkScheduler.Stats: Task com.google.android.gms/com.google.android.gms.ipa.base.IpaGcmTaskService started execution. cause:9 exec_start_elapsed_seconds: 353015 [CONTEXT service_id=218 ]
08-17 13:20:36.814 30593 29584 I NetworkScheduler.Stats: Task com.google.android.gms/com.google.android.gms.ipa.base.IpaGcmTaskService finished executing. cause:9 result: 1 elapsed_millis: 13 uptime_millis: 13 exec_start_elapsed_seconds: 353015 [CONTEXT service_id=218 ]
08-17 13:20:36.821  1158  3382 D SamsungAlarmManager: Cancel Alarm calling from uid:10239 pid :30593 / OP:PendingIntent{3b200ef: PendingIntentRecord{ba269b1 com.google.android.gms/com.google.android.gms.gcm broadcastIntent}}
08-17 13:20:36.821  1158  3382 V SamsungAlarmManager: setLocked to kernel - W:353100877 / NW:353022684, now=353015040
08-17 13:20:36.822  1158  3382 D SamsungAlarmManager: setInexact (T:3/F:0/AC:false) 20220817T133839 now=353015041 - CU:10239/CP:30593/OP:PendingIntent{6ed67fc: PendingIntentRecord{ba269b1 com.google.android.gms/com.google.android.gms.gcm broadcastIntent}}
08-17 13:20:36.822  1158  3382 V SamsungAlarmManager: setLocked to kernel - W:353100877 / NW:353022684, now=353015041
08-17 13:20:36.865  4689 18931 W MediaProvider: isAppCloneUserPair for user 0: false
08-17 13:20:36.870  4689 16645 W MediaProvider: isAppCloneUserPair for user 0: false
08-17 13:20:36.872  1158  4032 D MotionRecognitionService: values = 100.0
08-17 13:20:36.872  1158  4032 D MotionRecognitionService: onReceive lux: 100.0  action: 
08-17 13:20:36.872  1158  4032 D MotionRecognitionService: Inject brightness form Cam 100.0
08-17 13:20:36.872  1158  4032 D MotionRecognitionService: Inject calibrated lux
08-17 13:20:36.873 29841 29902 D UE4     : LogPluginManager: Mounting plugin MeshPainting
08-17 13:20:36.876  1158  1196 D SamsungAlarmManager: Cancel Alarm calling from uid:10239 pid :30593 / OP:PendingIntent{14154da: PendingIntentRecord{ba269b1 com.google.android.gms/com.google.android.gms.gcm broadcastIntent}}
08-17 13:20:36.876  1158  1196 V SamsungAlarmManager: setLocked to kernel - W:353100877 / NW:353022684, now=353015095
08-17 13:20:36.877 29841 29902 D UE4     : LogPluginManager: Mounting plugin EnvironmentQueryEditor
08-17 13:20:36.881 29841 29902 D UE4     : LogPluginManager: Mounting plugin AISupport
08-17 13:20:36.885 29841 29902 D UE4     : LogPluginManager: Mounting plugin LiveLink
08-17 13:20:36.888  1158  1196 D SamsungAlarmManager: setInexact (T:3/F:0/AC:false) 20220817T133839 now=353015107 - CU:10239/CP:30593/OP:PendingIntent{b47bd0b: PendingIntentRecord{ba269b1 com.google.android.gms/com.google.android.gms.gcm broadcastIntent}}
08-17 13:20:36.888  1158  1196 V SamsungAlarmManager: setLocked to kernel - W:353100877 / NW:353022684, now=353015107
08-17 13:20:36.895 30593 18880 I NetworkScheduler.Stats: Task com.google.android.gms/com.google.android.gms.ipa.base.IpaGcmTaskService started execution. cause:9 exec_start_elapsed_seconds: 353015 [CONTEXT service_id=218 ]
08-17 13:20:36.899 30593 29781 I NetworkScheduler.Stats: Task com.google.android.gms/com.google.android.gms.ipa.base.IpaGcmTaskService finished executing. cause:9 result: 1 elapsed_millis: 16 uptime_millis: 15 exec_start_elapsed_seconds: 353015 [CONTEXT service_id=218 ]
08-17 13:20:36.900 29841 29902 D UE4     : LogPluginManager: Mounting plugin LightPropagationVolume
08-17 13:20:36.906 29841 29902 D UE4     : LogPluginManager: Mounting plugin Paper2D
08-17 13:20:36.907  1158  1196 D SamsungAlarmManager: Cancel Alarm calling from uid:10239 pid :30593 / OP:PendingIntent{688c283: PendingIntentRecord{ba269b1 com.google.android.gms/com.google.android.gms.gcm broadcastIntent}}
08-17 13:20:36.907  1158  1196 V SamsungAlarmManager: setLocked to kernel - W:353100877 / NW:353022684, now=353015126
08-17 13:20:36.908  1158  1196 D SamsungAlarmManager: setInexact (T:3/F:0/AC:false) 20220817T133839 now=353015127 - CU:10239/CP:30593/OP:PendingIntent{7d0ec00: PendingIntentRecord{ba269b1 com.google.android.gms/com.google.android.gms.gcm broadcastIntent}}
08-17 13:20:36.908  1158  1196 V SamsungAlarmManager: setLocked to kernel - W:353100877 / NW:353022684, now=353015127
08-17 13:20:36.911 29841 29902 D UE4     : LogPluginManager: Mounting plugin OodleNetwork
08-17 13:20:36.915 29841 29902 D UE4     : LogPluginManager: Mounting plugin GameplayCameras
08-17 13:20:36.919 29841 29902 D UE4     : LogPluginManager: Mounting plugin CameraShakePreviewer
08-17 13:20:36.923 29841 29902 D UE4     : LogPluginManager: Mounting plugin OodleData
08-17 13:20:36.926 29841 29902 D UE4     : LogPluginManager: Mounting plugin AssetManagerEditor
08-17 13:20:36.930 29841 29902 D UE4     : LogPluginManager: Mounting plugin GeometryMode
08-17 13:20:36.935 29841 29902 D UE4     : LogPluginManager: Mounting plugin SpeedTreeImporter
08-17 13:20:36.939 29841 29902 D UE4     : LogPluginManager: Mounting plugin FacialAnimation
08-17 13:20:36.943 29841 29902 D UE4     : LogPluginManager: Mounting plugin DatasmithContent
08-17 13:20:36.947 29841 29902 D UE4     : LogPluginManager: Mounting plugin VariantManagerContent
08-17 13:20:36.953 29841 29902 D UE4     : LogPluginManager: Mounting plugin AndroidMedia
08-17 13:20:36.957 29841 29902 D UE4     : LogPluginManager: Mounting plugin UObjectPlugin
08-17 13:20:36.961 29841 29902 D UE4     : LogPluginManager: Mounting plugin PluginUtils
08-17 13:20:36.964 29841 29902 D UE4     : LogPluginManager: Mounting plugin AnimationSharing
08-17 13:20:36.968 29841 29902 D UE4     : LogPluginManager: Mounting plugin MediaCompositing
08-17 13:20:36.972 29841 29902 D UE4     : LogPluginManager: Mounting plugin ImgMedia
08-17 13:20:36.976 29841 29902 D UE4     : LogPluginManager: Mounting plugin AlembicImporter
08-17 13:20:36.980 29841 29902 D UE4     : LogPluginManager: Mounting plugin BackChannel
08-17 13:20:36.984 29841 29902 D UE4     : LogPluginManager: Mounting plugin ChaosEditor
08-17 13:20:36.988 29841 29902 D UE4     : LogPluginManager: Mounting plugin ChaosClothEditor
08-17 13:20:36.992 29841 29902 D UE4     : LogPluginManager: Mounting plugin ChaosCloth
08-17 13:20:36.995 29841 29902 D UE4     : LogPluginManager: Mounting plugin ChaosNiagara
08-17 13:20:36.998  1158  1546 D SGM:GameManager: identifyForegroundApp. com.flygame.flygamex, mCurrentUserId: 0, callerUserId: 0
08-17 13:20:36.998  1158  1546 D SGM:PkgDataHelper: getGamePkgData(). com.flygame.flygamex
08-17 13:20:36.998  1158  1546 D SGM:SemGameManager: isForegroundGame(), ret=false
08-17 13:20:36.999  1158 29941 D TspStateManager: update cmd=set_grip_data,2,1,45,15,16,16,47,47
08-17 13:20:37.000 29841 29902 D UE4     : LogPluginManager: Mounting plugin ChaosSolverPlugin
08-17 13:20:37.004 29841 29902 D UE4     : LogPluginManager: Mounting plugin AutomationUtils
08-17 13:20:37.008 29841 29902 D UE4     : LogPluginManager: Mounting plugin CharacterAI
08-17 13:20:37.011 29841 29902 D UE4     : LogPluginManager: Mounting plugin GeometryCollectionPlugin
08-17 13:20:37.015 29841 29902 D UE4     : LogPluginManager: Mounting plugin GeometryProcessing
08-17 13:20:37.019 29841 29902 D UE4     : LogPluginManager: Mounting plugin GeometryCache
08-17 13:20:37.023   974  7850 I sensors-hal: handle_sns_std_sensor_event:206, Phy Lux 8 Cam Lux 100, br 123
08-17 13:20:37.023   974  7850 I sensors-hal: handle_sns_std_sensor_event:213, [SSC_LIGHT] P: 8(8),m:1,a:813,b:43,c:316,d:11,ag:11,dg:1024,it:384,br:123
08-17 13:20:37.023 29841 29902 D UE4     : LogPluginManager: Mounting plugin MotoSynth
08-17 13:20:37.029 29841 29902 D UE4     : LogPluginManager: Mounting plugin PythonScriptPlugin
08-17 13:20:37.033 29841 29902 D UE4     : LogPluginManager: Mounting plugin PlanarCut
08-17 13:20:37.036 29841 29902 D UE4     : LogPluginManager: Mounting plugin PlatformCrypto
08-17 13:20:37.041 29841 29902 D UE4     : LogPluginManager: Mounting plugin TcpMessaging
08-17 13:20:37.045 29841 29902 D UE4     : LogPluginManager: Mounting plugin UdpMessaging
08-17 13:20:37.048 29841 29902 D UE4     : LogPluginManager: Mounting plugin MatineeToLevelSequence
08-17 13:20:37.052 29841 29902 D UE4     : LogPluginManager: Mounting plugin ActorSequence
08-17 13:20:37.056 29841 29902 D UE4     : LogPluginManager: Mounting plugin LevelSequenceEditor
08-17 13:20:37.060 29841 29902 D UE4     : LogPluginManager: Mounting plugin TemplateSequence
08-17 13:20:37.064 29841 29902 D UE4     : LogPluginManager: Mounting plugin OnlineSubsystemNull
08-17 13:20:37.065  1158  2275 D SemNscXgbMsL1: Probability - Cloud gaming: [0.014430549]
08-17 13:20:37.066  1158  2275 D SemNscXgbMsL1: Probability - Real time: [0.07794614]
08-17 13:20:37.066  1158  2275 D SemNscXgbMsL1: Probability - Non real time: [0.6688661]
08-17 13:20:37.066  1158  2275 D SemNscXgbMsL1: 1 sample inference time: 1.061979 msecs
08-17 13:20:37.068  1158  2275 D SemNscXgbL2Rt: L2 RT 1 sample inference time: 2.276823 msecs
08-17 13:20:37.070 29841 29902 D UE4     : LogPluginManager: Mounting plugin OnlineSubsystem
08-17 13:20:37.070  1158  2275 D SemNscXgbL2Nrt: L2 NRT 1 sample inference time: 1.9925 msecs
08-17 13:20:37.073  1158  4032 D MotionRecognitionService: values = 100.0
08-17 13:20:37.073  1158  4032 D MotionRecognitionService: onReceive lux: 100.0  action: 
08-17 13:20:37.073  1158  4032 D MotionRecognitionService: Inject brightness form Cam 100.0
08-17 13:20:37.073  1158  4032 D MotionRecognitionService: Inject calibrated lux
08-17 13:20:37.074 29841 29902 D UE4     : LogPluginManager: Mounting plugin OnlineSubsystemUtils
08-17 13:20:37.078 29841 29902 D UE4     : LogPluginManager: Mounting plugin ScreenshotTools
08-17 13:20:37.082 29841 29902 D UE4     : LogPluginManager: Mounting plugin Takes
08-17 13:20:37.086 29841 29902 D UE4     : LogPluginManager: Mounting plugin ActorLayerUtilities
08-17 13:20:37.090 29841 29902 D UE4     : LogPluginManager: Mounting plugin AndroidDeviceProfileSelector
08-17 13:20:37.094 29841 29902 D UE4     : LogPluginManager: Mounting plugin AndroidPermission
08-17 13:20:37.098 29841 29902 D UE4     : LogPluginManager: Mounting plugin AndroidMoviePlayer
08-17 13:20:37.102 29841 29902 D UE4     : LogPluginManager: Mounting plugin AppleImageUtils
08-17 13:20:37.106 29841 29902 D UE4     : LogPluginManager: Mounting plugin Niagara
08-17 13:20:37.112 29841 29902 D UE4     : LogPluginManager: Mounting plugin AssetTags
08-17 13:20:37.116 29841 29902 D UE4     : LogPluginManager: Mounting plugin AudioSynesthesia
08-17 13:20:37.121 29841 29902 D UE4     : LogPluginManager: Mounting plugin ArchVisCharacter
08-17 13:20:37.125 29841 29902 D UE4     : LogPluginManager: Mounting plugin AudioCapture
08-17 13:20:37.129 29841 29902 D UE4     : LogPluginManager: Mounting plugin CableComponent
08-17 13:20:37.133 29841 29902 D UE4     : LogPluginManager: Mounting plugin ChunkDownloader
08-17 13:20:37.137  9989  9989 E adbd    : failed to connect to socket 'tcp:6666': Connection refused
08-17 13:20:37.138 29841 29902 D UE4     : LogPluginManager: Mounting plugin CustomMeshComponent
08-17 13:20:37.142 29841 29902 D UE4     : LogPluginManager: Mounting plugin ExampleDeviceProfileSelector
08-17 13:20:37.146 29841 29902 D UE4     : LogPluginManager: Mounting plugin EditableMesh
08-17 13:20:37.150 29841 29902 D UE4     : LogPluginManager: Mounting plugin GoogleCloudMessaging
08-17 13:20:37.153 29841 29902 D UE4     : LogPluginManager: Mounting plugin GooglePAD
08-17 13:20:37.157 29841 29902 D UE4     : LogPluginManager: Mounting plugin MobilePatchingUtils
08-17 13:20:37.161 29841 29902 D UE4     : LogPluginManager: Mounting plugin OpenXR
08-17 13:20:37.166 29841 29902 D UE4     : LogPluginManager: Mounting plugin LocationServicesBPLibrary
08-17 13:20:37.170 29841 29902 D UE4     : LogPluginManager: Mounting plugin OpenXRHandTracking
08-17 13:20:37.174 29841 29902 D UE4     : LogPluginManager: Mounting plugin OpenXREyeTracker
08-17 13:20:37.177 29841 29902 D UE4     : LogPluginManager: Mounting plugin ProceduralMeshComponent
08-17 13:20:37.181 29841 29902 D UE4     : LogPluginManager: Mounting plugin PhysXVehicles
08-17 13:20:37.186 29841 29902 D UE4     : LogPluginManager: Mounting plugin PropertyAccessEditor
08-17 13:20:37.191 29841 29902 D UE4     : LogPluginManager: Mounting plugin RuntimePhysXCooking
08-17 13:20:37.194 29841 29902 D UE4     : LogPluginManager: Mounting plugin SignificanceManager
08-17 13:20:37.198 29841 29902 D UE4     : LogPluginManager: Mounting plugin Synthesis
08-17 13:20:37.204 29841 29902 D UE4     : LogPluginManager: Mounting plugin SoundFields
08-17 13:20:37.208 29841 29902 D UE4     : LogPluginManager: Mounting plugin OnlineSubsystemGooglePlay
08-17 13:20:37.212 29841 29902 D UE4     : LogPluginManager: Mounting plugin OculusVR
08-17 13:20:37.273  1158  4032 D MotionRecognitionService: values = 100.0
08-17 13:20:37.273  1158  4032 D MotionRecognitionService: onReceive lux: 100.0  action: 
08-17 13:20:37.273  1158  4032 D MotionRecognitionService: Inject brightness form Cam 100.0
08-17 13:20:37.273  1158  4032 D MotionRecognitionService: Inject calibrated lux
08-17 13:20:37.303 29841 29902 D UE4     : LogInit: Using libcurl 7.75.0
08-17 13:20:37.303 29841 29902 D UE4     : LogInit:  - built for arm-unknown-linux-androideabi
08-17 13:20:37.303 29841 29902 D UE4     : LogInit:  - supports SSL with OpenSSL/1.1.1k
08-17 13:20:37.303 29841 29902 D UE4     : LogInit:  - supports HTTP deflate (compression) using libz 1.2.11
08-17 13:20:37.303 29841 29902 D UE4     : LogInit:  - other features:
08-17 13:20:37.303 29841 29902 D UE4     : LogInit:      CURL_VERSION_SSL
08-17 13:20:37.303 29841 29902 D UE4     : LogInit:      CURL_VERSION_LIBZ
08-17 13:20:37.303 29841 29902 D UE4     : LogInit:      CURL_VERSION_IPV6
08-17 13:20:37.303 29841 29902 D UE4     : LogInit:      CURL_VERSION_ASYNCHDNS
08-17 13:20:37.303 29841 29902 D UE4     : LogInit:      CURL_VERSION_LARGEFILE
08-17 13:20:37.303 29841 29902 D UE4     : LogInit:      CURL_VERSION_TLSAUTH_SRP
08-17 13:20:37.304 29841 29902 D UE4     : LogInit:  CurlRequestOptions (configurable via config and command line):
08-17 13:20:37.304 29841 29902 D UE4     : LogInit:  - bVerifyPeer = true  - Libcurl will verify peer certificate
08-17 13:20:37.304 29841 29902 D UE4     : LogInit:  - bUseHttpProxy = false  - Libcurl will NOT use HTTP proxy
08-17 13:20:37.304 29841 29902 D UE4     : LogInit:  - bDontReuseConnections = false  - Libcurl will reuse connections
08-17 13:20:37.304 29841 29902 D UE4     : LogInit:  - MaxHostConnections = 16  - Libcurl will limit the number of connections to a host
08-17 13:20:37.304 29841 29902 D UE4     : LogInit:  - LocalHostAddr = Default
08-17 13:20:37.304 29841 29902 D UE4     : LogInit:  - BufferSize = 65536
08-17 13:20:37.305 29841 29902 D UE4     : LogOnline: Display: OSS: OnlineSubsystemGooglePlayModule::StartupModule()
08-17 13:20:37.305 29841 29902 D UE4     : LogOnline: OSS: Creating online subsystem instance for: GooglePlay
08-17 13:20:37.305 29841 29902 D UE4     : LogOnline: Warning: OSS: FOnlineSubsystemGooglePlayModule was disabled
08-17 13:20:37.305 29841 29902 D UE4     : LogOnline: OSS: Unable to create OnlineSubsystem module GooglePlay
08-17 13:20:37.305 29841 29902 D UE4     : LogOnline: OSS: Creating online subsystem instance for: NULL
08-17 13:20:37.306 29841 29902 D UE4     : LogOnline: OSS: TryLoadSubsystemAndSetDefault: Loaded subsystem for module [NULL]
08-17 13:20:37.306 29841 29902 D UE4     : LogOnline: OSS: Creating online subsystem instance for: GooglePlay
08-17 13:20:37.306 29841 29902 D UE4     : LogOnline: Warning: OSS: FOnlineSubsystemGooglePlayModule was disabled
08-17 13:20:37.307 29841 29902 D UE4     : LogHMD: App is not packaged for Oculus Mobile
08-17 13:20:37.307 29841 29902 D UE4     : LogInit: Build: ++UE4+Release-4.27-CL-18319896
08-17 13:20:37.307 29841 29902 D UE4     : LogInit: Engine Version: 4.27.2-18319896+++UE4+Release-4.27
08-17 13:20:37.307 29841 29902 D UE4     : LogInit: Compatible Engine Version: 4.27.0-17155196+++UE4+Release-4.27
08-17 13:20:37.307 29841 29902 D UE4     : LogInit: Net CL: 17155196
08-17 13:20:37.307 29841 29902 D UE4     : LogInit: OS: Android (12), CPU: SM-G780G, GPU: Adreno (TM) 650
08-17 13:20:37.307 29841 29902 D UE4     : LogInit: Compiled (32-bit): Nov 30 2021 07:55:20
08-17 13:20:37.307 29841 29902 D UE4     : LogInit: Compiled with Clang: 9.0.8 (https://android.googlesource.com/toolchain/llvm-project e0caee08e5f09b374a27a676d04978c81fcb1928)
08-17 13:20:37.307 29841 29902 D UE4     : LogInit: Build Configuration: Development
08-17 13:20:37.307 29841 29902 D UE4     : LogInit: Branch Name: ++UE4+Release-4.27
08-17 13:20:37.307 29841 29902 D UE4     : LogInit: Command Line:   /Game/Maps/01testing -Messaging -SessionId=882589BC4F490D2E0FE6849135E54D56 -SessionOwner="Cameron" -SessionName="Launch On Device" -iterative
08-17 13:20:37.307 29841 29902 D UE4     : LogInit: Base Directory: 
08-17 13:20:37.307 29841 29902 D UE4     : LogInit: Allocator: binned
08-17 13:20:37.307 29841 29902 D UE4     : LogInit: Installed Engine Build: 0
08-17 13:20:37.307 29841 29902 D UE4     : LogDevObjectVersion: Number of dev versions registered: 29
08-17 13:20:37.307 29841 29902 D UE4     : LogDevObjectVersion:   Dev-Blueprints (B0D832E4-1F89-4F0D-ACCF-7EB736FD4AA2): 10
08-17 13:20:37.307 29841 29902 D UE4     : LogDevObjectVersion:   Dev-Build (E1C64328-A22C-4D53-A36C-8E866417BD8C): 0
08-17 13:20:37.307 29841 29902 D UE4     : LogDevObjectVersion:   Dev-Core (375EC13C-06E4-48FB-B500-84F0262A717E): 4
08-17 13:20:37.307 29841 29902 D UE4     : LogDevObjectVersion:   Dev-Editor (E4B068ED-F494-42E9-A231-DA0B2E46BB41): 40
08-17 13:20:37.308 29841 29902 D UE4     : LogDevObjectVersion:   Dev-Framework (CFFC743F-43B0-4480-9391-14DF171D2073): 37
08-17 13:20:37.308 29841 29902 D UE4     : LogDevObjectVersion:   Dev-Mobile (B02B49B5-BB20-44E9-A304-32B752E40360): 3
08-17 13:20:37.308 29841 29902 D UE4     : LogDevObjectVersion:   Dev-Networking (A4E4105C-59A1-49B5-A7C5-40C4547EDFEE): 0
08-17 13:20:37.308 29841 29902 D UE4     : LogDevObjectVersion:   Dev-Online (39C831C9-5AE6-47DC-9A44-9C173E1C8E7C): 0
08-17 13:20:37.308 29841 29902 D UE4     : LogDevObjectVersion:   Dev-Physics (78F01B33-EBEA-4F98-B9B4-84EACCB95AA2): 14
08-17 13:20:37.308 29841 29902 D UE4     : LogDevObjectVersion:   Dev-Platform (6631380F-2D4D-43E0-8009-CF276956A95A): 0
08-17 13:20:37.308 29841 29902 D UE4     : LogDevObjectVersion:   Dev-Rendering (12F88B9F-8875-4AFC-A67C-D90C383ABD29): 45
08-17 13:20:37.308 29841 29902 D UE4     : LogDevObjectVersion:   Dev-Sequencer (7B5AE74C-D270-4C10-A958-57980B212A5A): 13
08-17 13:20:37.308 29841 29902 D UE4     : LogDevObjectVersion:   Dev-VR (D7296918-1DD6-4BDD-9DE2-64A83CC13884): 3
08-17 13:20:37.308 29841 29902 D UE4     : LogDevObjectVersion:   Dev-LoadTimes (C2A15278-BFE7-4AFE-6C17-90FF531DF755): 1
08-17 13:20:37.308 29841 29902 D UE4     : LogDevObjectVersion:   Private-Geometry (6EACA3D4-40EC-4CC1-B786-8BED09428FC5): 3
08-17 13:20:37.308 29841 29902 D UE4     : LogDevObjectVersion:   Dev-AnimPhys (29E575DD-E0A3-4627-9D10-D276232CDCEA): 17
08-17 13:20:37.308 29841 29902 D UE4     : LogDevObjectVersion:   Dev-Anim (AF43A65D-7FD3-4947-9873-3E8ED9C1BB05): 15
08-17 13:20:37.308 29841 29902 D UE4     : LogDevObjectVersion:   Dev-ReflectionCapture (6B266CEC-1EC7-4B8F-A30B-E4D90942FC07): 1
08-17 13:20:37.308 29841 29902 D UE4     : LogDevObjectVersion:   Dev-Automation (0DF73D61-A23F-47EA-B727-89E90C41499A): 1
08-17 13:20:37.308 29841 29902 D UE4     : LogDevObjectVersion:   FortniteMain (601D1886-AC64-4F84-AA16-D3DE0DEAC7D6): 47
08-17 13:20:37.308 29841 29902 D UE4     : LogDevObjectVersion:   FortniteRelease (E7086368-6B23-4C58-8439-1B7016265E91): 1
08-17 13:20:37.308 29841 29902 D UE4     : LogDevObjectVersion:   Dev-Enterprise (9DFFBCD6-494F-0158-E221-12823C92A888): 10
08-17 13:20:37.308 29841 29902 D UE4     : LogDevObjectVersion:   Dev-Niagara (F2AED0AC-9AFE-416F-8664-AA7FFA26D6FC): 1
08-17 13:20:37.308 29841 29902 D UE4     : LogDevObjectVersion:   Dev-Destruction (174F1F0B-B4C6-45A5-B13F-2EE8D0FB917D): 10
08-17 13:20:37.308 29841 29902 D UE4     : LogDevObjectVersion:   Dev-Physics-Ext (35F94A83-E258-406C-A318-09F59610247C): 41
08-17 13:20:37.308 29841 29902 D UE4     : LogDevObjectVersion:   Dev-PhysicsMaterial-Chaos (B68FC16E-8B1B-42E2-B453-215C058844FE): 1
08-17 13:20:37.308 29841 29902 D UE4     : LogDevObjectVersion:   Dev-CineCamera (B2E18506-4273-CFC2-A54E-F4BB758BBA07): 1
08-17 13:20:37.308 29841 29902 D UE4     : LogDevObjectVersion:   Dev-VirtualProduction (64F58936-FD1B-42BA-BA96-7289D5D0FA4E): 1
08-17 13:20:37.308 29841 29902 D UE4     : LogDevObjectVersion:   Dev-MediaFramework (6F0ED827-A609-4895-9C91-998D90180EA4): 2
08-17 13:20:37.322 29841 29902 D UE4     : LogInit: Presizing for max 131072 objects, including 1 objects not considered by GC, pre-allocating 0 bytes for permanent pool.
08-17 13:20:37.323 29841 29902 D UE4     : LogConfig: Applying CVar settings from Section [/Script/Engine.StreamingSettings] File [../../../bird_away_2/Saved/Config/Android/Engine.ini]
08-17 13:20:37.323 29841 29902 D UE4     : LogConfig: Setting CVar [[s.MinBulkDataSizeForAsyncLoading:131072]]
08-17 13:20:37.323 29841 29902 D UE4     : LogConfig: Setting CVar [[s.AsyncLoadingThreadEnabled:0]]
08-17 13:20:37.324 29841 29902 D UE4     : LogConfig: Setting CVar [[s.EventDrivenLoaderEnabled:1]]
08-17 13:20:37.324 29841 29902 D UE4     : LogConfig: Setting CVar [[s.WarnIfTimeLimitExceeded:0]]
08-17 13:20:37.324 29841 29902 D UE4     : LogConfig: Setting CVar [[s.TimeLimitExceededMultiplier:1.5]]
08-17 13:20:37.324 29841 29902 D UE4     : LogConfig: Setting CVar [[s.TimeLimitExceededMinTime:0.005]]
08-17 13:20:37.324 29841 29902 D UE4     : LogConfig: Setting CVar [[s.UseBackgroundLevelStreaming:1]]
08-17 13:20:37.324 29841 29902 D UE4     : LogConfig: Setting CVar [[s.PriorityAsyncLoadingExtraTime:15.0]]
08-17 13:20:37.324 29841 29902 D UE4     : LogConfig: Setting CVar [[s.LevelStreamingActorsUpdateTimeLimit:5.0]]
08-17 13:20:37.324 29841 29902 D UE4     : LogConfig: Setting CVar [[s.PriorityLevelStreamingActorsUpdateExtraTime:5.0]]
08-17 13:20:37.324 29841 29902 D UE4     : LogConfig: Setting CVar [[s.LevelStreamingComponentsRegistrationGranularity:10]]
08-17 13:20:37.324 29841 29902 D UE4     : LogConfig: Setting CVar [[s.UnregisterComponentsTimeLimit:1.0]]
08-17 13:20:37.324 29841 29902 D UE4     : LogConfig: Setting CVar [[s.LevelStreamingComponentsUnregistrationGranularity:5]]
08-17 13:20:37.324 29841 29902 D UE4     : LogConfig: Setting CVar [[s.FlushStreamingOnExit:1]]
08-17 13:20:37.324 29841 29902 D UE4     : LogStreaming: Display: Async Loading initialized: Event Driven Loader: true, Async Loading Thread: false, Async Post Load: true
08-17 13:20:37.335 29841 29902 D UE4     : LogInit: Object subsystem initialized
08-17 13:20:37.337 29841 29902 D UE4     : LogConfig: Setting CVar [[con.DebugEarlyDefault:1]]
08-17 13:20:37.341 29841 29902 D UE4     : [2022.08.17-01.20.37:341][  0]LogConfig: Setting CVar [[con.DebugEarlyDefault:1]]
08-17 13:20:37.342 29841 29902 D UE4     : [2022.08.17-01.20.37:341][  0]LogConfig: Applying CVar settings from Section [/Script/Engine.RendererSettings] File [../../../bird_away_2/Saved/Config/Android/Engine.ini]
08-17 13:20:37.342 29841 29902 D UE4     : [2022.08.17-01.20.37:342][  0]LogConfig: Setting CVar [[r.GPUCrashDebugging:0]]
08-17 13:20:37.342 29841 29902 D UE4     : [2022.08.17-01.20.37:342][  0]LogConfig: Setting CVar [[r.Mobile.DisableVertexFog:1]]
08-17 13:20:37.342 29841 29902 D UE4     : [2022.08.17-01.20.37:342][  0]LogConfig: Setting CVar [[r.Shadow.CSM.MaxMobileCascades:2]]
08-17 13:20:37.342 29841 29902 D UE4     : [2022.08.17-01.20.37:342][  0]LogConfig: Setting CVar [[r.MobileMSAA:1]]
08-17 13:20:37.342 29841 29902 D UE4     : [2022.08.17-01.20.37:342][  0]LogConfig: Setting CVar [[r.Mobile.AllowDitheredLODTransition:0]]
08-17 13:20:37.342 29841 29902 D UE4     : [2022.08.17-01.20.37:342][  0]LogConfig: Setting CVar [[r.Mobile.AllowSoftwareOcclusion:0]]
