08-17 13:20:35.478  1091  1091 D SurfaceFlinger:  SOLID_COLOR |              | 0000 |  Unknown  |    0.0    0.0    0.0    0.0 |    3    8 1077   95 | Letterbox - left#1
08-17 13:20:35.478  1091  1091 D SurfaceFlinger:      DEVICE | 0xb400007a38014b60 | 0100 | RGBA_8888    |    0.0    0.0 1080.0 2312.0 |    3   95 1077 2392 | Splash Screen com.flygame.flygamex$_2415#0
08-17 13:20:35.478  1091  1091 D SurfaceFlinger:      DEVICE | 0xb400007a39a128d0 | 0100 | RGBA_8888    |    0.0    0.0 1080.0  144.0 |    0 2256 1080 2400 | NavigationBar0$_2415#0
08-17 13:20:35.478  1091  1091 D SurfaceFlinger:      DEVICE | 0xb400007a380143f0 | 0140 | RGBA_8888    |    0.0    0.0 1080.0  155.0 |    0    0 1080  155 | Scree
08-17 13:20:35.478  1091  1091 D SurfaceFlinger: nDecorOverlay$_2415#0
08-17 13:20:35.478  1091  1091 D SurfaceFlinger:      DEVICE | 0xb400007a38014690 | 0140 | RGBA_8888    |    0.0    0.0 1080.0  114.0 |    0 2286 1080 2400 | ScreenDecorOverlayBottom$_2415#0
08-17 13:20:35.478  1091  1091 D SurfaceFlinger: 
08-17 13:20:35.482  1158  3008 D MARsPolicyManager: onPackageResumedFG pkgName = com.flygame.flygamex, userId = 0
08-17 13:20:35.482  1158  3008 W WindowManager: Prepare app transition: mNextAppTransitionRequests=[TRANSIT_NONE, TRANSIT_CLOSE], mNextAppTransitionFlags=, displayId: 0 Callers=com.android.server.wm.DisplayContent.prepareAppTransition:6369 com.android.server.wm.DisplayContent.prepareAppTransition:6364 com.android.server.wm.Task.resumeTopActivityInnerLocked:8375 com.android.server.wm.Task.resumeTopActivityInnerLocked:8118 com.android.server.wm.Task.resumeTopActivityUncheckedLocked:8016 
08-17 13:20:35.482  1158  3008 W ActivityTaskManager: Tried to set launchTime (0) < mLastActivityLaunchTime (81792196)
08-17 13:20:35.483  1158  3008 D TspStateManager: updateCustomValue customSetting=
08-17 13:20:35.484  1158  3008 D TspStateManager: updateCustomValue customSetting=
08-17 13:20:35.484  1158  3008 D SGM:PkgDataHelper: notifyAppCreate(), pkgName: com.flygame.flygamex, userId: 0, sendRet: true
08-17 13:20:35.484  1158  2186 D SGM:GameManager: onLooperPrepared(), msg: MSG_APP_CREATE, pkgName: com.flygame.flygamex, userId: 0
08-17 13:20:35.485  1158  3008 D InputDispatcher: Focused application set to (0): 4a28349
08-17 13:20:35.486  1158  3008 W WindowManager: Execute app transition: mNextAppTransitionRequests=[TRANSIT_NONE, TRANSIT_CLOSE], mNextAppTransitionFlags=, displayId: 0 Callers=com.android.server.wm.RootWindowContainer.executeAppTransitionForAllDisplay:2706 com.android.server.wm.ActivityTaskSupervisor.reportResumedActivityLocked:2252 com.android.server.wm.ActivityRecord.completeResumeLocked:6354 com.android.server.wm.Task.minimalResumeActivityLocked:7446 com.android.server.wm.ActivityTaskSupervisor.realStartActivityLocked:1162 
08-17 13:20:35.491  1158  1158 I CocktailBarManagerServiceContainer: handleMessage: entry what = 6
08-17 13:20:35.491  1158  1158 I CocktailBarManagerServiceImpl: notePauseComponent : no active host
08-17 13:20:35.491  1158  1546 D SGM:GameManager: notePauseComponent(), received pkgName: com.flygame.flygamex, userId: 0
08-17 13:20:35.492  1158  1546 I GameSDK@LifeCycle: noteResumeComponent(): package name  : com.flygame.flygamex
08-17 13:20:35.492  1158  1158 I CocktailBarManagerServiceContainer: handleMessage: entry what = 5
08-17 13:20:35.492  1158  1158 I CocktailBarManagerServiceImpl: noteResumeComponent : no active host
08-17 13:20:35.494  1158  3797 I MediaSessionMonitor: Media session stopped : controllerList empty
08-17 13:20:35.495  1158  1546 D SGM:GameManager: noteResumeComponent(), received pkgName: com.flygame.flygamex, userId: 0
08-17 13:20:35.495  1158  2186 D SGM:GameManager: onLooperPrepared(), msg: MSG_APP_RESUME, pkgName: com.flygame.flygamex, userid: 0
08-17 13:20:35.495  1158  2186 D SGM:GameManager: handleResume().
08-17 13:20:35.495  1158  2186 D SGM:GameManager: sendFocusOutConditionally() - mPrevNotiPkg: (unknown), userId: 0
08-17 13:20:35.495  1158  2186 D SGM:GameManager:   handleResume(). pkgName: com.flygame.flygamex, userId: 0, isTunableApp: null
08-17 13:20:35.495  1158  2186 D SGM:GameManager: notifyFocusInOut(). of pkg: com.flygame.flygamex, type: 4, isMinimized: false, isTunableApp: false, userId: 0
08-17 13:20:35.495  1158  2186 D SGM:GameManager:   notifyFocusInOut(). unexpected mPrevNotiType: -1
08-17 13:20:35.495  1158  2186 D SGM:NetworkLimit: callRelease
08-17 13:20:35.495  1158  2186 D SGM:SystemHelper: callReleaseBlock needReleaseBlock:false
08-17 13:20:35.502   974  7850 I sensors-hal: handle_sns_std_sensor_event:206, Phy Lux 8 Cam Lux 100, br 123
08-17 13:20:35.502   974  7850 I sensors-hal: handle_sns_std_sensor_event:213, [SSC_LIGHT] P: 8(8),m:1,a:807,b:43,c:311,d:15,ag:11,dg:1024,it:384,br:123
08-17 13:20:35.524  1158  2475 V MdnieScenarioControlService: mAclOffEnabled : false mAclPreviewState : false mAclCompensationState : false
08-17 13:20:35.543  1158  2275 I SemWifiServiceDetector: Traff. tracking resumed
08-17 13:20:35.568  1158  1547 I WindowManager: Reparenting to original parent: Surface(name=DefaultTaskDisplayArea)/@0xe0b258d, destroy=true, surface=Surface(name=Task=1)/@0x4581ed7
08-17 13:20:35.569  1158  1547 V WindowManager: Setting visibility of Window{baa2767 u0 com.sec.android.app.launcher/com.sec.android.app.launcher.activities.LauncherActivity}: false, caller=com.android.server.wm.WindowContainer.sendAppVisibilityToClients:1104 com.android.server.wm.WindowToken.setClientVisible:448 com.android.server.wm.ActivityRecord.setClientVisible:7027 com.android.server.wm.ActivityRecord.onAnimationFinished:7914 com.android.server.wm.WindowContainer.doAnimationFinished:3101 
08-17 13:20:35.570  2956  2956 I ViewRootImpl@816d591[LauncherActivity]: handleAppVisibility mAppVisible=true visible=false
08-17 13:20:35.570  1158  1547 V WindowManager: Setting visibility of Window{4ded2f4 u0 com.android.systemui.ImageWallpaper}: false, caller=com.android.server.wm.WindowContainer.sendAppVisibilityToClients:1104 com.android.server.wm.WindowToken.setClientVisible:448 com.android.server.wm.WallpaperWindowToken.setVisible:162 com.android.server.wm.WallpaperWindowToken.updateWallpaperWindows:157 com.android.server.wm.WallpaperController.updateWallpaperTokens:672 
08-17 13:20:35.570  2415  2624 D WallpaperService: dispatchAppVisibility onVisibilityChanged(): false
08-17 13:20:35.571  2415  2415 D WallpaperService: reportVisibility onVisibilityChanged visible: false
08-17 13:20:35.571  2415  2622 I ImageWallpaper:  onVisibilityChanged false , 0
08-17 13:20:35.572  1158  1547 I WindowManager: Reparenting to original parent: Surface(name=DefaultTaskDisplayArea)/@0xe0b258d, destroy=true, surface=Surface(name=Task=215)/@0xc7250b4
08-17 13:20:35.573  1158  1547 V WindowManager: rotationForOrientation(orient=SCREEN_ORIENTATION_SENSOR_LANDSCAPE (6), last=ROTATION_0 (0)); user=ROTATION_0 (0) USER_ROTATION_LOCKED
08-17 13:20:35.573  1158  1547 D WindowManager: rotationForOrientation, orientationSource=ActivityRecord{4a28349 u0 com.flygame.flygamex/com.epicgames.ue4.GameActivity t215}
08-17 13:20:35.573  1158  1547 V WindowManager: Computed rotation=ROTATION_90 (1) for display id=0 based on lastOrientation=SCREEN_ORIENTATION_SENSOR_LANDSCAPE (6) and oldRotation=ROTATION_0 (0), caller=com.android.server.wm.DisplayRotation.updateOrientation:407 com.android.server.wm.DisplayContent.continueUpdateOrientationForDiffOrienLaunchingApp:2187 com.android.server.wm.DisplayContent$FixedRotationTransitionListener.onAppTransitionFinishedLocked:7609 com.android.server.wm.AppTransition.notifyAppTransitionFinishedLocked:558 com.android.server.wm.ActivityRecord.onAnimationFinished:7948 com.android.server.wm.WindowContainer.doAnimationFinished:3101 
08-17 13:20:35.574  1158  1547 D PhoneWindowManagerExt: setRotation: rotation=1
08-17 13:20:35.574  1158  1547 D PhoneWindowManagerExt: mSemRotationBooster.acquire()
08-17 13:20:35.574  1158  1547 I SemDvfsHyPerManager: acquire hyper - PWM_ROTATION/1158@41, type = -999
08-17 13:20:35.574   978  1028 I HYPER-HAL: [RequestManager.cpp]acquire(): Acquired ID : 719441  [1158 / 41]    HINT : PWM_ROTATION    list : 
08-17 13:20:35.575  1158  8976 I AudioManager: setParameters keyValuePairs = g_hw_display_rotation=1
08-17 13:20:35.575  1158 29882 D TspStateManager: update cmd=set_grip_data,2,1,45,15,25,25,47,47
08-17 13:20:35.576  1091  1091 I Layer   : id=23158 removedFromDrawingState Surface(name=Task=1)/@0x4581ed7 - animation-leash of app_transition#0 (117)
08-17 13:20:35.576  1091  1091 I SurfaceFlinger: id=23158 Removed Surface(name=Task=1)/@0x4581ed7 - animation-leash of app_transition#0 (117)
08-17 13:20:35.577  1091  1091 I Layer   : id=23158 Destroyed Surface(name=Task=1)/@0x4581ed7 - animation-leash of app_transition#0
08-17 13:20:35.578  6486  6491 V sec_audio_hw: sec_dev_set_parameters : g_hw_display_rotation=1
08-17 13:20:35.578  6486  6491 D audio_hw_primary: adev_set_parameters: enter: g_hw_display_rotation=1
08-17 13:20:35.578  6486  6491 D audio_hw_hfp: hfp_set_parameters: enter
08-17 13:20:35.578  6486  6491 D audio_hw_sec: sec_update_soundbooster_rotation_info: 3
08-17 13:20:35.578  6486  6491 D audio_hw_extn: audio_extn_fm_set_parameters: Enter
08-17 13:20:35.578  6486  6491 D audio_hw_primary: adev_set_parameters: exit with code(0)
08-17 13:20:35.579  1091  1091 D SurfaceFlinger: Display 4630947232161729153 HWC layers:
08-17 13:20:35.579  1091  1091 D SurfaceFlinger:  SOLID_COLOR |              | 0000 |  Unknown  |    0.0    0.0    0.0    0.0 |    0    0 1080   88 | Letterbox - left#1
08-17 13:20:35.579  1091  1091 D SurfaceFlinger:      DEVICE | 0xb400007a38014b60 | 0100 | RGBA_8888    |    0.0    0.0 1080.0 2312.0 |    0   88 1080 2400 | Splash Screen com.flygame.flygamex$_2415#0
08-17 13:20:35.579  1091  1091 D SurfaceFlinger:      DEVICE | 0xb400007a39a128d0 | 0100 | RGBA_8888    |    0.0    0.0 1080.0  144.0 |    0 2256 1080 2400 | NavigationBar0$_2415#0
08-17 13:20:35.579  1091  1091 D SurfaceFlinger:      DEVICE | 0xb400007a380143f0 | 0140 | RGBA_8888    |    0.0    0.0 1080.0  155.0 |    0    0 1080  155 | ScreenDecorOverlay$_2415#0
08-17 13:20:35.579  1091  1091 D SurfaceFlinger:      DEVICE | 0xb400007a38014690 | 0140 | RGBA_8888    |    0.0    0.0 1080.0  114.0 |    0 2286 1080 2400 | ScreenDecorOverlayBottom$_2415#0
08-17 13:20:35.579  1091  1091 D SurfaceFlinger: 
08-17 13:20:35.585  1091  1091 I Layer   : id=23159 removedFromDrawingState Surface(name=Task=215)/@0xc7250b4 - animation-leash of app_transition#0 (116)
08-17 13:20:35.585  1091  1091 I SurfaceFlinger: id=23159 Removed Surface(name=Task=215)/@0xc7250b4 - animation-leash of app_transition#0 (116)
08-17 13:20:35.585  1091  1091 I Layer   : id=23159 Destroyed Surface(name=Task=215)/@0xc7250b4 - animation-leash of app_transition#0
08-17 13:20:35.591  1158  1546 D TspStateManager: updateCustomValue customSetting=
08-17 13:20:35.592  1158  1546 D TspStateManager: updateCustomValue customSetting=
08-17 13:20:35.594  1158  1546 D TspStateManager: updateCustomValue customSetting=
08-17 13:20:35.594  1158  1546 I ActivityTaskManager: Config changes=20000480 {0.9 530mcc1mnc [en_NZ] ldltr sw360dp w722dp h336dp 480dpi nrml long land night finger -keyb/v/h -nav/h winConfig={ mBounds=Rect(0, 0 - 2400, 1080) mAppBounds=Rect(88, 0 - 2256, 1080) mMaxBounds=Rect(0, 0 - 2400, 1080) mWindowingMode=fullscreen mDisplayWindowingMode=fullscreen mActivityType=undefined mAlwaysOnTop=undefined mRotation=ROTATION_90 mPopOver=undefined mFreeformTaskPinningState=undefined} s.8568 fontWeightAdjustment=0 ff=0 bf=0 bts=0 desktop/d dm/n ?dc ?dcui ?dcaf enb/d themeSeq=0}
08-17 13:20:35.596  1158  3532 W NetlinkSocket: maximum read
08-17 13:20:35.598  1158  3532 W NetlinkSocket: maximum read
08-17 13:20:35.598  1158  3532 W NetlinkSocket: maximum read
08-17 13:20:35.598  1158  3532 W NetlinkSocket: maximum read
08-17 13:20:35.599 29841 29841 D UE4     : dlopen failed: library "libheapprofd_standalone_client.so" not found
08-17 13:20:35.599  1158  3532 W NetlinkSocket: maximum read
08-17 13:20:35.599  1158  3532 W NetlinkSocket: maximum read
08-17 13:20:35.600  1158  3532 W NetlinkSocket: maximum read
08-17 13:20:35.600  1158  3532 W NetlinkSocket: maximum read
08-17 13:20:35.600  1158  3532 W NetlinkSocket: maximum read
08-17 13:20:35.600  1158  3532 W NetlinkSocket: maximum read
08-17 13:20:35.601  1158  3532 W NetlinkSocket: maximum read
08-17 13:20:35.601  1158  3532 W NetlinkSocket: maximum read
08-17 13:20:35.601  1158  3532 W NetlinkSocket: maximum read
08-17 13:20:35.602  1158  3532 W NetlinkSocket: maximum read
08-17 13:20:35.602  1158  3532 W NetlinkSocket: maximum read
08-17 13:20:35.603  1158  3532 W NetlinkSocket: maximum read
08-17 13:20:35.605  4799  4799 D SUI_service: onConfigurationChanged, old dpi=480, new dpi=480
08-17 13:20:35.606  5489  5489 I Berry_Application: onConfigurationChanged()
08-17 13:20:35.607 29841 29841 D UE4     : Used memory before allocating anything was 95.17MB
08-17 13:20:35.609  1158  3532 W NetlinkSocket: maximum read
08-17 13:20:35.610  1158  3532 W NetlinkSocket: maximum read
08-17 13:20:35.610  1158  3532 W NetlinkSocket: maximum read
08-17 13:20:35.611  1158  3532 W NetlinkSocket: maximum read
08-17 13:20:35.611  1158  1546 I WindowManager: Override config changes=20000480 {0.9 530mcc1mnc [en_NZ] ldltr sw360dp w722dp h336dp 480dpi nrml long land night finger -keyb/v/h -nav/h winConfig={ mBounds=Rect(0, 0 - 2400, 1080) mAppBounds=Rect(88, 0 - 2256, 1080) mMaxBounds=Rect(0, 0 - 2400, 1080) mWindowingMode=fullscreen mDisplayWindowingMode=fullscreen mActivityType=undefined mAlwaysOnTop=undefined mRotation=ROTATION_90 mPopOver=undefined mFreeformTaskPinningState=undefined} s.8568 fontWeightAdjustment=0 ff=0 bf=0 bts=0 desktop/d dm/n ?dc ?dcui ?dcaf enb/d themeSeq=0} for displayId=0
08-17 13:20:35.612  1158  1546 I WindowManager: Cancelling animation restarting=false, leash=Surface(name=Surface(name=9140b98 NavigationBar0)/@0x5f95dbb - animation-leash of insets_animation)/@0x5e1c1c3
08-17 13:20:35.612  1158  1546 I WindowManager: Reparenting to original parent: Surface(name=WindowToken{8dcc17b android.os.BinderProxy@fd23175})/@0xf5e12d8, destroy=false, surface=Surface(name=9140b98 NavigationBar0)/@0x5f95dbb
08-17 13:20:35.612  1158  1546 D WindowManager: markForSeamlessRotation, seamlesslyRotated=true, w=Window{9140b98 u0 NavigationBar0}, caller=com.android.server.wm.WindowState.seamlesslyRotateIfAllowed:1084 com.android.server.wm.DisplayContent.lambda$applyRotation$12:2374 com.android.server.wm.DisplayContent$$ExternalSyntheticLambda18.accept:10 
08-17 13:20:35.612  1158  1546 I WindowManager: Cancelling animation restarting=false, leash=Surface(name=Surface(name=719d3ce StatusBar)/@0xca0cef2 - animation-leash of insets_animation)/@0xe14b71f
08-17 13:20:35.612  1158  1546 I WindowManager: Reparenting to original parent: Surface(name=WindowToken{2f450c9 android.os.BinderProxy@11b1093})/@0x7728bc0, destroy=false, surface=Surface(name=719d3ce StatusBar)/@0xca0cef2
08-17 13:20:35.613  1158  1546 D WindowManager: markForSeamlessRotation, seamlesslyRotated=true, w=Window{719d3ce u0 StatusBar}, caller=com.android.server.wm.WindowState.seamlesslyRotateIfAllowed:1084 com.android.server.wm.DisplayContent.lambda$applyRotation$12:2374 com.android.server.wm.DisplayContent$$ExternalSyntheticLambda18.accept:10 
08-17 13:20:35.613  1158  1546 D SurfaceControl: setDisplayProjection, displayToken=android.os.BinderProxy@27dd88b, orientation=1, layerStackRect=Rect(0, 0 - 2400, 1080), displayRect=Rect(0, 0 - 2400, 1080)
08-17 13:20:35.614  1158  1546 D WindowManager: setFixedRotationLaunchingAppUnchecked, rotation=-1, r=null, caller=com.android.server.wm.DisplayContent.setFixedRotationLaunchingAppUnchecked:2111 com.android.server.wm.DisplayContent.applyRotationAndFinishFixedRotation:7220 com.android.server.wm.DisplayContent.onRequestedOverrideConfigurationChanged:7195 com.android.server.wm.DisplayContent.performDisplayOverrideConfigUpdate:7087 com.android.server.wm.RootWindowContainer.dispatchConfigurationToChild:790 
08-17 13:20:35.616  1158  3532 W NetlinkSocket: maximum read
08-17 13:20:35.620  1158  1546 D CompatibilityChangeReporter: Compat change id reported: 174042980; UID 1000; state: DISABLED
08-17 13:20:35.622  1158  3532 W NetlinkSocket: maximum read
08-17 13:20:35.623  4176  4176 I DeviceModeUtil: DeviceModeUtil.getDeviceMode():121 Get device mode phone by ui mode:1 and smallestScreenWidthDp:360
08-17 13:20:35.623  1158  1546 D TspStateManager: updateCustomValue customSetting=
08-17 13:20:35.624  1158  1546 I MultiTaskingController: onConfigurationChangedLocked: display#0, configChanges=0x20000480, scaleW=2.2222223, scaleH=0.45, prevScreenBounds=Rect(0, 88 - 0, 144), nextScreenBounds=Rect(0, 0 - 2400, 1080)
08-17 13:20:35.625  1158  1546 I DecorCaptionResources: updateDisplayMetrics: base config={0.9 530mcc1mnc [en_NZ] ldltr sw360dp w722dp h336dp 480dpi nrml long land night finger -keyb/v/h -nav/h winConfig={ mBounds=Rect(0, 0 - 2400, 1080) mAppBounds=Rect(88, 0 - 2256, 1080) mMaxBounds=Rect(0, 0 - 2400, 1080) mWindowingMode=fullscreen mDisplayWindowingMode=fullscreen mActivityType=undefined mAlwaysOnTop=undefined mRotation=ROTATION_90 mPopOver=undefined mFreeformTaskPinningState=undefined} as.2 s.8646 fontWeightAdjustment=0 ff=0 bf=0 bts=0 desktop/d dm/n ?dc ?dcui ?dcaf enb/d themeSeq=0}
08-17 13:20:35.625  1158  1546 I DecorCaptionResources: updateDisplayMetrics: density=3.0
08-17 13:20:35.625  1158  1546 I DecorCaptionResources: updateDisplayMetrics: packageName=android, dsf=1.0
08-17 13:20:35.625  1158  1546 I DecorCaptionResources: updateDisplayMetrics: dst=3.0, sdst=3.0
08-17 13:20:35.625  1158  1546 I DecorCaptionResources: Success. Get locale information from system: en_NZ
08-17 13:20:35.625  4176  4176 W GoogleInputMethodService: GoogleInputMethodService.onConfigurationChanged():1643 onConfigurationChanged() : NewConfig = {0.9 530mcc1mnc [en_NZ] ldltr sw360dp w722dp h336dp 480dpi nrml long land night finger -keyb/v/h -nav/h winConfig={ mBounds=Rect(0, 0 - 2400, 1080) mAppBounds=Rect(88, 0 - 2256, 1080) mMaxBounds=Rect(0, 0 - 2400, 1080) mWindowingMode=fullscreen mDisplayWindowingMode=fullscreen mActivityType=undefined mAlwaysOnTop=undefined mRotation=ROTATION_90 mPopOver=undefined mFreeformTaskPinningState=undefined} s.8648 fontWeightAdjustment=0 ff=0 bf=0 bts=0 desktop/d dm/n ?dc ?dcui ?dcaf enb/d themeSeq=0}
08-17 13:20:35.626  1158  1546 I SemDvfsHyPerManager: acquire hyper - AMS_RELAUNCH_RESUME/1158@42, type = -999
08-17 13:20:35.626  1158  1546 D ActivityManagerPerformance: AMP_acquire() RELAUNCH_RESUME
08-17 13:20:35.626   978  1028 I HYPER-HAL: [RequestManager.cpp]acquire(): Acquired ID : 720642  [1158 / 42]    HINT : AMS_RELAUNCH_RESUME    list : 
08-17 13:20:35.627  4176  4176 I AbstractOpenableExtension: AbstractOpenableExtension.maybeDestroyExistingKeyboardGroupManager():512 Destroy existing keyboard group manager in eas
08-17 13:20:35.629  4176  4176 I AbstractOpenableExtension: AbstractOpenableExtension.createKeyboardGroupManagerListenableFuture():124 Create keyboard group manager listenable future in eas
08-17 13:20:35.630  4176  4176 I AbstractOpenableExtension: AbstractOpenableExtension.maybeDestroyExistingKeyboardGroupManager():512 Destroy existing keyboard group manager in cni
08-17 13:20:35.630  4176  4176 I AbstractOpenableExtension: AbstractOpenableExtension.createKeyboardGroupManagerListenableFuture():124 Create keyboard group manager listenable future in cni
08-17 13:20:35.631  4176  4176 I AbstractOpenableExtension: AbstractOpenableExtension.maybeDestroyExistingKeyboardGroupManager():512 Destroy existing keyboard group manager in dzg
08-17 13:20:35.631  4176  4176 I AbstractOpenableExtension: AbstractOpenableExtension.createKeyboardGroupManagerListenableFuture():124 Create keyboard group manager listenable future in dzg
08-17 13:20:35.631  2415  5015 I ViewRootImpl@df58905[flygamex]: Resizing android.view.ViewRootImpl@ecab081: frame=[88,0][2400,1080] reportDraw=false forceLayout=true backDropFrame=Rect(0, 0 - 2312, 1080)
08-17 13:20:35.631  2415  5015 I ViewRootImpl@e049443[NavigationBar0]: Resizing android.view.ViewRootImpl@414dd35: frame=[2256,0][2400,1080] reportDraw=true forceLayout=true backDropFrame=Rect(0, 0 - 144, 1080)
08-17 13:20:35.631  2415  2624 I ViewRootImpl@520a5fd[ScreenDecorOverlay]: Resizing android.view.ViewRootImpl@812f875: frame=[0,0][2400,155] reportDraw=true forceLayout=true backDropFrame=Rect(0, 0 - 2400, 155)
08-17 13:20:35.631  2415  2435 I ViewRootImpl@b2bf3c7[StatusBar]: Resizing android.view.ViewRootImpl@10f936c: frame=[0,0][2400,88] reportDraw=true forceLayout=true backDropFrame=Rect(0, 0 - 2400, 88)
08-17 13:20:35.631  2415  5015 I ViewRootImpl@4c086d[ScreenDecorOverlayBottom]: Resizing android.view.ViewRootImpl@6da5926: frame=[0,966][2400,1080] reportDraw=true forceLayout=true backDropFrame=Rect(0, 0 - 2400, 114)
08-17 13:20:35.631  2415  3466 I ViewRootImpl@520a5fd[ScreenDecorOverlay]: handleResized, msg = 5 frames=ClientWindowFrames{frame=[0,0][2400,155] display=[0,0][2400,1080] backdrop=[0,0][2400,155]} forceNextWindowRelayout=true displayId=0 frameChanged=true backdropFrameChanged=true configChanged=true displayChanged=false mNextDrawUseBlastSync=false mergedConfiguration={mGlobalConfig={0.9 530mcc1mnc [en_NZ] ldltr sw360dp w722dp h336dp 480dpi nrml long land night finger -keyb/v/h -nav/h winConfig={ mBounds=Rect(0, 0 - 2400, 1080) mAppBounds=Rect(88, 0 - 2256, 1080) mMaxBounds=Rect(0, 0 - 2400, 1080) mWindowingMode=fullscreen mDisplayWindowingMode=fullscreen mActivityType=undefined mAlwaysOnTop=undefined mRotation=ROTATION_90 mPopOver=undefined mFreeformTaskPinningState=undefined} s.8569 fontWeightAdjustment=0 ff=0 bf=0 bts=0 desktop/d dm/n ?dc ?dcui ?dcaf enb/d themeSeq=0} mOverrideConfig={0.9 530mcc1mnc [en_NZ] ldltr sw360dp w722dp h336dp 480dpi nrml long land night finger -keyb/v/h -nav/h winConfig={ mBounds=Rect(0, 0 - 2400, 1080) mAppBounds=Rect(88, 0 - 2256, 1080) mMaxBounds=Rect(0, 0 - 2400, 1080) mWindowingMode=fullscreen mDisplayWindowingMode=fullscreen mActivityType=undefined mAlwaysOnTop=undefined mRotation=ROTATION_90 mPopOver=undefined mFreeformTaskPinningState=undefined} s.8568 fontWeightAdjustment=0 ff=0 bf=0 bts=0 desktop/d dm/n ?dc ?dcui ?dcaf enb/d themeSeq=0}}
08-17 13:20:35.632  4176  4176 I AbstractOpenableExtension: AbstractOpenableExtension.maybeDestroyExistingKeyboardGroupManager():512 Destroy existing keyboard group manager in ecd
08-17 13:20:35.632  4176  4176 I AbstractOpenableExtension: AbstractOpenableExtension.createKeyboardGroupManagerListenableFuture():124 Create keyboard group manager listenable future in ecd
08-17 13:20:35.632  4176  4176 I DeviceModeUtil: DeviceModeUtil.getDeviceMode():121 Get device mode phone by ui mode:1 and smallestScreenWidthDp:360
08-17 13:20:35.633  2415  3466 I ViewRootImpl@520a5fd[ScreenDecorOverlay]: [DP] dp(1) 0 android.view.ViewRootImpl.reportNextDraw:11387 android.view.ViewRootImpl.handleResized:2222 android.view.ViewRootImpl.access$1200:294 
08-17 13:20:35.633  2415  3466 I ViewRootImpl@4c086d[ScreenDecorOverlayBottom]: handleResized, msg = 5 frames=ClientWindowFrames{frame=[0,966][2400,1080] display=[0,0][2400,1080] backdrop=[0,0][2400,114]} forceNextWindowRelayout=true displayId=0 frameChanged=true backdropFrameChanged=true configChanged=true displayChanged=false mNextDrawUseBlastSync=false mergedConfiguration={mGlobalConfig={0.9 530mcc1mnc [en_NZ] ldltr sw360dp w722dp h336dp 480dpi nrml long land night finger -keyb/v/h -nav/h winConfig={ mBounds=Rect(0, 0 - 2400, 1080) mAppBounds=Rect(88, 0 - 2256, 1080) mMaxBounds=Rect(0, 0 - 2400, 1080) mWindowingMode=fullscreen mDisplayWindowingMode=fullscreen mActivityType=undefined mAlwaysOnTop=undefined mRotation=ROTATION_90 mPopOver=undefined mFreeformTaskPinningState=undefined} s.8569 fontWeightAdjustment=0 ff=0 bf=0 bts=0 desktop/d dm/n ?dc ?dcui ?dcaf enb/d themeSeq=0} mOverrideConfig={0.9 530mcc1mnc [en_NZ] ldltr sw360dp w722dp h336dp 480dpi nrml long land night finger -keyb/v/h -nav/h winConfig={ mBounds=Rect(0, 0 - 2400, 1080) mAppBounds=Rect(88, 0 - 2256, 1080) mMaxBounds=Rect(0, 0 - 2400, 1080) mWindowingMode=fullscreen mDisplayWindowingMode=fullscreen mActivityType=undefined mAlwaysOnTop=undefined mRotation=ROTATION_90 mPopOver=undefined mFreeformTaskPinningState=undefined} s.8568 fontWeightAdjustment=0 ff=0 bf=0 bts=0 desktop/d dm/n ?dc ?dcui ?dcaf enb/d themeSeq=0}}
08-17 13:20:35.633  2415  3466 I ViewRootImpl@4c086d[ScreenDecorOverlayBottom]: [DP] dp(1) 0 android.view.ViewRootImpl.reportNextDraw:11387 android.view.ViewRootImpl.handleResized:2222 android.view.ViewRootImpl.access$1200:294 
08-17 13:20:35.633  4176  4176 I NormalModeController: NormalModeController.getKeyboardBodyViewHolderPaddingBottom():111 currentPrimeKeyboardType:SOFT systemPaddingBottom:-1
08-17 13:20:35.634  1158  3008 V WindowManager: Relayout Window{baa2767 u0 com.sec.android.app.launcher/com.sec.android.app.launcher.activities.LauncherActivity}: viewVisibility=8 req=1080x2400 d0
08-17 13:20:35.635  1091  1091 I Layer   : id=23145 removedFromDrawingState Surface(name=9140b98 NavigationBar0)/@0x5f95dbb - animation-leash of insets_animation#0 (115)
08-17 13:20:35.635  1091  1091 I Layer   : id=23147 removedFromDrawingState Surface(name=719d3ce StatusBar)/@0xca0cef2 - animation-leash of insets_animation#0 (115)
08-17 13:20:35.635  2415  2575 V ViewRootImpl@df58905[flygamex]: updateAppliedLetterboxDirection, direction=1, Caller=android.view.ViewRootImpl.handleDispatchLetterboxDirectionChanged:12740
08-17 13:20:35.635  2415  2575 I ViewRootImpl@df58905[flygamex]: handleResized, msg = 4 frames=ClientWindowFrames{frame=[88,0][2400,1080] display=[88,0][2400,1080] backdrop=[0,0][2312,1080]} forceNextWindowRelayout=true displayId=0 frameChanged=false backdropFrameChanged=false configChanged=false displayChanged=false mNextDrawUseBlastSync=false mergedConfiguration={mGlobalConfig={0.9 530mcc1mnc [en_NZ] ldltr sw360dp w722dp h336dp 480dpi nrml long land night finger -keyb/v/h -nav/h winConfig={ mBounds=Rect(0, 0 - 2400, 1080) mAppBounds=Rect(88, 0 - 2256, 1080) mMaxBounds=Rect(0, 0 - 2400, 1080) mWindowingMode=fullscreen mDisplayWindowingMode=fullscreen mActivityType=undefined mAlwaysOnTop=undefined mRotation=ROTATION_90 mPopOver=undefined mFreeformTaskPinningState=undefined} s.8569 fontWeightAdjustment=0 ff=0 bf=0 bts=0 desktop/d dm/n ?dc ?dcui ?dcaf enb/d themeSeq=0} mOverrideConfig={0.9 530mcc1mnc [en_NZ] ldltr sw360dp w722dp h336dp 480dpi nrml long land night finger -keyb/v/h -nav/h winConfig={ mBounds=Rect(0, 0 - 2400, 1080) mAppBounds=Rect(88, 0 - 2256, 1080) mMaxBounds=Rect(0, 0 - 2400, 1080) mWindowingMode=fullscreen mDisplayWindowingMode=fullscreen mActivityType=standard mAlwaysOnTop=undefined mRotation=ROTATION_90 mPopOver=off mFreeformTaskPinningState=unpinned} s.3 fontWeightAdjustment=0 ff=0 bf=0 bts=0 desktop/d dm/n dc/d ?dcui ?dcaf enb/d themeSeq=0}}
08-17 13:20:35.636  1158  3008 V WindowManager: Relayout hash=baa2767, pid=2956: mAttrs={(0,0)(fillxfill) sim={adjust=nothing} layoutInDisplayCutoutMode=shortEdges ty=BASE_APPLICATION fmt=TRANSPARENT wanim=0x10302f2
08-17 13:20:35.636  1158  3008 V WindowManager:   fl=81910100
08-17 13:20:35.636  1158  3008 V WindowManager:   pfl=1e020040
08-17 13:20:35.636  1158  3008 V WindowManager:   vsysui=1700
08-17 13:20:35.636  1158  3008 V WindowManager:   bhv=SHOW_TRANSIENT_BARS_BY_SWIPE
08-17 13:20:35.636  1158  3008 V WindowManager:   fitSides= naviIconColor=0}
08-17 13:20:35.637  2415  2415 W Bubbles : update positioner: rotation: 1 insets: Insets{left=88, top=72, right=144, bottom=0} isLargeScreen: false bounds: Rect(0, 0 - 2400, 1080) showingInTaskbar: false
08-17 13:20:35.637  2415  2415 D LockscreenNotificationManager: Orientation updated : 2
08-17 13:20:35.637  2415  2415 V Navbar.Store: handleEvent [EventType] ON_CONFIG_CHANGED [Module] NavigationBarController  KEYS_CONFIGURATION={0.9 530mcc1mnc [en_NZ] ldltr sw360dp w722dp h336dp 480dpi nrml long land night finger -keyb/v/h -nav/h winConfig={ mBounds=Rect(0, 0 - 2400, 1080) mAppBounds=Rect(88, 0 - 2256, 1080) mMaxBounds=Rect(0, 0 - 2400, 1080) mWindowingMode=fullscreen mDisplayWindowingMode=fullscreen mActivityType=undefined mAlwaysOnTop=undefined mRotation=ROTATION_90 mPopOver=undefined mFreeformTaskPinningState=undefined} s.8569 fontWeightAdjustment=0 ff=0 bf=0 bts=0 desktop/d dm/n ?dc ?dcui ?dcaf enb/d themeSeq=0}
08-17 13:20:35.637  2415  2415 V Navbar.Store: --[Band]CONFIG_PACK_CONFIG_CHANGED
08-17 13:20:35.637  2415  2415 V Navbar.Store: ----getValue(BOOL_NIGHT_MODE)=true
08-17 13:20:35.637  2415  2415 V Navbar.Store: handleEvent [EventType] ON_NAVBAR_CAN_MOVE_CHANGED [Module] NavigationBarController  KEYS_NAVBAR_CAN_MOVE=true  KEYS_SUPPORT_PHONE_LAYOUT_PROVIDER=true
08-17 13:20:35.637  2415  2415 V Navbar.Store: --[Band]STABLE_LAYOUT_PACK_CAN_MOVE_CHANGED
08-17 13:20:35.637  2415  2415 V Navbar.Store: ----getValue(BOOL_NAVBAR_CAN_MOVE)=true
08-17 13:20:35.637  2415  2415 V Navbar.Store: ----getValue(BOOL_SUPPORT_PHONE_LAYOUT_PROVIDER)=true
08-17 13:20:35.637  2415  2415 V Navbar.Store: ----apply(UPDATE_SUPPORT_PHONE_LAYOUT_PROVIDER_VALUE)
08-17 13:20:35.637  2415  2415 V Navbar.Store: ----getValue(BOOL_NEED_REINFLATE)=false
08-17 13:20:35.637  2415  2415 V Navbar.Store: --[Band]REMOTE_VIEW_PACK_UPDATE_NAVBAR_CAN_MOVE_STATE
08-17 13:20:35.637  2415  2415 V Navbar.Store: ----getValue(BOOL_NAVBAR_CAN_MOVE)=true
08-17 13:20:35.637  2415  2415 V Navbar.Store: --[Band]STABLE_LAYOUT_PACK_CAN_MOVE_CHANGED
08-17 13:20:35.637  2415  2415 V Navbar.Store: ----getValue(BOOL_NAVBAR_ATTACHED)=true
08-17 13:20:35.637  2415  2415 V Navbar.Store: --[Band]REMOTE_VIEW_PACK_UPDATE_NAVBAR_CAN_MOVE_VALUE
08-17 13:20:35.637  2415  2415 V Navbar.Store: ----apply(UPDATE_NAVBAR_CAN_MOVE_VALUE)
08-17 13:20:35.638  1158  2567 V WindowManager: Relayout Window{9468543 u0 ScreenDecorOverlay}: viewVisibility=0 req=2166x155 d0
08-17 13:20:35.638  2956  2956 I ViewRootImpl@816d591[LauncherActivity]: Relayout returned: old=(0,0,1080,2400) new=(0,0,1080,2400) req=(1080,2400)8 dur=47 res=0x5 s={false 0} ch=true fn=445
08-17 13:20:35.639  2956  2956 I DisplayController: onConfigurationChanged {0.9 530mcc1mnc [en_NZ] ldltr sw360dp w722dp h336dp 480dpi nrml long land night finger -keyb/v/h -nav/h winConfig={ mBounds=Rect(0, 0 - 2400, 1080) mAppBounds=Rect(88, 0 - 2256, 1080) mMaxBounds=Rect(0, 0 - 2400, 1080) mWindowingMode=fullscreen mDisplayWindowingMode=fullscreen mActivityType=undefined mAlwaysOnTop=undefined mRotation=ROTATION_90 mPopOver=undefined mFreeformTaskPinningState=unpinned} s.8568 fontWeightAdjustment=0 ff=0 bf=0 bts=0 desktop/d dm/n ?dc ?dcui ?dcaf enb/d themeSeq=0}
08-17 13:20:35.640  2415  2415 V Navbar.Store: getValue(BOOL_SUPPORT_PHONE_LAYOUT_PROVIDER)=true
08-17 13:20:35.640  4176 29885 I KeyboardGroupDefParser: KeyboardGroupDefParser.parseKeyboardGroupDef():87 parseKeyboardGroupDef() 2132214022 -> 0_resource_name_obfuscated : WaitTime = 1 ms : RunTime = 2 ms
08-17 13:20:35.640  1158  2567 V WindowManager: Relayout hash=9468543, pid=2415: mAttrs={(0,0)(fillxwrap) gr=TOP CENTER_VERTICAL sim={adjust=pan} layoutInDisplayCutoutMode=always ty=NAVIGATION_BAR_PANEL fmt=TRANSLUCENT
08-17 13:20:35.640  1158  2567 V WindowManager:   fl=20800128
08-17 13:20:35.640  1158  2567 V WindowManager:   pfl=13100050
08-17 13:20:35.640  1158  2567 V WindowManager:   vsysui=100
08-17 13:20:35.640  1158  2567 V WindowManager:   bhv=DEFAULT naviIconColor=0}
08-17 13:20:35.640  2956  2979 I RecentModel: onTaskStackChangedBackground
08-17 13:20:35.641  1158  1546 D InputManager-JNI: Viewport [0] type:1, displayId=0, uniqueId=local:4630947232161729153, orientation=1, logicalFrame=[0, 0][2400, 1080], physicalFrame=[0, 0][2400, 1080], deviceSize=[2400, 1080]
08-17 13:20:35.641  2415  3466 I ViewRootImpl@520a5fd[ScreenDecorOverlay]: Relayout returned: old=(0,0,2400,155) new=(0,0,2400,155) req=(2166,155)0 dur=6 res=0x83 s={true -5476376610153586688} ch=false fn=1854
08-17 13:20:35.641  2415  3466 D ViewRootImpl@520a5fd[ScreenDecorOverlay]: Relayout called with blastSync
08-17 13:20:35.642  1158  2172 I InputReader: Reconfiguring input devices, changes=DISPLAY_INFO |  4
08-17 13:20:35.642  1158  2172 D InputManager: notifyDisplayIdChangedByUser: 0
08-17 13:20:35.642  1158  2172 I InputReader: Device reconfigured: id=2, name='sec_touchpad', size 1080x2400, orientation 1, mode 4, display id 0
08-17 13:20:35.642  2415  2626 D OpenGLRenderer: setSurface() destroyed EGLSurface
08-17 13:20:35.642  2415  2626 D OpenGLRenderer: destroyEglSurface
08-17 13:20:35.642  1158  2172 I InputReader: support feature by TSP : 0x301
08-17 13:20:35.642  1158  3532 W NetlinkSocket: maximum read
08-17 13:20:35.643  1158  1158 D Native_CFMS: CFMS Change FPS For VRR(120)
08-17 13:20:35.643  2415  2626 D OpenGLRenderer: eglCreateWindowSurface
08-17 13:20:35.643  1158  3532 W NetlinkSocket: maximum read
08-17 13:20:35.643  1158  2172 I InputReader: Device reconfigured: id=3, name='sec_touchscreen', size 1080x2400, orientation 1, mode 1, display id 0
08-17 13:20:35.643  1158  2172 D InputReader: Wrote command set_rotation_status,1
08-17 13:20:35.643  4176 29886 I KeyboardGroupDefParser: KeyboardGroupDefParser.parseKeyboardGroupDef():87 parseKeyboardGroupDef() 2132214030 -> 0_resource_name_obfuscated : WaitTime = 1 ms : RunTime = 11 ms
08-17 13:20:35.644  2415  2415 V Navbar.Store: handleEvent [EventType] ON_UPDATE_REMOTEVIEW [Module] SamsungNavigationBarView  KEYS_LEFT_REMOTEVIEW_CONTAINER=android.widget.LinearLayout{75171de I.E...... ......I. 0,0-118,144 #7f0b0478 app:id/left_remoteview}  KEYS_CONTEXTUALBUTTON_VISIBLE=false  KEYS_RIGHT_REMOTEVIEW_CONTAINER=android.widget.LinearLayout{e134fbf I.E...... ......I. 962,0-1080,144 #7f0b070a app:id/right_remoteview}  KEYS_NAVBAR_DARK_INTENSITY=0.0
08-17 13:20:35.644  1158  3794 D LiftUpHandler: already ended..
08-17 13:20:35.645  2415  2415 V Navbar.Store: --[Band]REMOTE_VIEW_PACK_SET_REMOTEVIEW_CONTAINER
08-17 13:20:35.645  2415  2415 V Navbar.Store: ----apply(UPDATE_NAVBAR_REMOTEVIEW_CONTAINER)
08-17 13:20:35.645  2415  2415 V Navbar.Store: ----apply(UPDATE_NAVBAR_RIGHT_REMOTEVIEW_VISIBILITY)
08-17 13:20:35.645  2415  2415 V Navbar.Store: ----getValue(FLOAT_REMOTEVIEW_DARK_INTENSITY)=0.0
08-17 13:20:35.645  1158  1158 D SGM:GameManager: onDisplayChanged. displyId: 0, state: 2
08-17 13:20:35.645  1158  2186 D SGM:GameManager: onLooperPrepared(), msg: MSG_LCD_ON
08-17 13:20:35.645  1158  1158 D AODManagerService: requestReCalToTSP IsSingleTouchMode = false / previousDisplayState = ON
08-17 13:20:35.645  1158  1158 D BrightnessSynchronizer: onDisplayChanged() : displayId=0
08-17 13:20:35.646  1158  1158 D BrightnessSynchronizer: updateScreenBrightness: type=2 mPreferredSettingValue=0.48235294(123) currentBrightnessInt=123 currentBrightnessIntFromFloat=123(0.48235294)
08-17 13:20:35.646  4176 29887 I KeyboardGroupDefParser: KeyboardGroupDefParser.parseKeyboardGroupDef():87 parseKeyboardGroupDef() 2132214020 -> 0_resource_name_obfuscated : WaitTime = 2 ms : RunTime = 12 ms
08-17 13:20:35.646  4176 29888 I KeyboardGroupDefParser: KeyboardGroupDefParser.parseKeyboardGroupDef():87 parseKeyboardGroupDef() 2132214031 -> 0_resource_name_obfuscated : WaitTime = 2 ms : RunTime = 12 ms
08-17 13:20:35.647  2956 26162 I TouchInteractionService: onActiveNavBarRegionChanges, region : SkRegion((0,2256,388,2400)(389,2256,690,2400)(691,2256,961,2400))
08-17 13:20:35.647  2415  2415 V Navbar.Store: ----handleEvent [EventType] ON_UPDATE_REMOTEVIEW [Module] SamsungNavigationBarView  KEYS_LEFT_REMOTEVIEW_CONTAINER=android.widget.LinearLayout{75171de I.E...... ......I. 0,0-118,144 #7f0b0478 app:id/left_remoteview}  KEYS_CONTEXTUALBUTTON_VISIBLE=false  KEYS_RIGHT_REMOTEVIEW_CONTAINER=android.widget.LinearLayout{e134fbf I.E...... ......I. 962,0-1080,144 #7f0b070a app:id/right_remoteview}  KEYS_NAVBAR_DARK_INTENSITY=0.0
08-17 13:20:35.647  2415  2415 V Navbar.Store: ------[Band]REMOTE_VIEW_PACK_SET_REMOTEVIEW_CONTAINER
08-17 13:20:35.647  2415  2415 V Navbar.Store: --------apply(UPDATE_NAVBAR_REMOTEVIEW_CONTAINER)
08-17 13:20:35.647  2415  2415 V Navbar.Store: --------apply(UPDATE_NAVBAR_RIGHT_REMOTEVIEW_VISIBILITY)
08-17 13:20:35.647  1158  2871 V WindowManager: Relayout Window{e5c09a8 u0 Splash Screen com.flygame.flygamex}: viewVisibility=0 req=2312x1080 d0
08-17 13:20:35.647  2956  2956 I DisplayController: Global displayType : -1
08-17 13:20:35.647  2956  2956 I DisplayController: rotation 0 -> 1
08-17 13:20:35.647  2956  2956 I DisplayController: handleInfoChange start
08-17 13:20:35.647  2956  2956 W SGestureOverlayWindow: removeGestureOverlayWindow return by mOverlayWindow == null
08-17 13:20:35.647  2956  2956 I DisplayController: Update info Point(1080, 2168)-1080x2400, Point(2168, 1008)-2400x1080, 1, 336x722, handleInfoChange end 3
08-17 13:20:35.648  1158  1158 D SEP_UNION_CoverManager_ResolutionMonitor: onReceive 536872064 
08-17 13:20:35.648  1158  1158 D WALLPAPER_SVC:SemWallpaperManagerService: onReceive: android.intent.action.CONFIGURATION_CHANGED, densityDpi=480, orientation [old=1, new=2] 
08-17 13:20:35.648  1158  1158 D WALLPAPER_SVC:WallpaperManagerService: orientation is changed, notifySemColorListeners 
08-17 13:20:35.648  4176  4176 I DeviceModeUtil: DeviceModeUtil.getDeviceMode():121 Get device mode phone by ui mode:1 and smallestScreenWidthDp:360
08-17 13:20:35.648  4176  4176 I DeviceModeUtil: DeviceModeUtil.getDeviceMode():121 Get device mode phone by ui mode:1 and smallestScreenWidthDp:360
08-17 13:20:35.649  4176  4176 I DeviceModeUtil: DeviceModeUtil.getDeviceMode():121 Get device mode phone by ui mode:1 and smallestScreenWidthDp:360
08-17 13:20:35.649  5489  5489 I Berry_WidgetManager: onReceive : android.intent.action.CONFIGURATION_CHANGED
08-17 13:20:35.649  4176  4176 I GoogleInputMethodService: GoogleInputMethodService.initializeKeyboardTheme():1433 Apply keyboard theme: theme_border_stylesheet_noshadow_gsans_pillkey_silkpopup_phone_350_overlay_builtin_material3_dark_base.binarypb:material3-dark-ff1f1f1f-ffa8c7fa-2cb0999c6c3dda8dc237b63e302ebb6b_land
08-17 13:20:35.650  2415  2415 V Navbar.Store: --------getValue(FLOAT_REMOTEVIEW_DARK_INTENSITY)=0.0
08-17 13:20:35.650  2956  2956 I ConfigurationWrapper: getChangePinMode mExtraNavBarEnabled = 1
08-17 13:20:35.650  2956  2956 I ConfigurationWrapper: getChangePinMode extraNavMode = 1
08-17 13:20:35.651  1158  1620 D BaseRestrictionMgr: Package: com.android.chrome, userid: 0, hostingType: broadcast is allowed by freecess, caller is: null
08-17 13:20:35.651  1158  2871 V WindowManager: Relayout hash=e5c09a8, pid=2415: mAttrs={(0,0)(fillxfill) sim={adjust=pan} ty=APPLICATION_STARTING fmt=TRANSLUCENT wanim=0x1030001
08-17 13:20:35.651  1158  2871 V WindowManager:   fl=81030118
08-17 13:20:35.651  1158  2871 V WindowManager:   pfl=36000010
08-17 13:20:35.651  1158  2871 V WindowManager:   bhv=DEFAULT
08-17 13:20:35.651  1158  2871 V WindowManager:   fitSides= naviIconColor=0}
08-17 13:20:35.652  1158  4980 V WindowManager: Relayout Window{bec30f0 u0 ScreenDecorOverlayBottom}: viewVisibility=0 req=2166x114 d0
08-17 13:20:35.652  1158  2161 D MotionRecognitionService:   mReceiver.onReceive : CONFIGURATION_CHANGED
08-17 13:20:35.652  1158  2161 D MotionRecognitionService: [AUTO_ROTATION] inject auto rotation : 1
08-17 13:20:35.652  1158  2161 D SensorService: Motion injection
08-17 13:20:35.652  1158  2161 D SensorService: [EAR_TOUCH] : INJECT_AUTO_ROTATION ++++
08-17 13:20:35.652  2415  2575 I ViewRootImpl@df58905[flygamex]: Relayout returned: old=(88,0,2400,1080) new=(88,0,2400,1080) req=(2312,1080)0 dur=9 res=0x1 s={true -5476376609682049024} ch=false fn=4
08-17 13:20:35.653  2415  3000 D QSClockBellTower: onReceive(android.intent.action.CONFIGURATION_CHANGED) mTimeZoneString:null
08-17 13:20:35.653  2415  2626 D OpenGLRenderer: setSurface() destroyed EGLSurface
08-17 13:20:35.653  2415  2626 D OpenGLRenderer: destroyEglSurface
08-17 13:20:35.654  2415  2626 D OpenGLRenderer: eglCreateWindowSurface
08-17 13:20:35.656  1158  3382 I InputMethodManagerService: isAccessoryKeyboard 0
08-17 13:20:35.656  2956  2956 I Launcher.Model: onReceive intent=Intent { act=android.intent.action.CONFIGURATION_CHANGED flg=0x70200010 }
08-17 13:20:35.656  2415  2415 V Navbar.Store: ----handleEvent [EventType] GET_BOOL_NAVBAR_CAN_MOVE_STATE [Module] SamsungNavigationBarView  KEYS_DEFAULT=true
08-17 13:20:35.656  2415  2415 V Navbar.Store: ------[Band]CONFIG_PACK_GET_NAVBAR_CAN_MOVE
08-17 13:20:35.656  2415  2415 V Navbar.Store: --------getValue(BOOL_NAVBAR_CAN_MOVE)=true
08-17 13:20:35.656  2956 26162 I TouchInteractionService: onActiveNavBarRegionChanges, region : SkRegion((0,2256,388,2400)(389,2256,690,2400)(691,2256,961,2400))
08-17 13:20:35.656  4176  4176 I DeviceModeUtil: DeviceModeUtil.getDeviceMode():121 Get device mode phone by ui mode:1 and smallestScreenWidthDp:360
08-17 13:20:35.657  4176  4176 I InputMethodEntryManager: InputMethodEntryManager.startLoadingInputMethodEntrySettings():773 Start loading input method entry settings: [LanguageTagVariantTuple{languageTag=en-US, variant=qwerty}]
08-17 13:20:35.657  2956 26162 I TouchInteractionService: onActiveNavBarRegionChanges, region : SkRegion((0,2256,388,2400)(389,2256,690,2400)(691,2256,961,2400))
08-17 13:20:35.657  2415  2415 V Navbar.Store: ----handleEvent [EventType] ON_UPDATE_REMOTEVIEW [Module] SamsungNavigationBarView  KEYS_LEFT_REMOTEVIEW_CONTAINER=android.widget.LinearLayout{75171de I.E...... ......I. 0,0-118,144 #7f0b0478 app:id/left_remoteview}  KEYS_CONTEXTUALBUTTON_VISIBLE=false  KEYS_RIGHT_REMOTEVIEW_CONTAINER=android.widget.LinearLayout{e134fbf I.E...... ......I. 962,0-1080,144 #7f0b070a app:id/right_remoteview}  KEYS_NAVBAR_DARK_INTENSITY=0.0
08-17 13:20:35.657  2415  2415 V Navbar.Store: ------[Band]REMOTE_VIEW_PACK_SET_REMOTEVIEW_CONTAINER
08-17 13:20:35.657  2415  2415 V Navbar.Store: --------apply(UPDATE_NAVBAR_REMOTEVIEW_CONTAINER)
08-17 13:20:35.657  2415  2415 V Navbar.Store: --------apply(UPDATE_NAVBAR_RIGHT_REMOTEVIEW_VISIBILITY)
08-17 13:20:35.657  2415  2415 V Navbar.Store: --------getValue(FLOAT_REMOTEVIEW_DARK_INTENSITY)=0.0
08-17 13:20:35.657  2415  2415 V Navbar.Store: handleEvent [EventType] ON_NAVBAR_UPDATE_A11Y_SERVICE [Module] NavigationBar  KEYS_CLICKABLE=false  KEYS_LONG_CLICKABLE=false
08-17 13:20:35.657  2415  2415 V Navbar.Store: --[Band]SETUPWIZARD_PACK_UPDATE_A11Y_SERVICE
08-17 13:20:35.657  2415  2415 V Navbar.Store: ----getValue(BOOL_NAVBAR_BUTTON_FORCED_VISIBLE)=false
08-17 13:20:35.657  2415  2415 V Navbar.Store: ----getValue(BOOL_NAVBAR_SETUPWIZARD_STYLE)=false
08-17 13:20:35.657  2348 24720 I TelephonyProvider: D/TelephonyProvider: Using old permission behavior for telephony provider compat
08-17 13:20:35.658  2348 24720 I TelephonyProvider: D/TelephonyProvider: subIdString = 1 subId = 1
08-17 13:20:35.658  4176  4176 I InputMethodEntryManager: InputMethodEntryManager.updateInputMethodEntrySettingsLoadingTask():861 update loading task with resetImplicitlyEnabledEntries is false
08-17 13:20:35.658  2956 26162 I TouchInteractionService: onAssistantAvailable, available : false
08-17 13:20:35.658  4176  4176 I NormalModeController: NormalModeController.getKeyboardBodyViewHolderPaddingBottom():111 currentPrimeKeyboardType:SOFT systemPaddingBottom:-1
08-17 13:20:35.658  2348 24720 I TelephonyProvider: D/TelephonyProvider: Using old permission behavior for telephony provider compat
08-17 13:20:35.658  2348 24720 I TelephonyProvider: D/TelephonyProvider: subIdString = 1 subId = 1
08-17 13:20:35.658  1158  1620 D BaseRestrictionMgr: Package: com.google.android.youtube, userid: 0, hostingType: broadcast is allowed by freecess, caller is: null
08-17 13:20:35.659  2415  2415 D DeviceState: getDisplayHeight portrait? false  displayHeight= 1080
08-17 13:20:35.659  2415  2415 D DeviceState: getDisplayWidth portrait? false  displayWidth= 2400
08-17 13:20:35.660  2415  2415 D [QuickStar]_ExpandQSAtOnceController: updateResources(before), SidePosition:null, Ratio:0.0(setting:0), Width:0
08-17 13:20:35.660  1158  1620 D BaseRestrictionMgr: Package: com.sec.spp.push, userid: 0, hostingType: broadcast is allowed by freecess, caller is: null
08-17 13:20:35.660  2415  2415 I DismissButtonView: cleanUpDismissTarget  isAttachedToWindow=true  mWindowAdded=true
08-17 13:20:35.662  1158  1620 D BaseRestrictionMgr: Package: com.microsoft.office.outlook, userid: 0, hostingType: broadcast is allowed by freecess, caller is: null
08-17 13:20:35.664  1158  4980 V WindowManager: Relayout hash=bec30f0, pid=2415: mAttrs={(0,0)(fillxwrap) gr=BOTTOM CENTER_VERTICAL sim={adjust=pan} layoutInDisplayCutoutMode=always ty=NAVIGATION_BAR_PANEL fmt=TRANSLUCENT
08-17 13:20:35.664  1158  4980 V WindowManager:   fl=20800128
08-17 13:20:35.664  1158  4980 V WindowManager:   pfl=13100050
08-17 13:20:35.664  1158  4980 V WindowManager:   vsysui=100
08-17 13:20:35.664  1158  4980 V WindowManager:   bhv=DEFAULT naviIconColor=0}
08-17 13:20:35.664  2415  3466 I ViewRootImpl@4c086d[ScreenDecorOverlayBottom]: Relayout returned: old=(0,966,2400,1080) new=(0,966,2400,1080) req=(2166,114)0 dur=20 res=0x83 s={true -5476376610153576448} ch=false fn=1223
08-17 13:20:35.664  2415  3466 D ViewRootImpl@4c086d[ScreenDecorOverlayBottom]: Relayout called with blastSync
08-17 13:20:35.665  2415  2626 I BufferQueueProducer: [ViewRootImpl@df58905[flygamex]#806(BLAST Consumer)806](id:96f00000326,api:1,p:2415,c:2415) queueBuffer: queued for the first time.
08-17 13:20:35.665  2415  3466 D PrivacyDotViewController: updateRotation: 1
08-17 13:20:35.665  2415  3466 D PrivacyDotViewController: scheduleUpdate: 
08-17 13:20:35.667  2415  2626 D OpenGLRenderer: setSurface() destroyed EGLSurface
08-17 13:20:35.667  2415  2626 D OpenGLRenderer: destroyEglSurface
08-17 13:20:35.667  2415  2626 D OpenGLRenderer: eglCreateWindowSurface
08-17 13:20:35.667  2415  2626 D OpenGLRenderer: setSurface called with nullptr
08-17 13:20:35.667  2415  2415 I ViewRootImpl@91460bf[dismiss-button-overlay]: dispatchDetachedFromWindow
08-17 13:20:35.668  2956  2979 I RecentTasksList: getTaskKeys, numTasks :3 callback : com.android.quickstep.-$$Lambda$RecentsModel$k1Mm-BV64Bc89eJHYugywZmW_Js@9fcbecc
08-17 13:20:35.670  1158  2567 D ActivityTaskManager: getRecentPairTasks() maxNum :3 from 10147
08-17 13:20:35.670  1158  3008 V WindowManager: Relayout Window{9468543 u0 ScreenDecorOverlay}: viewVisibility=0 req=2166x155 d0
08-17 13:20:35.671  1158  4032 D MotionRecognitionService: values = 100.0
08-17 13:20:35.672  1158  4032 D MotionRecognitionService: onReceive lux: 100.0  action: 
08-17 13:20:35.672  1158  4032 D MotionRecognitionService: Inject brightness form Cam 100.0
08-17 13:20:35.672  1158  4032 D MotionRecognitionService: Inject calibrated lux
08-17 13:20:35.672  1158  2872 D InputTransport: Input channel destroyed: '8bc642f', fd=773
08-17 13:20:35.672  1158  3008 V WindowManager: Relayout hash=9468543, pid=2415: mAttrs={(0,0)(fillxwrap) gr=TOP CENTER_VERTICAL sim={adjust=pan} layoutInDisplayCutoutMode=always ty=NAVIGATION_BAR_PANEL fmt=TRANSLUCENT
08-17 13:20:35.672  1158  3008 V WindowManager:   fl=20800128
08-17 13:20:35.672  1158  3008 V WindowManager:   pfl=13100050
08-17 13:20:35.672  1158  3008 V WindowManager:   vsysui=100
08-17 13:20:35.672  1158  3008 V WindowManager:   bhv=DEFAULT naviIconColor=0}
08-17 13:20:35.673  1158  2872 W InputManager-JNI: Input channel object '8bc642f dismiss-button-overlay (client)' was disposed without first being removed with the input manager!
08-17 13:20:35.673  1158  2872 D InputTransport: Input channel destroyed: '8bc642f', fd=782
08-17 13:20:35.673  2415  3466 I ViewRootImpl@520a5fd[ScreenDecorOverlay]: Relayout returned: old=(0,0,2400,155) new=(0,0,2400,155) req=(2166,155)0 dur=6 res=0x3 s={true -5476376610153586688} ch=false fn=1854
08-17 13:20:35.673  2415  3466 D PrivacyDotViewController: updateRotation: 1
08-17 13:20:35.674  4176  4176 I KeyboardViewUtil: KeyboardViewUtil.getKeyboardHeightRatio():168 systemKeyboardHeightRatio:1.000000; userKeyboardHeightRatio:1.050000.
08-17 13:20:35.676  2415  2415 D InputTransport: Input channel destroyed: '8bc642f', fd=211
08-17 13:20:35.677  1091  1091 I Layer   : id=23143 removedFromDrawingState 8bc642f dismiss-button-overlay#0 (115)
08-17 13:20:35.677  1091  1091 I Layer   : id=23142 removedFromDrawingState WindowToken{6b9520e android.os.BinderProxy@205e009}#0 (115)
08-17 13:20:35.677  1091  1091 I SurfaceFlinger: id=23143 Removed 8bc642f dismiss-button-overlay#0 (115)
08-17 13:20:35.677  1091  1091 I SurfaceFlinger: id=23142 Removed WindowToken{6b9520e android.os.BinderProxy@205e009}#0 (115)
08-17 13:20:35.677  1091  1091 I Layer   : id=23142 Destroyed WindowToken{6b9520e android.os.BinderProxy@205e009}#0
08-17 13:20:35.677  1091  1091 I Layer   : id=23143 Destroyed 8bc642f dismiss-button-overlay#0
08-17 13:20:35.678  1158  2567 D RecentTaskItemController: getRecentPairTasksImpl() maxNum :3 from 10147
08-17 13:20:35.679  2956  3075 I RecentTasksList: loadTasksInBackground() task id : 209
08-17 13:20:35.679  2956  3075 I RecentTasksList: loadTasksInBackground() task id : 205
08-17 13:20:35.679  2956  3075 I RecentTasksList: loadTasksInBackground() task id : 215
08-17 13:20:35.681  1158  3008 V WindowManager: Relayout Window{bec30f0 u0 ScreenDecorOverlayBottom}: viewVisibility=0 req=139x1008 d0
08-17 13:20:35.683  2415  2586 I ViewRootImpl@4c086d[ScreenDecorOverlayBottom]: Resizing android.view.ViewRootImpl@6da5926: frame=[2261,0][2400,1080] reportDraw=true forceLayout=true backDropFrame=Rect(0, 0 - 139, 1080)
08-17 13:20:35.684  1158  3008 V WindowManager: Relayout hash=bec30f0, pid=2415: mAttrs={(0,0)(wrapxfill) gr=RIGHT CENTER_HORIZONTAL sim={adjust=pan} layoutInDisplayCutoutMode=always ty=NAVIGATION_BAR_PANEL fmt=TRANSLUCENT
