08-17 13:20:35.781  2415  2415 I ViewRootImpl@e049443[NavigationBar0]: [DP] pdf(0) 0 android.view.ViewRootImpl.lambda$addFrameCompleteCallbackIfNeeded$3$ViewRootImpl:4987 android.view.ViewRootImpl$$ExternalSyntheticLambda16.run:6 android.os.Handler.handleCallback:938 
08-17 13:20:35.781  2415  2415 I ViewRootImpl@e049443[NavigationBar0]: [DP] rdf()
08-17 13:20:35.781  2415  2415 D ViewRootImpl@e049443[NavigationBar0]: reportDrawFinished (fn: 70755) 
08-17 13:20:35.781  2415  2415 I ImageWallpaper: onFixedRotationFinished 1 , {0.9 530mcc1mnc [en_NZ] ldltr sw360dp w722dp h336dp 480dpi nrml long land night finger -keyb/v/h -nav/h winConfig={ mBounds=Rect(0, 0 - 2400, 1080) mAppBounds=Rect(88, 0 - 2256, 1080) mMaxBounds=Rect(0, 0 - 2400, 1080) mWindowingMode=fullscreen mDisplayWindowingMode=fullscreen mActivityType=undefined mAlwaysOnTop=undefined mRotation=ROTATION_90 mPopOver=undefined mFreeformTaskPinningState=undefined} s.8569 fontWeightAdjustment=0 ff=0 bf=0 bts=0 desktop/d dm/n ?dc ?dcui ?dcaf enb/d themeSeq=0}
08-17 13:20:35.782  2415  3380 I ViewRootImpl@520a5fd[ScreenDecorOverlay]: Resizing android.view.ViewRootImpl@812f875: frame=[0,0][195,1080] reportDraw=false forceLayout=false backDropFrame=Rect(0, 0 - 195, 1080)
08-17 13:20:35.783  1158  3008 D WindowManager: finishDrawingWindow: Window{719d3ce u0 StatusBar} mDrawState=HAS_DRAWN
08-17 13:20:35.783  1158  4976 V WindowManager: Relayout hash=9468543, pid=2415: mAttrs={(0,0)(wrapxfill) gr=LEFT CENTER_HORIZONTAL sim={adjust=pan} layoutInDisplayCutoutMode=always ty=NAVIGATION_BAR_PANEL fmt=TRANSLUCENT
08-17 13:20:35.783  1158  4976 V WindowManager:   fl=20800128
08-17 13:20:35.783  1158  4976 V WindowManager:   pfl=13100050
08-17 13:20:35.783  1158  4976 V WindowManager:   vsysui=100
08-17 13:20:35.783  1158  4976 V WindowManager:   bhv=DEFAULT naviIconColor=0}
08-17 13:20:35.783  1158  3008 D WindowManager: markForSeamlessRotation, seamlesslyRotated=false, w=Window{719d3ce u0 StatusBar}, caller=com.android.server.wm.WindowState.finishSeamlessRotation:1103 com.android.server.wm.WindowState.lambda$new$0$WindowState:970 com.android.server.wm.WindowState$$ExternalSyntheticLambda2.accept:4 
08-17 13:20:35.783  2415  3466 I ViewRootImpl@520a5fd[ScreenDecorOverlay]: Relayout returned: old=(0,0,125,1080) new=(0,0,195,1080) req=(195,1008)0 dur=3 res=0x1 s={true -5476376610153586688} ch=false fn=1856
08-17 13:20:35.783  2415  2626 D OpenGLRenderer: setSurface() destroyed EGLSurface
08-17 13:20:35.783  2415  2626 D OpenGLRenderer: destroyEglSurface
08-17 13:20:35.784  2415  2626 D OpenGLRenderer: eglCreateWindowSurface
08-17 13:20:35.784  1158  3008 D WindowManager: finishDrawingWindow: Window{9140b98 u0 NavigationBar0} mDrawState=HAS_DRAWN
08-17 13:20:35.785  1158  3008 D WindowManager: markForSeamlessRotation, seamlesslyRotated=false, w=Window{9140b98 u0 NavigationBar0}, caller=com.android.server.wm.WindowState.finishSeamlessRotation:1103 com.android.server.wm.WindowState.lambda$new$0$WindowState:970 com.android.server.wm.WindowState$$ExternalSyntheticLambda2.accept:4 
08-17 13:20:35.786  1158  3008 I WindowManager: Cancelling animation restarting=true, leash=Surface(name=Surface(name=WindowToken{2f450c9 android.os.BinderProxy@11b1093})/@0x7728bc0 - animation-leash of fixed_rotation)/@0xedcd5b5
08-17 13:20:35.786  1158  3008 I WindowManager: Reparenting to original parent: Surface(name=Leaf:17:17)/@0xc6287bd, destroy=false, surface=Surface(name=WindowToken{2f450c9 android.os.BinderProxy@11b1093})/@0x7728bc0
08-17 13:20:35.786  2415  2415 I ImageWallpaper: onDisplayConfigurationChanged {0.9 530mcc1mnc [en_NZ] ldltr sw360dp w722dp h336dp 480dpi nrml long land night finger -keyb/v/h -nav/h winConfig={ mBounds=Rect(0, 0 - 2400, 1080) mAppBounds=Rect(88, 0 - 2256, 1080) mMaxBounds=Rect(0, 0 - 2400, 1080) mWindowingMode=fullscreen mDisplayWindowingMode=fullscreen mActivityType=undefined mAlwaysOnTop=undefined mRotation=ROTATION_90 mPopOver=undefined mFreeformTaskPinningState=undefined} s.8568 fontWeightAdjustment=0 ff=0 bf=0 bts=0 desktop/d dm/n ?dc ?dcui ?dcaf enb/d themeSeq=0}
08-17 13:20:35.786  1158  3008 I WindowManager: Reparenting to leash, surface=Surface(name=WindowToken{2f450c9 android.os.BinderProxy@11b1093})/@0x7728bc0, leashParent=Surface(name=Leaf:17:17)/@0xc6287bd
08-17 13:20:35.786  2415  2626 I BufferQueueProducer: [ViewRootImpl@520a5fd[ScreenDecorOverlay]#5(BLAST Consumer)5](id:96f00000005,api:1,p:2415,c:2415) queueBuffer: queued for the first time.
08-17 13:20:35.787  1091  2184 I SurfaceFlinger: id=23164 createSurf (0x0),-1 flag=24004, Surface(name=WindowToken{2f450c9 android.os.BinderProxy@11b1093})/@0x7728bc0 - animation-leash of fixed_rotation#1
08-17 13:20:35.787  2415  3466 I ViewRootImpl@4c086d[ScreenDecorOverlayBottom]: [DP] pdf(0) 0 android.view.ViewRootImpl.lambda$addFrameCompleteCallbackIfNeeded$3$ViewRootImpl:4987 android.view.ViewRootImpl$$ExternalSyntheticLambda16.run:6 android.os.Handler.handleCallback:938 
08-17 13:20:35.787  2415  3466 I ViewRootImpl@4c086d[ScreenDecorOverlayBottom]: [DP] rdf()
08-17 13:20:35.787  2415  3466 D ViewRootImpl@4c086d[ScreenDecorOverlayBottom]: reportDrawFinished (fn: 1226) 
08-17 13:20:35.787  2415  3380 D ViewRootImpl@b2bf3c7[StatusBar]: Received transactionCompleteCallback frameNum=13286
08-17 13:20:35.787  2415  2415 D ViewRootImpl@b2bf3c7[StatusBar]: Scheduling a traversal=false due to a previous skipped traversal.
08-17 13:20:35.787  2415  3466 I ViewRootImpl@4c086d[ScreenDecorOverlayBottom]: handleResized, msg = 5 frames=ClientWindowFrames{frame=[2205,0][2400,1080] display=[0,0][2400,1080] backdrop=[0,0][195,1080]} forceNextWindowRelayout=true displayId=0 frameChanged=false backdropFrameChanged=true configChanged=false displayChanged=false mNextDrawUseBlastSync=true mergedConfiguration={mGlobalConfig={0.9 530mcc1mnc [en_NZ] ldltr sw360dp w722dp h336dp 480dpi nrml long land night finger -keyb/v/h -nav/h winConfig={ mBounds=Rect(0, 0 - 2400, 1080) mAppBounds=Rect(88, 0 - 2256, 1080) mMaxBounds=Rect(0, 0 - 2400, 1080) mWindowingMode=fullscreen mDisplayWindowingMode=fullscreen mActivityType=undefined mAlwaysOnTop=undefined mRotation=ROTATION_90 mPopOver=undefined mFreeformTaskPinningState=undefined} s.8569 fontWeightAdjustment=0 ff=0 bf=0 bts=0 desktop/d dm/n ?dc ?dcui ?dcaf enb/d themeSeq=0} mOverrideConfig={0.9 530mcc1mnc [en_NZ] ldltr sw360dp w722dp h336dp 480dpi nrml long land night finger -keyb/v/h -nav/h winConfig={ mBounds=Rect(0, 0 - 2400, 1080) mAppBounds=Rect(88, 0 - 2256, 1080) mMaxBounds=Rect(0, 0 - 2400, 1080) mWindowingMode=fullscreen mDisplayWindowingMode=fullscreen mActivityType=undefined mAlwaysOnTop=undefined mRotation=ROTATION_90 mPopOver=undefined mFreeformTaskPinningState=undefined} s.8568 fontWeightAdjustment=0 ff=0 bf=0 bts=0 desktop/d dm/n ?dc ?dcui ?dcaf enb/d themeSeq=0}}
08-17 13:20:35.787  2415  3466 I ViewRootImpl@4c086d[ScreenDecorOverlayBottom]: handleResized: set mNeedReportNextDraw = true
08-17 13:20:35.787  2415  3466 W ViewRootImpl@4c086d[ScreenDecorOverlayBottom]: Can't perform draw while waiting for a transaction complete
08-17 13:20:35.787  2415  2415 I ViewRootImpl@e049443[NavigationBar0]: handleResized, msg = 5 frames=ClientWindowFrames{frame=[2256,0][2400,1080] display=[2256,0][2400,1080] backdrop=[0,0][144,1080]} forceNextWindowRelayout=true displayId=0 frameChanged=false backdropFrameChanged=false configChanged=false displayChanged=false mNextDrawUseBlastSync=true mergedConfiguration={mGlobalConfig={0.9 530mcc1mnc [en_NZ] ldltr sw360dp w722dp h336dp 480dpi nrml long land night finger -keyb/v/h -nav/h winConfig={ mBounds=Rect(0, 0 - 2400, 1080) mAppBounds=Rect(88, 0 - 2256, 1080) mMaxBounds=Rect(0, 0 - 2400, 1080) mWindowingMode=fullscreen mDisplayWindowingMode=fullscreen mActivityType=undefined mAlwaysOnTop=undefined mRotation=ROTATION_90 mPopOver=undefined mFreeformTaskPinningState=undefined} s.8569 fontWeightAdjustment=0 ff=0 bf=0 bts=0 desktop/d dm/n ?dc ?dcui ?dcaf enb/d themeSeq=0} mOverrideConfig={0.9 530mcc1mnc [en_NZ] ldltr sw360dp w722dp h336dp 480dpi nrml long land night finger -keyb/v/h -nav/h winConfig={ mBounds=Rect(0, 0 - 2400, 1080) mAppBounds=Rect(88, 0 - 2256, 1080) mMaxBounds=Rect(0, 0 - 2400, 1080) mWindowingMode=fullscreen mDisplayWindowingMode=fullscreen mActivityType=undefined mAlwaysOnTop=undefined mRotation=ROTATION_90 mPopOver=undefined mFreeformTaskPinningState=undefined} s.8568 fontWeightAdjustment=0 ff=0 bf=0 bts=0 desktop/d dm/n ?dc ?dcui ?dcaf enb/d themeSeq=0}}
08-17 13:20:35.787  2415  2415 I ViewRootImpl@e049443[NavigationBar0]: handleResized: set mNeedReportNextDraw = true
08-17 13:20:35.788  2415  2415 I ViewRootImpl@b2bf3c7[StatusBar]: handleResized, msg = 5 frames=ClientWindowFrames{frame=[0,0][2400,88] display=[0,0][2400,1080] backdrop=[0,0][2400,88]} forceNextWindowRelayout=true displayId=0 frameChanged=true backdropFrameChanged=true configChanged=false displayChanged=false mNextDrawUseBlastSync=false mergedConfiguration={mGlobalConfig={0.9 530mcc1mnc [en_NZ] ldltr sw360dp w722dp h336dp 480dpi nrml long land night finger -keyb/v/h -nav/h winConfig={ mBounds=Rect(0, 0 - 2400, 1080) mAppBounds=Rect(88, 0 - 2256, 1080) mMaxBounds=Rect(0, 0 - 2400, 1080) mWindowingMode=fullscreen mDisplayWindowingMode=fullscreen mActivityType=undefined mAlwaysOnTop=undefined mRotation=ROTATION_90 mPopOver=undefined mFreeformTaskPinningState=undefined} s.8569 fontWeightAdjustment=0 ff=0 bf=0 bts=0 desktop/d dm/n ?dc ?dcui ?dcaf enb/d themeSeq=0} mOverrideConfig={0.9 530mcc1mnc [en_NZ] ldltr sw360dp w722dp h336dp 480dpi nrml long land night finger -keyb/v/h -nav/h winConfig={ mBounds=Rect(0, 0 - 2400, 1080) mAppBounds=Rect(88, 0 - 2256, 1080) mMaxBounds=Rect(0, 0 - 2400, 1080) mWindowingMode=fullscreen mDisplayWindowingMode=fullscreen mActivityType=undefined mAlwaysOnTop=undefined mRotation=ROTATION_90 mPopOver=undefined mFreeformTaskPinningState=undefined} s.8568 fontWeightAdjustment=0 ff=0 bf=0 bts=0 desktop/d dm/n ?dc ?dcui ?dcaf enb/d themeSeq=0}}
08-17 13:20:35.788  2415  2415 I ViewRootImpl@b2bf3c7[StatusBar]: [DP] dp(1) 0 android.view.ViewRootImpl.reportNextDraw:11387 android.view.ViewRootImpl.handleResized:2222 android.view.ViewRootImpl.access$1200:294 
08-17 13:20:35.788  2415  2415 D DisplayLifecycle: updateDisplay id = 0
08-17 13:20:35.788  1158  3008 D WindowManager: makeSurface duration=2 leash=Surface(name=Surface(name=WindowToken{2f450c9 android.os.BinderProxy@11b1093})/@0x7728bc0 - animation-leash of fixed_rotation)/@0x29a0f44
08-17 13:20:35.788  2415  2415 D DisplayLifecycle: updateCacheVariables id = 0, display = Display id 0: DisplayInfo{"Built-in Screen", displayId 0", displayGroupId 0, FLAG_SECURE, FLAG_SUPPORTS_PROTECTED_BUFFERS, FLAG_TRUSTED, real 2400 x 1080, largest app 2168 x 2168, smallest app 1080 x 1008, appVsyncOff 100000, presDeadline 9233333, mode 1, defaultMode 1, REFRESH_RATE_MODE_ALWAYS, modes [{id=1, width=1080, height=2400, fps=120.00001, alternativeRefreshRates=[60.000004]}, {id=2, width=1080, height=2400, fps=60.000004, alternativeRefreshRates=[120.00001]}], hdrCapabilities HdrCapabilities{mSupportedHdrTypes=[2, 3, 4], mMaxLuminance=500.0, mMaxAverageLuminance=500.0, mMinLuminance=0.0}, userDisabledHdrTypes [], minimalPostProcessingSupported false, rotation 1, state ON}, DisplayMetrics{density=3.0, width=2168, height=1080, scaledDensity=3.0, xdpi=409.432, ydpi=406.4}, isValid=true, size = Point(2168, 1080), realSize = Point(2400, 1080), rotation = 1
08-17 13:20:35.788  1158  3008 V WindowManager: rotationForOrientation(orient=SCREEN_ORIENTATION_SENSOR_LANDSCAPE (6), last=ROTATION_90 (1)); user=ROTATION_0 (0) USER_ROTATION_LOCKED
08-17 13:20:35.788  1158  3008 D WindowManager: rotationForOrientation, orientationSource=ActivityRecord{4a28349 u0 com.flygame.flygamex/com.epicgames.ue4.GameActivity t215}
08-17 13:20:35.789  1158  3008 V WindowManager: Computed rotation=ROTATION_90 (1) for display id=0 based on lastOrientation=SCREEN_ORIENTATION_SENSOR_LANDSCAPE (6) and oldRotation=ROTATION_90 (1), caller=com.android.server.wm.DisplayRotation.updateRotationAndSendNewConfigIfChanged:416 com.android.server.wm.DisplayRotation.markForSeamlessRotation:882 com.android.server.wm.WindowState.finishSeamlessRotation:1103 com.android.server.wm.WindowState.lambda$new$0$WindowState:970 com.android.server.wm.WindowState$$ExternalSyntheticLambda2.accept:4 com.android.server.wm.WindowState.executeDrawHandlers:7477 
08-17 13:20:35.789  2415  2415 D SecVolume.SecVolumeStore: dispatch [ACTION_CONFIGURATION_CHANGED] with [STATE_NO_DISPATCH]
08-17 13:20:35.789  2415  2415 D SecVolume.SecVolumeStore:   > New State : [STATE_NO_DISPATCH]
08-17 13:20:35.790  2415  2415 D QSClockBellTower: He is ready to ring the bell. (((QSClockBellSound - TimeText:13:20, TimeContentDescription:13:20, DateText:Wed, 17 August, ShortDateText:Wed, 17 Aug, Demofalse)))
08-17 13:20:35.790  2415  2415 D QSClockHomeIndicatorView: Home Indicator status_bar_clock notifyTimeChanged(QSClockBellSound - TimeText:13:20, TimeContentDescription:13:20, DateText:Wed, 17 August, ShortDateText:Wed, 17 Aug, Demofalse) ClockVisibleByPolicy:true, ClockVisibleByUser:true, visible?true, parent:android.widget.LinearLayout{e060f51 V.E...... ......ID 0,0-98,72 #7f0b0472 app:id/left_clock_container}
08-17 13:20:35.791  2415  2415 D QSClockBellTower: Everyone heard the bell. run(currentTime:1660699235789,   getTime():Wed Aug 17 13:20:35 GMT+12:00 2022,   getTimeZone():libcore.util.ZoneInfo[mDstSavings=3600000,mUseDst=true,mDelegate=[id="Pacific/Auckland",mRawOffset=43200000,mEarliestRawOffset=41944000,transitions=156]])
08-17 13:20:35.791  1158  4976 V WindowManager: Relayout Window{9468543 u0 ScreenDecorOverlay}: viewVisibility=0 req=195x1008 d0
08-17 13:20:35.792  1158  4976 I WindowManager: Reparenting to leash, surface=Surface(name=719d3ce StatusBar)/@0xca0cef2, leashParent=Surface(name=WindowToken{2f450c9 android.os.BinderProxy@11b1093})/@0x7728bc0
08-17 13:20:35.792  1091  1282 I SurfaceFlinger: id=23165 createSurf (0x0),-1 flag=24000, Surface(name=719d3ce StatusBar)/@0xca0cef2 - animation-leash of insets_animation#0
08-17 13:20:35.793  1158  4976 D WindowManager: makeSurface duration=0 leash=Surface(name=Surface(name=719d3ce StatusBar)/@0xca0cef2 - animation-leash of insets_animation)/@0xed7682d
08-17 13:20:35.793  1158  4976 I WindowManager: Reparenting to leash, surface=Surface(name=9140b98 NavigationBar0)/@0x5f95dbb, leashParent=Surface(name=WindowToken{8dcc17b android.os.BinderProxy@fd23175})/@0xf5e12d8
08-17 13:20:35.793  1091  1282 I SurfaceFlinger: id=23166 createSurf (0x0),-1 flag=24000, Surface(name=9140b98 NavigationBar0)/@0x5f95dbb - animation-leash of insets_animation#0
08-17 13:20:35.793  1158  4976 D WindowManager: makeSurface duration=0 leash=Surface(name=Surface(name=9140b98 NavigationBar0)/@0x5f95dbb - animation-leash of insets_animation)/@0x3434162
08-17 13:20:35.794  1091  1091 I Layer   : id=23156 removedFromDrawingState Surface(name=WindowToken{2f450c9 android.os.BinderProxy@11b1093})/@0x7728bc0 - animation-leash of fixed_rotation#0 (118)
08-17 13:20:35.794  1091  1091 I SurfaceFlinger: id=23156 Removed Surface(name=WindowToken{2f450c9 android.os.BinderProxy@11b1093})/@0x7728bc0 - animation-leash of fixed_rotation#0 (118)
08-17 13:20:35.794  1091  1091 I Layer   : id=23156 Destroyed Surface(name=WindowToken{2f450c9 android.os.BinderProxy@11b1093})/@0x7728bc0 - animation-leash of fixed_rotation#0
08-17 13:20:35.796  2415  2575 D InsetsSourceConsumer: ensureControlAlpha: for ITYPE_NAVIGATION_BAR on Splash Screen com.flygame.flygamex
08-17 13:20:35.797  2415  2415 W ViewRootImpl@e049443[NavigationBar0]: Can't perform draw while waiting for a transaction complete
08-17 13:20:35.799  1158  4976 V WindowManager: Relayout hash=9468543, pid=2415: mAttrs={(0,0)(wrapxfill) gr=LEFT CENTER_HORIZONTAL sim={adjust=pan} layoutInDisplayCutoutMode=always ty=NAVIGATION_BAR_PANEL fmt=TRANSLUCENT
08-17 13:20:35.799  1158  4976 V WindowManager:   fl=20800128
08-17 13:20:35.799  1158  4976 V WindowManager:   pfl=13100050
08-17 13:20:35.799  1158  4976 V WindowManager:   vsysui=100
08-17 13:20:35.799  1158  4976 V WindowManager:   bhv=DEFAULT naviIconColor=0}
08-17 13:20:35.799  2415  2575 D InsetsSourceConsumer: ensureControlAlpha: for ITYPE_STATUS_BAR on Splash Screen com.flygame.flygamex
08-17 13:20:35.800  2415  2586 D ViewRootImpl@e049443[NavigationBar0]: Received transactionCompleteCallback frameNum=70755
08-17 13:20:35.800  2415  3466 I ViewRootImpl@520a5fd[ScreenDecorOverlay]: Relayout returned: old=(0,0,195,1080) new=(0,0,195,1080) req=(195,1008)0 dur=12 res=0x1 s={true -5476376610153586688} ch=false fn=1857
08-17 13:20:35.800  2415  3466 I ViewRootImpl@520a5fd[ScreenDecorOverlay]: handleResized, msg = 4 frames=ClientWindowFrames{frame=[0,0][195,1080] display=[0,0][2400,1080] backdrop=[0,0][195,1080]} forceNextWindowRelayout=false displayId=0 frameChanged=false backdropFrameChanged=false configChanged=false displayChanged=false mNextDrawUseBlastSync=false mergedConfiguration={mGlobalConfig={0.9 530mcc1mnc [en_NZ] ldltr sw360dp w722dp h336dp 480dpi nrml long land night finger -keyb/v/h -nav/h winConfig={ mBounds=Rect(0, 0 - 2400, 1080) mAppBounds=Rect(88, 0 - 2256, 1080) mMaxBounds=Rect(0, 0 - 2400, 1080) mWindowingMode=fullscreen mDisplayWindowingMode=fullscreen mActivityType=undefined mAlwaysOnTop=undefined mRotation=ROTATION_90 mPopOver=undefined mFreeformTaskPinningState=undefined} s.8569 fontWeightAdjustment=0 ff=0 bf=0 bts=0 desktop/d dm/n ?dc ?dcui ?dcaf enb/d themeSeq=0} mOverrideConfig={0.9 530mcc1mnc [en_NZ] ldltr sw360dp w722dp h336dp 480dpi nrml long land night finger -keyb/v/h -nav/h winConfig={ mBounds=Rect(0, 0 - 2400, 1080) mAppBounds=Rect(88, 0 - 2256, 1080) mMaxBounds=Rect(0, 0 - 2400, 1080) mWindowingMode=fullscreen mDisplayWindowingMode=fullscreen mActivityType=undefined mAlwaysOnTop=undefined mRotation=ROTATION_90 mPopOver=undefined mFreeformTaskPinningState=undefined} s.8568 fontWeightAdjustment=0 ff=0 bf=0 bts=0 desktop/d dm/n ?dc ?dcui ?dcaf enb/d themeSeq=0}}
08-17 13:20:35.801  1158  2279 W SemWifiTransportLayerUtils: getApplicationCategory - IOException com.flygame.flygamex
08-17 13:20:35.801  1158  2279 W System.err: java.io.FileNotFoundException: https://play.google.com/store/apps/details?id=com.flygame.flygamex&hl=en
08-17 13:20:35.801  1158  2279 W System.err: 	at com.android.okhttp.internal.huc.HttpURLConnectionImpl.getInputStream(HttpURLConnectionImpl.java:255)
08-17 13:20:35.801  1158  2279 W System.err: 	at com.android.okhttp.internal.huc.DelegatingHttpsURLConnection.getInputStream(DelegatingHttpsURLConnection.java:211)
08-17 13:20:35.801  1158  2279 W System.err: 	at com.android.okhttp.internal.huc.HttpsURLConnectionImpl.getInputStream(HttpsURLConnectionImpl.java:30)
08-17 13:20:35.801  1158  2279 W System.err: 	at com.samsung.android.server.wifi.tcp.SemWifiTransportLayerUtils.getApplicationCategory(SemWifiTransportLayerUtils.java:104)
08-17 13:20:35.801  1158  2279 W System.err: 	at com.samsung.android.server.wifi.tcp.SemWifiTransportLayerMonitor$TcpMonitorHandler.handleMessage(SemWifiTransportLayerMonitor.java:244)
08-17 13:20:35.801  1158  2279 W System.err: 	at android.os.Handler.dispatchMessage(Handler.java:106)
08-17 13:20:35.801  1158  2279 W System.err: 	at android.os.Looper.loopOnce(Looper.java:226)
08-17 13:20:35.801  1158  2279 W System.err: 	at android.os.Looper.loop(Looper.java:313)
08-17 13:20:35.801  1158  2279 W System.err: 	at android.os.HandlerThread.run(HandlerThread.java:67)
08-17 13:20:35.801  1158  3008 D WindowManager: finishDrawingWindow: Window{bec30f0 u0 ScreenDecorOverlayBottom} mDrawState=HAS_DRAWN
08-17 13:20:35.801  1158  2279 D SemWifiTransportLayerMonitor.TcpMonitorHandler: MSG_SAVE_PACKAGE_INFO
08-17 13:20:35.801  1158  2279 D SemWifiTransportLayerFileManager: saveWifiPackageInfoToFile
08-17 13:20:35.801  1158  2279 D SemWifiTransportLayerFileManager: writeWifiPackageInfoList
08-17 13:20:35.806  2415  2586 D ViewRootImpl@4c086d[ScreenDecorOverlayBottom]: Received transactionCompleteCallback frameNum=1226
08-17 13:20:35.806  2415  3466 D ViewRootImpl@4c086d[ScreenDecorOverlayBottom]: Scheduling a traversal=true due to a previous skipped traversal.
08-17 13:20:35.807  2415  2415 D IndicatorGardenInputProperty: updateRotation() prv:-1 >> new:1
08-17 13:20:35.807  2415  2415 D DeviceState: getDeviceResolutionPixelSize - currentDensity = 480 deviceDensity = 480 initialDisplaySizeFactor = 1080 currentDisplaySizeFactor = 1080 initialDisplayDensity = 480 proportionalDensity = 480 proportionalPixel = 41
08-17 13:20:35.807  2415  2415 D DeviceState: getDeviceResolutionPixelSize - currentDensity = 480 deviceDensity = 480 initialDisplaySizeFactor = 1080 currentDisplaySizeFactor = 1080 initialDisplayDensity = 480 proportionalDensity = 480 proportionalPixel = 30
08-17 13:20:35.807  2415  2415 D DeviceState: getDeviceResolutionPixelSize - currentDensity = 480 deviceDensity = 480 initialDisplaySizeFactor = 1080 currentDisplaySizeFactor = 1080 initialDisplayDensity = 480 proportionalDensity = 480 proportionalPixel = 34
08-17 13:20:35.808  1158  3008 V WindowManager: Relayout Window{719d3ce u0 StatusBar}: viewVisibility=0 req=2400x72 d0
08-17 13:20:35.810  1158  3008 V WindowManager: Relayout hash=719d3ce, pid=2415: mAttrs={(0,0)(fillx72) gr=TOP CENTER_VERTICAL sim={adjust=pan} layoutInDisplayCutoutMode=always ty=STATUS_BAR fmt=TRANSLUCENT
08-17 13:20:35.810  1158  3008 V WindowManager:   fl=81000008
08-17 13:20:35.810  1158  3008 V WindowManager:   pfl=13000000
08-17 13:20:35.810  1158  3008 V WindowManager:   bhv=DEFAULT naviIconColor=0
08-17 13:20:35.810  1158  3008 V WindowManager:   sfl=2000}
08-17 13:20:35.811  2415  2415 I ViewRootImpl@b2bf3c7[StatusBar]: Relayout returned: old=(0,0,2400,88) new=(0,0,2400,72) req=(2400,72)0 dur=3 res=0x1 s={true -5476376610117662720} ch=false fn=13287
08-17 13:20:35.811  1158  3008 V WindowManager: Relayout Window{bec30f0 u0 ScreenDecorOverlayBottom}: viewVisibility=0 req=195x1008 d0
08-17 13:20:35.814  1158  3008 V WindowManager: Relayout hash=bec30f0, pid=2415: mAttrs={(0,0)(wrapxfill) gr=RIGHT CENTER_HORIZONTAL sim={adjust=pan} layoutInDisplayCutoutMode=always ty=NAVIGATION_BAR_PANEL fmt=TRANSLUCENT
08-17 13:20:35.814  1158  3008 V WindowManager:   fl=20800128
08-17 13:20:35.814  1158  3008 V WindowManager:   pfl=13100050
08-17 13:20:35.814  1158  3008 V WindowManager:   vsysui=100
08-17 13:20:35.814  1158  3008 V WindowManager:   bhv=DEFAULT naviIconColor=0}
08-17 13:20:35.814  2415  3466 I ViewRootImpl@4c086d[ScreenDecorOverlayBottom]: Relayout returned: old=(2205,0,2400,1080) new=(2205,0,2400,1080) req=(195,1008)0 dur=3 res=0x1 s={true -5476376610153576448} ch=false fn=1227
08-17 13:20:35.815  1091  1091 D SurfaceFlinger: Display 4630947232161729153 HWC layers:
08-17 13:20:35.815  1091  1091 D SurfaceFlinger:  SOLID_COLOR |              | 0000 |  Unknown  |    0.0    0.0    0.0    0.0 |    0    0 1080   88 | Letterbox - left#1
08-17 13:20:35.815  1091  1091 D SurfaceFlinger:      DEVICE | 0xb400007a380145b0 | 0100 | RGBA_8888    |    0.0    0.0 1080.0 2312.0 |    0   88 1080 2400 | Splash Screen com.flygame.flygamex$_2415#0
08-17 13:20:35.815  1091  1091 D SurfaceFlinger:      DEVICE | 0xb400007a38015030 | 0100 | RGBA_8888    |    0.0    0.0   72.0 2400.0 | 1008    0 1080 2400 | StatusBar$_2415#0
08-17 13:20:35.815  1091  1091 D SurfaceFlinger:      DEVICE | 0xb400007a38014230 | 0100 | RGBA_8888    |    0.0    0.0 1080.0  144.0 |    0 2256 1080 2400 | NavigationBar0$_2415#0
08-17 13:20:35.815  1091  1091 D SurfaceFlinger:      DEVICE | 0xb400007a1d72dad0 | 0140 | RGBA_8888    |    0.0    0.0 1080.0  195.0 |    0    0 1080  195 | ScreenDecorOverlay$_2415#0
08-17 13:20:35.815  1091  1091 D SurfaceFlinger:      DEVICE | 0xb400007a38014bd0 | 0140 | RGBA_8888    |    0.0    0.0 1080.0  195.0 |    0 2205 1080 2400 | ScreenDecorOverlayBottom$_2415#0
08-17 13:20:35.815  1091  1091 D SurfaceFlinger: 
08-17 13:20:35.815  2415  2626 D OpenGLRenderer: setSurface() destroyed EGLSurface
08-17 13:20:35.815  2415  2626 D OpenGLRenderer: destroyEglSurface
08-17 13:20:35.815  2415  2626 D OpenGLRenderer: eglCreateWindowSurface
08-17 13:20:35.817  2415  2626 I BufferQueueProducer: [ViewRootImpl@4c086d[ScreenDecorOverlayBottom]#6(BLAST Consumer)6](id:96f00000006,api:1,p:2415,c:2415) queueBuffer: queued for the first time.
08-17 13:20:35.818  2415  2415 D IndicatorGardenInputProperty: updateRotation() prv:-1 >> new:1
08-17 13:20:35.818  2415  2415 D DeviceState: getDeviceResolutionPixelSize - currentDensity = 480 deviceDensity = 480 initialDisplaySizeFactor = 1080 currentDisplaySizeFactor = 1080 initialDisplayDensity = 480 proportionalDensity = 480 proportionalPixel = 41
08-17 13:20:35.818  2415  2415 D DeviceState: getDeviceResolutionPixelSize - currentDensity = 480 deviceDensity = 480 initialDisplaySizeFactor = 1080 currentDisplaySizeFactor = 1080 initialDisplayDensity = 480 proportionalDensity = 480 proportionalPixel = 30
08-17 13:20:35.818  2415  2415 D DeviceState: getDeviceResolutionPixelSize - currentDensity = 480 deviceDensity = 480 initialDisplaySizeFactor = 1080 currentDisplaySizeFactor = 1080 initialDisplayDensity = 480 proportionalDensity = 480 proportionalPixel = 34
08-17 13:20:35.819  2415  2626 D OpenGLRenderer: setSurface() destroyed EGLSurface
08-17 13:20:35.819  2415  2626 D OpenGLRenderer: destroyEglSurface
08-17 13:20:35.819  2415  2626 D OpenGLRenderer: eglCreateWindowSurface
08-17 13:20:35.820  2415  2415 D IndicatorGardenInputProperty: updateRotation() prv:-1 >> new:1
08-17 13:20:35.820  2415  2415 D DeviceState: getDeviceResolutionPixelSize - currentDensity = 480 deviceDensity = 480 initialDisplaySizeFactor = 1080 currentDisplaySizeFactor = 1080 initialDisplayDensity = 480 proportionalDensity = 480 proportionalPixel = 41
08-17 13:20:35.820  2415  2415 D DeviceState: getDeviceResolutionPixelSize - currentDensity = 480 deviceDensity = 480 initialDisplaySizeFactor = 1080 currentDisplaySizeFactor = 1080 initialDisplayDensity = 480 proportionalDensity = 480 proportionalPixel = 30
08-17 13:20:35.820  2415  2415 D DeviceState: getDeviceResolutionPixelSize - currentDensity = 480 deviceDensity = 480 initialDisplaySizeFactor = 1080 currentDisplaySizeFactor = 1080 initialDisplayDensity = 480 proportionalDensity = 480 proportionalPixel = 34
08-17 13:20:35.820  2415  2415 D ViewRootImpl@b2bf3c7[StatusBar]: Creating frameDrawingCallback nextDrawUseBlastSync=false reportNextDraw=true hasBlurUpdates=false
08-17 13:20:35.820  2415  2415 D ViewRootImpl@b2bf3c7[StatusBar]: Creating frameCompleteCallback
08-17 13:20:35.821  2415  3194 D ViewRootImpl@b2bf3c7[StatusBar]: Received frameDrawingCallback frameNum=13287. Creating transactionCompleteCallback=false
08-17 13:20:35.822  2415  2626 I BufferQueueProducer: [ViewRootImpl@b2bf3c7[StatusBar]#4(BLAST Consumer)4](id:96f00000004,api:1,p:2415,c:2415) queueBuffer: queued for the first time.
08-17 13:20:35.823  2415  2626 D ViewRootImpl@b2bf3c7[StatusBar]: Received frameCompleteCallback  lastAcquiredFrameNum=13287 lastAttemptedDrawFrameNum=13287
08-17 13:20:35.824  2415  2415 D QS      : setQSExpansion 0.0 -137.025
08-17 13:20:35.825  2415  2415 D QS      : setQSExpansion 0.0 -137.025
08-17 13:20:35.825  2415  2415 V SecQSFragmentAnimatorBase: setQsExpansionPosition 0.0
08-17 13:20:35.825  2415  2415 V QsExpandAnimator: setQsExpansionPosition 0.0 0
08-17 13:20:35.825  2415  2415 D QS      : setQSExpansion 0.0 -137.025
08-17 13:20:35.826  2415  2415 W Looper  : Slow dispatch took 32ms main h=android.view.Choreographer$FrameHandler c=android.view.Choreographer$FrameDisplayEventReceiver@b7e0bcc m=0
08-17 13:20:35.826  2415  2415 I ViewRootImpl@b2bf3c7[StatusBar]: [DP] pdf(0) 0 android.view.ViewRootImpl.lambda$addFrameCompleteCallbackIfNeeded$3$ViewRootImpl:4987 android.view.ViewRootImpl$$ExternalSyntheticLambda16.run:6 android.os.Handler.handleCallback:938 
08-17 13:20:35.826  2415  2415 I ViewRootImpl@b2bf3c7[StatusBar]: [DP] rdf()
08-17 13:20:35.826  2415  2415 D ViewRootImpl@b2bf3c7[StatusBar]: reportDrawFinished (fn: 13287) 
08-17 13:20:35.826  2415  2415 D ViewRootImpl@e049443[NavigationBar0]: Scheduling a traversal=true due to a previous skipped traversal.
08-17 13:20:35.826  2415  2415 V QsExpandAnimator: updateAnimators
08-17 13:20:35.826  1158  2567 D WindowManager: finishDrawingWindow: Window{719d3ce u0 StatusBar} mDrawState=HAS_DRAWN
08-17 13:20:35.826  2415  2415 V QsExpandAnimator: clearAnimationState 
08-17 13:20:35.828  2415  2415 V QsExpandAnimator: setQsExpansionPosition 0.0 0
08-17 13:20:35.828  2415  2415 I ViewRootImpl@b2bf3c7[StatusBar]: handleResized, msg = 4 frames=ClientWindowFrames{frame=[0,0][2400,72] display=[0,0][2400,1080] backdrop=[0,0][2400,72]} forceNextWindowRelayout=true displayId=0 frameChanged=false backdropFrameChanged=false configChanged=false displayChanged=false mNextDrawUseBlastSync=false mergedConfiguration={mGlobalConfig={0.9 530mcc1mnc [en_NZ] ldltr sw360dp w722dp h336dp 480dpi nrml long land night finger -keyb/v/h -nav/h winConfig={ mBounds=Rect(0, 0 - 2400, 1080) mAppBounds=Rect(88, 0 - 2256, 1080) mMaxBounds=Rect(0, 0 - 2400, 1080) mWindowingMode=fullscreen mDisplayWindowingMode=fullscreen mActivityType=undefined mAlwaysOnTop=undefined mRotation=ROTATION_90 mPopOver=undefined mFreeformTaskPinningState=undefined} s.8569 fontWeightAdjustment=0 ff=0 bf=0 bts=0 desktop/d dm/n ?dc ?dcui ?dcaf enb/d themeSeq=0} mOverrideConfig={0.9 530mcc1mnc [en_NZ] ldltr sw360dp w722dp h336dp 480dpi nrml long land night finger -keyb/v/h -nav/h winConfig={ mBounds=Rect(0, 0 - 2400, 1080) mAppBounds=Rect(88, 0 - 2256, 1080) mMaxBounds=Rect(0, 0 - 2400, 1080) mWindowingMode=fullscreen mDisplayWindowingMode=fullscreen mActivityType=undefined mAlwaysOnTop=undefined mRotation=ROTATION_90 mPopOver=undefined mFreeformTaskPinningState=undefined} s.8568 fontWeightAdjustment=0 ff=0 bf=0 bts=0 desktop/d dm/n ?dc ?dcui ?dcaf enb/d themeSeq=0}}
08-17 13:20:35.828  2415  2415 D QSCinemaProvider: orientation is changed ! 1 >> 2
08-17 13:20:35.828  2415  2415 V SecQSFragmentAnimatorBase: onConfigurationChanged
08-17 13:20:35.831  2415  2415 D IndicatorGardenInputProperty: updateRotation() prv:-1 >> new:1
08-17 13:20:35.831  2415  2415 D DeviceState: getDeviceResolutionPixelSize - currentDensity = 480 deviceDensity = 480 initialDisplaySizeFactor = 1080 currentDisplaySizeFactor = 1080 initialDisplayDensity = 480 proportionalDensity = 480 proportionalPixel = 41
08-17 13:20:35.831  2415  2415 D DeviceState: getDeviceResolutionPixelSize - currentDensity = 480 deviceDensity = 480 initialDisplaySizeFactor = 1080 currentDisplaySizeFactor = 1080 initialDisplayDensity = 480 proportionalDensity = 480 proportionalPixel = 30
08-17 13:20:35.831  2415  2415 D DeviceState: getDeviceResolutionPixelSize - currentDensity = 480 deviceDensity = 480 initialDisplaySizeFactor = 1080 currentDisplaySizeFactor = 1080 initialDisplayDensity = 480 proportionalDensity = 480 proportionalPixel = 34
08-17 13:20:35.832  1158  2567 V WindowManager: Relayout Window{719d3ce u0 StatusBar}: viewVisibility=0 req=2400x72 d0
08-17 13:20:35.834  1158  2567 V WindowManager: Relayout hash=719d3ce, pid=2415: mAttrs={(0,0)(fillx72) gr=TOP CENTER_VERTICAL sim={adjust=pan} layoutInDisplayCutoutMode=always ty=STATUS_BAR fmt=TRANSLUCENT
08-17 13:20:35.834  1158  2567 V WindowManager:   fl=81000008
08-17 13:20:35.834  1158  2567 V WindowManager:   pfl=13000000
08-17 13:20:35.834  1158  2567 V WindowManager:   bhv=DEFAULT naviIconColor=0
08-17 13:20:35.834  1158  2567 V WindowManager:   sfl=2000}
08-17 13:20:35.835  2415  2415 I ViewRootImpl@b2bf3c7[StatusBar]: Relayout returned: old=(0,0,2400,72) new=(0,0,2400,72) req=(2400,72)0 dur=3 res=0x1 s={true -5476376610117662720} ch=false fn=13288
08-17 13:20:35.838  2415  2415 D IndicatorGardenInputProperty: updateRotation() prv:-1 >> new:1
08-17 13:20:35.838  2415  2415 D DeviceState: getDeviceResolutionPixelSize - currentDensity = 480 deviceDensity = 480 initialDisplaySizeFactor = 1080 currentDisplaySizeFactor = 1080 initialDisplayDensity = 480 proportionalDensity = 480 proportionalPixel = 41
08-17 13:20:35.838  2415  2415 D DeviceState: getDeviceResolutionPixelSize - currentDensity = 480 deviceDensity = 480 initialDisplaySizeFactor = 1080 currentDisplaySizeFactor = 1080 initialDisplayDensity = 480 proportionalDensity = 480 proportionalPixel = 30
08-17 13:20:35.838  2415  2415 D DeviceState: getDeviceResolutionPixelSize - currentDensity = 480 deviceDensity = 480 initialDisplaySizeFactor = 1080 currentDisplaySizeFactor = 1080 initialDisplayDensity = 480 proportionalDensity = 480 proportionalPixel = 34
08-17 13:20:35.838  2415  2626 D OpenGLRenderer: setSurface() destroyed EGLSurface
08-17 13:20:35.838  2415  2626 D OpenGLRenderer: destroyEglSurface
08-17 13:20:35.838  2415  2626 D OpenGLRenderer: eglCreateWindowSurface
08-17 13:20:35.840  2415  2626 I BufferQueueProducer: [ViewRootImpl@b2bf3c7[StatusBar]#4(BLAST Consumer)4](id:96f00000004,api:1,p:2415,c:2415) queueBuffer: queued for the first time.
08-17 13:20:35.841  1158  2567 V WindowManager: Relayout Window{9140b98 u0 NavigationBar0}: viewVisibility=0 req=144x1080 d0
08-17 13:20:35.843  1158  2567 V WindowManager: Relayout hash=9140b98, pid=2415: mAttrs={(0,0)(fillxfill) sim={adjust=pan} layoutInDisplayCutoutMode=always ty=NAVIGATION_BAR fmt=TRANSLUCENT receive insets ignoring z-order
08-17 13:20:35.843  1158  2567 V WindowManager:   fl=21840068
08-17 13:20:35.843  1158  2567 V WindowManager:   pfl=33000000
08-17 13:20:35.843  1158  2567 V WindowManager:   bhv=DEFAULT naviIconColor=0}
08-17 13:20:35.844  2415  2415 I ViewRootImpl@e049443[NavigationBar0]: Relayout returned: old=(2256,0,2400,1080) new=(2256,0,2400,1080) req=(144,1080)0 dur=3 res=0x1 s={true -5476376610117693440} ch=false fn=70756
08-17 13:20:35.844  2415  2626 D OpenGLRenderer: setSurface() destroyed EGLSurface
08-17 13:20:35.844  2415  2626 D OpenGLRenderer: destroyEglSurface
08-17 13:20:35.844  2415  2626 D OpenGLRenderer: eglCreateWindowSurface
08-17 13:20:35.845  2415  2415 V Navbar.Store: handleEvent [EventType] GET_BOOL_USE_NAVBAR_BACKGROUND_FRAME [Module] NavigationBarTransitions  KEYS_DEFAULT=false
08-17 13:20:35.845  2415  2415 V Navbar.Store: --[Band]COLOR_PACK_GET_USE_NAVBAR_BACKGROUND_FRAME
08-17 13:20:35.845  2415  2415 V Navbar.Store: ----getValue(BOOL_NAVBAR_GESTURAL_MODE)=false
08-17 13:20:35.845  2415  2415 V Navbar.Store: ----getValue(BOOL_NAVBAR_OPAQUE)=false
08-17 13:20:35.845  2415  2415 V Navbar.Store: ----getValue(BOOL_NAVBAR_PINNED_EDGE_ENABELD)=false
08-17 13:20:35.846  2415  2415 W Looper  : Slow dispatch took 17ms main h=android.view.Choreographer$FrameHandler c=android.view.Choreographer$FrameDisplayEventReceiver@b7e0bcc m=0
08-17 13:20:35.846  2415  2415 V QsExpandAnimator: updateAnimators
08-17 13:20:35.846  2415  2415 V QsExpandAnimator: clearAnimationState 
08-17 13:20:35.846  2415  2415 V QsExpandAnimator: setQsExpansionPosition 0.0 0
08-17 13:20:35.846  2415  2415 D KeyguardPunchHoleVIView: updateScreenConfig() rotation 0 -> 1, screen width 1080 -> 2400, screen width 2400 -> 1080
08-17 13:20:35.846  2415  2415 D KeyguardPunchHoleVIView: startVI() - return, face recognition is stopped
08-17 13:20:35.846  2415  2415 V QsExpandAnimator: updateAnimators
08-17 13:20:35.847  2415  2415 V QsExpandAnimator: clearAnimationState 
08-17 13:20:35.847  2415  2626 I BufferQueueProducer: [ViewRootImpl@e049443[NavigationBar0]#1(BLAST Consumer)1](id:96f00000001,api:1,p:2415,c:2415) queueBuffer: queued for the first time.
08-17 13:20:35.847  2415  2415 V QsExpandAnimator: setQsExpansionPosition 0.0 0
08-17 13:20:35.847  2415  2415 W Looper  : Drained
08-17 13:20:35.847  2415  2415 D KeyguardPunchHoleVIView: updateVILocation() Rect(-5, 474 - 125, 604)
08-17 13:20:35.853   978 29833 I HYPER-HAL: [RequestManager.cpp]releaseLocked(): Released ID : 1105169
08-17 13:20:35.857  4176  4242 I SP      : Syncing content_cache (2022052320) with slices: [146938679d8a79c40dfa474830396eab, 8722425f4121ffdea802b1066df73991, fa1da98da1212aad6fb9a8efaff48148], metadata: true
08-17 13:20:35.872  1158  4032 D MotionRecognitionService: values = 100.0
08-17 13:20:35.872  1158  4032 D MotionRecognitionService: onReceive lux: 100.0  action: 
08-17 13:20:35.872  1158  4032 D MotionRecognitionService: Inject brightness form Cam 100.0
08-17 13:20:35.872  1158  4032 D MotionRecognitionService: Inject calibrated lux
08-17 13:20:35.898  4176 29889 I KeyboardDefManager: KeyboardDefManager.lambda$loadKeyboardDef$2():393 parsing keyboard def from xml failed or task was canceled.
08-17 13:20:35.972  1158  2295 D NetdEventListenerService: DNS Requested by : 168, 10434, 0
08-17 13:20:36.022  4176  4242 I SP      : Sync for content_cache succeeded in 194 ms: no changes
08-17 13:20:36.022  4176  4242 I SP      : GC for 'content_cache' (10) with ttl of 0 ms took 0 ms (0/0/0)
08-17 13:20:36.051  1158  2275 D SemNscXgbMsL1: Probability - Cloud gaming: [0.003968659]
08-17 13:20:36.052  1158  2275 D SemNscXgbMsL1: Probability - Real time: [0.10711282]
08-17 13:20:36.052  1158  2275 D SemNscXgbMsL1: Probability - Non real time: [0.8722567]
08-17 13:20:36.052  1158  2275 D SemNscXgbMsL1: 1 sample inference time: 1.015365 msecs
08-17 13:20:36.054  1158  2275 D SemNscXgbL2Rt: L2 RT 1 sample inference time: 2.297864 msecs
08-17 13:20:36.056  1158  2275 D SemNscXgbL2Nrt: L2 NRT 1 sample inference time: 1.865729 msecs
08-17 13:20:36.065  1158 29899 D WifiConnectivityMonitor.DnsPingerHandler: setCurrentLinkProperties: lp={InterfaceName: wlan0 LinkAddresses: [ fe80::c036:55ff:fef0:1e4d/64,2407:7000:823d:d900:c036:55ff:fef0:1e4d/64,2407:7000:823d:d900:a9ee:5bb5:f9a6:7f0d/64,192.168.1.236/24 ] DnsAddresses: [ /2407:7000:823d:d900:1213:31ff:feb4:de,/192.168.1.1 ] Domains: hub MTU: 0 ServerAddress: /192.168.1.1 TcpBufferSizes: 524288,1048576,4194304,524288,1048576,4194304 Routes: [ fe80::/64 -> :: wlan0 mtu 0,::/0 -> fe80::1213:31ff:feb4:de wlan0 mtu 0,2407:7000:823d:d900::/56 -> fe80::1213:31ff:feb4:de wlan0 mtu 0,2407:7000:823d:d900::/64 -> :: wlan0 mtu 0,192.168.1.0/24 -> 0.0.0.0 wlan0 mtu 0,0.0.0.0/0 -> 192.168.1.1 wlan0 mtu 0 ]}
08-17 13:20:36.071  1158  4032 D MotionRecognitionService: values = 100.0
08-17 13:20:36.071  1158  4032 D MotionRecognitionService: onReceive lux: 100.0  action: 
08-17 13:20:36.071  1158  4032 D MotionRecognitionService: Inject brightness form Cam 100.0
08-17 13:20:36.071  1158  4032 D MotionRecognitionService: Inject calibrated lux
08-17 13:20:36.078 29841 29841 D UE4     : In the JNI_OnLoad function
08-17 13:20:36.078 29841 29841 D UE4     : [JNI] - Failed to determine if app purchasing is enabled!
08-17 13:20:36.080 29841 29841 D UE4     : Path found as '/storage/emulated/0'
08-17 13:20:36.081 29841 29841 D UE4     : Font Path found as '/system/fonts/'
08-17 13:20:36.081 29841 29841 D UE4     : In the JNI_OnLoad function 5
08-17 13:20:36.084 29841 29841 D OVRPlugin: JNI_OnLoad
08-17 13:20:36.094 29841 29841 I DecorView: [INFO] isPopOver=false, config=true
08-17 13:20:36.094 29841 29841 I DecorView: updateCaptionType >> DecorView@57e1ee[], isFloating=false, isApplication=true, hasWindowControllerCallback=true, hasWindowDecorCaption=false
08-17 13:20:36.094 29841 29841 D DecorView: setCaptionType = 0, this = DecorView@57e1ee[]
08-17 13:20:36.096 29841 29841 I DecorView: getCurrentDensityDpi: from real metrics. densityDpi=480 msg=resources_loaded
08-17 13:20:36.107 29841 29902 D UE4     : Entering native app glue main function
08-17 13:20:36.107 29841 29902 D UE4     : Created event thread
08-17 13:20:36.107 29841 29902 D UE4     : Entered AndroidMain()
08-17 13:20:36.107 29841 29903 D UE4     : Entering event processing thread engine entry point
08-17 13:20:36.107 29841 29903 D UE4     : Prepared looper for event thread
08-17 13:20:36.107 29841 29903 D UE4     : Passed callback initialization
08-17 13:20:36.107 29841 29903 D UE4     : Passed sensor initialization
08-17 13:20:36.109 29841 29902 D UE4     : Controller interface supported
08-17 13:20:36.110  1158  2567 W ServiceManager: Permission failure: android.permission.HIGH_SAMPLING_RATE_SENSORS from uid=10434 pid=29841
08-17 13:20:36.116 29841 29841 I Dialog  : mIsDeviceDefault = false, mIsSamsungBasicInteraction = false, isMetaDataInActivity = false
08-17 13:20:36.118 29841 29841 I DecorView: [INFO] isPopOver=false, config=false
08-17 13:20:36.118 29841 29841 I DecorView: updateCaptionType >> DecorView@a6ced1c[], isFloating=false, isApplication=true, hasWindowControllerCallback=false, hasWindowDecorCaption=false
08-17 13:20:36.118 29841 29841 D DecorView: setCaptionType = 0, this = DecorView@a6ced1c[]
08-17 13:20:36.119 29841 29841 I DecorView: getCurrentDensityDpi: from app context. densityDpi=480 msg=resources_loaded
08-17 13:20:36.130 29841 29868 D NativeCustomFrequencyManager: [NativeCFMS] BpCustomFrequencyManager::BpCustomFrequencyManager()
08-17 13:20:36.133 29841 29841 I DecorView: notifyKeepScreenOnChanged: keepScreenOn=false
08-17 13:20:36.134 29841 29841 D InsetsSourceConsumer: setRequestedVisible: visible=false, type=21, host=com.flygame.flygamex/com.epicgames.ue4.GameActivity, from=android.view.InsetsSourceConsumer.hide:253 android.view.InsetsController.collectSourceControls:1215 android.view.InsetsController.controlAnimationUnchecked:1077 android.view.InsetsController.applyAnimation:1456 android.view.InsetsController.applyAnimation:1437 android.view.InsetsController.hide:1006 android.view.InsetsController.hide:981 android.view.ViewRootImpl.controlInsetsForCompatibility:3134 android.view.ViewRootImpl.setView:1547 android.view.WindowManagerGlobal.addView:509 
08-17 13:20:36.135 29841 29841 D InsetsSourceConsumer: setRequestedVisible: visible=false, type=20, host=com.flygame.flygamex/com.epicgames.ue4.GameActivity, from=android.view.InsetsSourceConsumer.hide:253 android.view.InsetsController.collectSourceControls:1215 android.view.InsetsController.controlAnimationUnchecked:1077 android.view.InsetsController.applyAnimation:1456 android.view.InsetsController.applyAnimation:1437 android.view.InsetsController.hide:1006 android.view.InsetsController.hide:981 android.view.ViewRootImpl.controlInsetsForCompatibility:3134 android.view.ViewRootImpl.setView:1547 android.view.WindowManagerGlobal.addView:509 
08-17 13:20:36.135 29841 29841 D InsetsSourceConsumer: setRequestedVisible: visible=false, type=1, host=com.flygame.flygamex/com.epicgames.ue4.GameActivity, from=android.view.InsetsSourceConsumer.hide:253 android.view.InsetsController.collectSourceControls:1215 android.view.InsetsController.controlAnimationUnchecked:1077 android.view.InsetsController.applyAnimation:1456 android.view.InsetsController.applyAnimation:1437 android.view.InsetsController.hide:1006 android.view.InsetsController.hide:981 android.view.ViewRootImpl.controlInsetsForCompatibility:3134 android.view.ViewRootImpl.setView:1547 android.view.WindowManagerGlobal.addView:509 
08-17 13:20:36.135 29841 29841 D InsetsSourceConsumer: setRequestedVisible: visible=false, type=0, host=com.flygame.flygamex/com.epicgames.ue4.GameActivity, from=android.view.InsetsSourceConsumer.hide:253 android.view.InsetsController.collectSourceControls:1215 android.view.InsetsController.controlAnimationUnchecked:1077 android.view.InsetsController.applyAnimation:1456 android.view.InsetsController.applyAnimation:1437 android.view.InsetsController.hide:1006 android.view.InsetsController.hide:981 android.view.ViewRootImpl.controlInsetsForCompatibility:3134 android.view.ViewRootImpl.setView:1547 android.view.WindowManagerGlobal.addView:509 
08-17 13:20:36.136  1158  2567 W WindowManager: Failed looking up window session=Session{3b6bb4f 29841:u0a10434} callers=com.android.server.wm.WindowManagerService.windowForClientLocked:6300 com.android.server.wm.Session.insetsModified:700 android.view.IWindowSession$Stub.onTransact:1256 
08-17 13:20:36.136  1158  3008 D InputTransport: Input channel constructed: 'e579aba', fd=913
08-17 13:20:36.136  1158  3008 D InputTransport: Input channel constructed: 'e579aba', fd=914
08-17 13:20:36.136  1158  3008 D InputTransport: Input channel constructed: 'e579aba', fd=915
08-17 13:20:36.137  1091  2184 I SurfaceFlinger: id=23167 createSurf (0x0),-1 flag=80004, e579aba com.flygame.flygamex/com.epicgames.ue4.GameActivity#0
08-17 13:20:36.138  1158  3008 D InputTransport: Input channel destroyed: 'e579aba', fd=915
08-17 13:20:36.141 29841 29841 I ViewRootImpl@47ad25[GameActivity]: setView = com.android.internal.policy.DecorView@a6ced1c TM=true
08-17 13:20:36.142 29841 29841 D UE4     : [GameActivity] Target SDK is 28.  This may cause issues if permissions are denied by the user.
08-17 13:20:36.142 29841 29841 E PermissionHelper: GVRTransition2DActivity.getActivity() failed. Trying to get GameActivity.
08-17 13:20:36.143 29841 29841 D PermissionHelper: checkPermission: android.permission.WRITE_EXTERNAL_STORAGE has granted
08-17 13:20:36.160 11117 11365 I SCS@AiSearch user 0: (SamsungSearchSerialMergeScheduler) Lucene segment merge is triggered by FULL_FLUSH, took 906ms
08-17 13:20:36.160 11117 11365 I SCS@AiSearch user 0: (IndexSearcherManager) [pool-12-thread-1] leaving from refreshSearcherManager():  
08-17 13:20:36.160 11117 11365 I SCS@AiSearch user 0: (IndexManager) [pool-12-thread-1] entering in waitUntilCommitTaskFinished (idx=com.google.android.providers.media)():  
08-17 13:20:36.160 11117 11473 I SCS@AiSearch user 0: (IndexManager) [pool-18-thread-1] entering in commitIndexWriter():  
08-17 13:20:36.175 11117 11473 I SCS@AiSearch user 0: (IndexManager) [pool-18-thread-1] leaving from commitIndexWriter():  
08-17 13:20:36.175 11117 11365 I SCS@AiSearch user 0: (IndexManager) [pool-12-thread-1] leaving from waitUntilCommitTaskFinished (idx=com.google.android.providers.media)():  
08-17 13:20:36.175 11117 11365 I SCS@AiSearch user 0: (IndexManager) addIndex(): done
08-17 13:20:36.176 11117 11365 I SCS@AiSearch user 0: (BaseCollector::AOSP_MP) fetch: fetching took  1443 ms
08-17 13:20:36.176 11117 11365 I SCS@AiSearch user 0: (BaseCollector::AOSP_MP) fetchChanges: applied 296 items
08-17 13:20:36.176 11117 11365 I SCS@AiSearch user 0: (BaseCollector::AOSP_MP) notifyIndexChange
08-17 13:20:36.181   978 29836 I HYPER-HAL: [RequestManager.cpp]releaseLocked(): Released ID : 689741
08-17 13:20:36.220 29841 29841 D UE4     : [GameActivity] Vulkan version: 1.1.0
08-17 13:20:36.220 29841 29841 D UE4     : [GameActivity] Vulkan level: 1
08-17 13:20:36.221 29841 29841 D UE4     : [GameActivity] Found DepthBufferPreference = 0
08-17 13:20:36.221 29841 29841 D UE4     : [GameActivity] Found bPackageDataInsideApk = 0
08-17 13:20:36.221 29841 29841 D UE4     : [GameActivity] Found ProjectName = bird_away_2
08-17 13:20:36.221 29841 29841 D UE4     : [GameActivity] Found AppType = 
08-17 13:20:36.221 29841 29841 D UE4     : [GameActivity] Found bHasOBBFiles = 0
08-17 13:20:36.221 29841 29841 D UE4     : [GameActivity] Found bVerifyOBBOnStartUp = false
08-17 13:20:36.221 29841 29841 D UE4     : [GameActivity] UI hiding set to true
08-17 13:20:36.221 29841 29841 D UE4     : [GameActivity] BuildConfiguration set to Development
08-17 13:20:36.221 29841 29841 D UE4     : [GameActivity] UseExternalFilesDir set to false
08-17 13:20:36.221 29841 29841 D UE4     : [GameActivity] PublicLogFiles set to false
08-17 13:20:36.221 29841 29841 D UE4     : [GameActivity] AllowIMU set to false
08-17 13:20:36.221 29841 29841 D UE4     : [GameActivity] SupportsVulkan set to false
08-17 13:20:36.222 29841 29841 D UE4     : [GameActivity] No Oculus Mobile mode detected.
08-17 13:20:36.224  1158  2567 D CompatibilityChangeReporter: Compat change id reported: 149924527; UID 10434; state: ENABLED
08-17 13:20:36.224  1158  2567 D CompatibilityChangeReporter: Compat change id reported: 132649864; UID 10434; state: DISABLED
08-17 13:20:36.225 29841 29841 D UE4     : [GameActivity] Using commandline from: /storage/emulated/0/UE4Game/bird_away_2/UE4CommandLine.txt
08-17 13:20:36.225 29841 29904 D UE4     : [GameActivity] [MemoryAdvisor] Significant amount of memory is available for allocation. Estimate is 2185 MB
08-17 13:20:36.225 29841 29841 D UE4     : [GameActivity] Parsing commandline: ../../../bird_away_2/bird_away_2.uproject  /Game/Maps/01testing -Messaging -SessionId=882589BC4F490D2E0FE6849135E54D56 -SessionOwner="Cameron" -SessionName="Launch On Device" -iterative
08-17 13:20:36.234 29841 29841 D UE4     : [GameActivity] ro.hardware: qcom
08-17 13:20:36.234 29841 29841 D UE4     : [GameActivity] ro.hardware.chipname: SM8250
08-17 13:20:36.234 29841 29841 D UE4     : [GameActivity] Hardware: Qualcomm Technologies, Inc KONA
08-17 13:20:36.234 29841 29841 D UE4     : [GameActivity] Memory: 5628 MB
08-17 13:20:36.237 29841 29841 D UE4     : [GameActivity] UseAffinity: false
08-17 13:20:36.237 29841 29841 D UE4     : [GameActivity] BigCoreMask: 0xffff
08-17 13:20:36.237 29841 29841 D UE4     : [GameActivity] LittleCoreMask: 0x0
08-17 13:20:36.237 29841 29841 D UE4     : [GameActivity] APK path: /data/app/~~Drj8eEZg7gx_8U0OfF5OOg==/com.flygame.flygamex-RhS3UYLd6a0rchgSM5Jmow==/base.apk
08-17 13:20:36.237 29841 29841 D UE4     : [GameActivity] OBB in APK: false
08-17 13:20:36.238 29841 29841 D UE4     : InternalFilePath found as '/data/user/0/com.flygame.flygamex/files'
08-17 13:20:36.238 29841 29841 D UE4     : ExternalFilePath found as '/storage/emulated/0/Android/data/com.flygame.flygamex/files'
08-17 13:20:36.238 29841 29841 D UE4     : App is running in Landscape
08-17 13:20:36.239 29841 29841 D UE4     : [GameActivity] Android version is 12
08-17 13:20:36.239 29841 29841 D UE4     : [GameActivity] Android manufacturer is samsung
08-17 13:20:36.239 29841 29841 D UE4     : [GameActivity] Android model is SM-G780G
08-17 13:20:36.239 29841 29841 D UE4     : [GameActivity] Android build number is SP1A.210812.016.G780GXXS3CVF3
