08-17 13:20:36.239 29841 29841 D UE4     : [GameActivity] OS language is set to en_NZ
08-17 13:20:36.239 29841 29841 D UE4     : [GameActivity] Debugger attached is false
08-17 13:20:36.253  1158  3008 I GenerationRegistry: mBackingStore.isClosed() : false
08-17 13:20:36.262   974  7850 I sensors-hal: handle_sns_std_sensor_event:206, Phy Lux 8 Cam Lux 100, br 123
08-17 13:20:36.262   974  7850 I sensors-hal: handle_sns_std_sensor_event:213, [SSC_LIGHT] P: 8(8),m:1,a:813,b:33,c:314,d:12,ag:11,dg:1024,it:384,br:123
08-17 13:20:36.270 29841 29841 I Dialog  : mIsDeviceDefault = false, mIsSamsungBasicInteraction = false, isMetaDataInActivity = false
08-17 13:20:36.271  1158  4032 D MotionRecognitionService: values = 100.0
08-17 13:20:36.271  1158  4032 D MotionRecognitionService: onReceive lux: 100.0  action: 
08-17 13:20:36.271  1158  4032 D MotionRecognitionService: Inject brightness form Cam 100.0
08-17 13:20:36.271  1158  4032 D MotionRecognitionService: Inject calibrated lux
08-17 13:20:36.273 29841 29841 I Dialog  : mIsDeviceDefault = false, mIsSamsungBasicInteraction = false, isMetaDataInActivity = false
08-17 13:20:36.294 29841 29841 W PopupManager: You have not specified a View to use as content view for popups. Falling back to the Activity content view. Note that this may not work as expected in multi-screen environments
08-17 13:20:36.295  1158  1547 I WindowManager: Reparenting to original parent: Surface(name=Leaf:17:17)/@0xc6287bd, destroy=true, surface=Surface(name=WindowToken{2f450c9 android.os.BinderProxy@11b1093})/@0x7728bc0
08-17 13:20:36.296 29841 29841 D UE4     : [GameActivity] googleClient is valid
08-17 13:20:36.296 29841 29841 D UE4     : [GameActivity] ==============> GameActive.onCreate complete!
08-17 13:20:36.298 29841 29841 D UE4     : [GameActivity] Creating console command broadcast listener
08-17 13:20:36.298 29841 29903 D UE4     : LogAndroidEvents::EnqueueAppEvent : 9, [width=-1, height=-1], tid = 29903, APP_EVENT_STATE_ON_START
08-17 13:20:36.299 29841 29841 D UE4     : [GameActivity] ==================================> Inside onStart function in GameActivity
08-17 13:20:36.299 29841 29841 V UE4     : [GameApp] App in foreground
08-17 13:20:36.301 29841 29841 I ViewRootImpl@47ad25[GameActivity]: stopped(false) old=false
08-17 13:20:36.301 29841 29903 D UE4     : Case APP_CMD_RESUME
08-17 13:20:36.301 29841 29841 D UE4     : [GameActivity] === Restoring Transparent Bars ===
08-17 13:20:36.302 29841 29903 D UE4     : LogAndroidEvents::EnqueueAppEvent : 7, [width=-1, height=-1], tid = 29903, APP_EVENT_STATE_ON_RESUME
08-17 13:20:36.302 29841 29841 D UE4     : [GameActivity] ==============> [JAVA] AndroidThunkJava_KeepScreenOn(false) - Enabled screen saver
08-17 13:20:36.302 29841 29841 D UE4     : [GameActivity] ==============> [JAVA] AndroidThunkJava_DisableScreenCapture(false) - Enabled screen captures
08-17 13:20:36.302 29841 29841 D UE4     : App is running in Landscape
08-17 13:20:36.302 29841 29841 D UE4     : [GameActivity] === Restoring Transparent Bars ===
08-17 13:20:36.302 29841 29841 D UE4     : [GameActivity] ==============> Resuming main init
08-17 13:20:36.303  1091  1091 I Layer   : id=23164 removedFromDrawingState Surface(name=WindowToken{2f450c9 android.os.BinderProxy@11b1093})/@0x7728bc0 - animation-leash of fixed_rotation#1 (118)
08-17 13:20:36.303  1091  1091 I SurfaceFlinger: id=23164 Removed Surface(name=WindowToken{2f450c9 android.os.BinderProxy@11b1093})/@0x7728bc0 - animation-leash of fixed_rotation#1 (118)
08-17 13:20:36.303  1091  1091 I Layer   : id=23164 Destroyed Surface(name=WindowToken{2f450c9 android.os.BinderProxy@11b1093})/@0x7728bc0 - animation-leash of fixed_rotation#1
08-17 13:20:36.312 29841 29902 D UE4     : APK Commandline: ../../../bird_away_2/bird_away_2.uproject  /Game/Maps/01testing -Messaging -SessionId=882589BC4F490D2E0FE6849135E54D56 -SessionOwner="Cameron" -SessionName="Launch On Device" -iterative
08-17 13:20:36.312 29841 29902 D UE4     : Override Commandline: ../../../bird_away_2/bird_away_2.uproject  /Game/Maps/01testing -Messaging -SessionId=882589BC4F490D2E0FE6849135E54D56 -SessionOwner="Cameron" -SessionName="Launch On Device" -iterative
08-17 13:20:36.312 29841 29902 D UE4     : Final commandline: ../../../bird_away_2/bird_away_2.uproject  /Game/Maps/01testing -Messaging -SessionId=882589BC4F490D2E0FE6849135E54D56 -SessionOwner="Cameron" -SessionName="Launch On Device" -iterative
08-17 13:20:36.312 29841 29902 D UE4     : Created sync event
08-17 13:20:36.313 29841 29841 D UE4     : [GameActivity] ==============> GameActive.onResume complete!
08-17 13:20:36.316 29841 29868 D NativeCustomFrequencyManager: [NativeCFMS] BpCustomFrequencyManager::BpCustomFrequencyManager()
08-17 13:20:36.316 29841 29841 I DecorView: notifyKeepScreenOnChanged: keepScreenOn=false
08-17 13:20:36.317 29841 29841 D InsetsSourceConsumer: setRequestedVisible: visible=false, type=21, host=com.flygame.flygamex/com.epicgames.ue4.GameActivity, from=android.view.InsetsSourceConsumer.hide:253 android.view.InsetsController.collectSourceControls:1215 android.view.InsetsController.controlAnimationUnchecked:1077 android.view.InsetsController.applyAnimation:1456 android.view.InsetsController.applyAnimation:1437 android.view.InsetsController.hide:1006 android.view.InsetsController.hide:981 android.view.ViewRootImpl.controlInsetsForCompatibility:3134 android.view.ViewRootImpl.setView:1547 android.view.WindowManagerGlobal.addView:509 
08-17 13:20:36.317 29841 29841 D InsetsSourceConsumer: setRequestedVisible: visible=false, type=20, host=com.flygame.flygamex/com.epicgames.ue4.GameActivity, from=android.view.InsetsSourceConsumer.hide:253 android.view.InsetsController.collectSourceControls:1215 android.view.InsetsController.controlAnimationUnchecked:1077 android.view.InsetsController.applyAnimation:1456 android.view.InsetsController.applyAnimation:1437 android.view.InsetsController.hide:1006 android.view.InsetsController.hide:981 android.view.ViewRootImpl.controlInsetsForCompatibility:3134 android.view.ViewRootImpl.setView:1547 android.view.WindowManagerGlobal.addView:509 
08-17 13:20:36.317 29841 29841 D InsetsSourceConsumer: setRequestedVisible: visible=false, type=1, host=com.flygame.flygamex/com.epicgames.ue4.GameActivity, from=android.view.InsetsSourceConsumer.hide:253 android.view.InsetsController.collectSourceControls:1215 android.view.InsetsController.controlAnimationUnchecked:1077 android.view.InsetsController.applyAnimation:1456 android.view.InsetsController.applyAnimation:1437 android.view.InsetsController.hide:1006 android.view.InsetsController.hide:981 android.view.ViewRootImpl.controlInsetsForCompatibility:3134 android.view.ViewRootImpl.setView:1547 android.view.WindowManagerGlobal.addView:509 
08-17 13:20:36.317 29841 29841 D InsetsSourceConsumer: setRequestedVisible: visible=false, type=0, host=com.flygame.flygamex/com.epicgames.ue4.GameActivity, from=android.view.InsetsSourceConsumer.hide:253 android.view.InsetsController.collectSourceControls:1215 android.view.InsetsController.controlAnimationUnchecked:1077 android.view.InsetsController.applyAnimation:1456 android.view.InsetsController.applyAnimation:1437 android.view.InsetsController.hide:1006 android.view.InsetsController.hide:981 android.view.ViewRootImpl.controlInsetsForCompatibility:3134 android.view.ViewRootImpl.setView:1547 android.view.WindowManagerGlobal.addView:509 
08-17 13:20:36.318  1158  3008 W WindowManager: Failed looking up window session=Session{3b6bb4f 29841:u0a10434} callers=com.android.server.wm.WindowManagerService.windowForClientLocked:6300 com.android.server.wm.Session.insetsModified:700 android.view.IWindowSession$Stub.onTransact:1256 
08-17 13:20:36.319  1158  2567 D InputTransport: Input channel constructed: '263163f', fd=919
08-17 13:20:36.319  1158  2567 D InputTransport: Input channel constructed: '263163f', fd=920
08-17 13:20:36.319  1158  2567 D InputTransport: Input channel constructed: '263163f', fd=923
08-17 13:20:36.319  1091  1282 I SurfaceFlinger: id=23168 createSurf (0x0),-1 flag=80004, 263163f com.flygame.flygamex/com.epicgames.ue4.GameActivity#0
08-17 13:20:36.321  1158  2567 D RestrictionPolicy: isScreenCaptureEnabled : ret=true userId=0
08-17 13:20:36.321  1158  2567 D InputTransport: Input channel destroyed: '263163f', fd=923
08-17 13:20:36.322 29841 29841 I ViewRootImpl@c35065b[GameActivity]: setView = com.android.internal.policy.DecorView@57e1ee TM=true
08-17 13:20:36.324 29841 29841 I DecorView: notifyKeepScreenOnChanged: keepScreenOn=false
08-17 13:20:36.329  1158  3008 V WindowManager: Relayout Window{e579aba u0 com.flygame.flygamex/com.epicgames.ue4.GameActivity}: viewVisibility=0 req=2400x1080 d0
08-17 13:20:36.329  1158  3008 D RestrictionPolicy: isScreenCaptureEnabled : ret=true userId=0
08-17 13:20:36.329  1091  3496 I SurfaceFlinger: id=23169 createSurf (1x1),-3 flag=40004, com.flygame.flygamex/com.epicgames.ue4.GameActivity$_29841#0
08-17 13:20:36.330  1158  3008 D WindowManager: makeSurface duration=0 name=com.flygame.flygamex/com.epicgames.ue4.GameActivity$_29841
08-17 13:20:36.332  1158  3008 V WindowManager: Relayout hash=e579aba, pid=29841: mAttrs={(0,0)(fillxfill) gr=CENTER sim={adjust=pan forwardNavigation} ty=APPLICATION fmt=TRANSLUCENT wanim=0x1030001
08-17 13:20:36.332  1158  3008 V WindowManager:   fl=1810508
08-17 13:20:36.332  1158  3008 V WindowManager:   pfl=12020040
08-17 13:20:36.332  1158  3008 V WindowManager:   vsysui=f06
08-17 13:20:36.332  1158  3008 V WindowManager:   bhv=SHOW_TRANSIENT_BARS_BY_SWIPE
08-17 13:20:36.332  1158  3008 V WindowManager:   fitSides= naviIconColor=0}
08-17 13:20:36.332  1158  1547 D CompatibilityChangeReporter: Compat change id reported: 158002302; UID 10434; state: ENABLED
08-17 13:20:36.333 11117 11117 I SCS@AiSearch user 0: (ObserverWorker::DOCUMENTS) [main] entering in startWork():  
08-17 13:20:36.334 11117 11117 I SCS@AiSearch user 0: (ObserverWorker::DOCUMENTS) Retry job, run count = 3
08-17 13:20:36.335  1091  3496 W ServiceManager: Permission failure: android.permission.ACCESS_SURFACE_FLINGER from uid=10434 pid=29841
08-17 13:20:36.335  1091  3496 D PermissionCache: checking android.permission.ACCESS_SURFACE_FLINGER for uid=10434 => denied (237 us)
08-17 13:20:36.335 11117 11183 I WM-WorkerWrapper: Worker result RETRY for Work [ id=d5efbb5e-40e8-431f-9935-2321cbc82184, tags={ com.samsung.android.scs.documents, com.samsung.android.scs.ai.search.data.collector.ObserverWorker } ]
08-17 13:20:36.335  1091  3496 W ServiceManager: Permission failure: android.permission.ROTATE_SURFACE_FLINGER from uid=10434 pid=29841
08-17 13:20:36.335  1091  3496 D PermissionCache: checking android.permission.ROTATE_SURFACE_FLINGER for uid=10434 => denied (158 us)
08-17 13:20:36.336 29841 29841 I ViewRootImpl@47ad25[GameActivity]: Relayout returned: old=(0,0,2400,1080) new=(88,0,2400,1080) req=(2400,1080)0 dur=5 res=0x7 s={true 3980609536} ch=true fn=-1
08-17 13:20:36.339  1158  3008 V SamsungAlarmManager: setLocked to kernel - W:353100877 / NW:353038219, now=353014558
08-17 13:20:36.339   994  1136 I SDM     : HWCDisplay::GetColorModeCount: Supported color mode count = 3
08-17 13:20:36.339   994  1136 I SDM     : HWCDisplay::GetColorModes: Color mode = 0 is supported
08-17 13:20:36.339   994  1136 I SDM     : HWCDisplay::GetColorModes: Color mode = 7 is supported
08-17 13:20:36.339   994  1136 I SDM     : HWCDisplay::GetColorModes: Color mode = 9 is supported
08-17 13:20:36.339  1158  3008 D SamsungAlarmManager: setInexact (T:3/F:0/AC:false) 20220817T132044 now=353014558 - CU:1000/CP:1158/L:61c8297:*job.delay*
08-17 13:20:36.340  1158  3008 V SamsungAlarmManager: setLocked to kernel - W:353100877 / NW:353022684, now=353014558
08-17 13:20:36.340 29841 29841 I ViewRootImpl@47ad25[GameActivity]: [DP] dp(1) 1 android.view.ViewRootImpl.reportNextDraw:11387 android.view.ViewRootImpl.performTraversals:4185 android.view.ViewRootImpl.doTraversal:2911 
08-17 13:20:36.340 29841 29841 D ViewRootImpl@47ad25[GameActivity]: Creating frameDrawingCallback nextDrawUseBlastSync=false reportNextDraw=true hasBlurUpdates=false
08-17 13:20:36.340 29841 29841 D ViewRootImpl@47ad25[GameActivity]: Creating frameCompleteCallback
08-17 13:20:36.341 29841 29868 D hw-ProcessState: Binder ioctl to enable oneway spam detection failed: Invalid argument
08-17 13:20:36.343 29841 29868 D OpenGLRenderer: eglCreateWindowSurface
08-17 13:20:36.346 29841 29906 D ViewRootImpl@47ad25[GameActivity]: Received frameDrawingCallback frameNum=1. Creating transactionCompleteCallback=false
08-17 13:20:36.369  1158 29900 D WifiConnectivityMonitor.DnsThread:  [|203] []
08-17 13:20:36.370  1158  2285 D WifiConnectivityMonitor.NetworkStatsAnalyzer: DNS resultType : 0, responseTime : 203
08-17 13:20:36.370  1158  2283 D OpenNetworkQos[4.00]: updateBssidLatestDnsResultType - result: 0
08-17 13:20:36.370  1158  2283 D OpenNetworkQos[4.00]: updateBssidNoInternet: mBssidNoInternet = false
08-17 13:20:36.370  1158  2283 D OpenNetworkQos[4.00]: getOpenNetworkQosNoInternetStatus: false
08-17 13:20:36.370  1158  2283 D OpenNetworkQos[4.00]: getOpenNetworkQosScores: 19 23 23 
08-17 13:20:36.370  1158  2283 D SettingsProvider: isChangeAllowed() : name = wifi_wcm_qos_sharing_score_summary
08-17 13:20:36.370  1158  2283 I WifiProfileShare: network QoS data was changed (internet), updateQoSData networkType: true, qosData: false
08-17 13:20:36.370  1158  3607 V WifiProfileShare.Caster: update wips network, size: 0
08-17 13:20:36.370  1158  3607 D WifiProfileShare: nearby scanning settings run
08-17 13:20:36.370  1158  3607 D WifiProfileShare: network score provider settings enabled
08-17 13:20:36.370  1158  3607 D OpenNetworkQos[4.00]: getOpenNetworkQosScores: 19 23 23 
08-17 13:20:36.370  1158  3607 D OpenNetworkQos[4.00]: getOpenNetworkQosNoInternetStatus: false
08-17 13:20:36.370  1158  3607 I WifiProfileShare.Caster: current network type: 0, score: [19, 23, 23]
08-17 13:20:36.370  1158  3607 V WifiProfileShare.Caster: captive portal configuration was set
08-17 13:20:36.371  1158  3607 V WifiProfileShare.Cache: update network score 10:13:31:b4:00:df
08-17 13:20:36.371  1158  3607 D WifiProfileShare.ScanMatcher: getMcfDataList size:1
08-17 13:20:36.371  1158  3607 I WifiProfileShare.Caster: qos data was updated , before:type:QOS, pBssid:a7:31:cf, qosData:da after:type:QOS, pBssid:a7:31:cf, qosData:da
08-17 13:20:36.371  1158  3607 I [MCFSDK_android_1.1.26]_4_McfCasterImpl: isNetworkEnabled - type : 1 ret : true
08-17 13:20:36.371  1158  3607 D WifiProfileShare.McfCast: -ME--- mIsNetworkEnabled :true
08-17 13:20:36.371  1158  3607 D WifiProfileShare.McfCast: updateQoSData ignored, same contents
08-17 13:20:36.371  1158  3607 D WifiProfileShare.MCF: success update QosData !
08-17 13:20:36.371  1158  3607 I [MCFSDK_android_1.1.26]_4_McfCasterImpl: isNetworkEnabled - type : 1 ret : true
08-17 13:20:36.371  1158  3607 D WifiProfileShare.McfCast: -ME--- mIsNetworkEnabled :true
08-17 13:20:36.371  1158  3607 D WifiProfileShare.McfCast: -ME--- updatePasswordDate pwdData size:1
08-17 13:20:36.397 29841 29868 I BufferQueueProducer: [ViewRootImpl@47ad25[GameActivity]#0(BLAST Consumer)0](id:749100000000,api:1,p:29841,c:29841) queueBuffer: queued for the first time.
08-17 13:20:36.398  1158  2567 D Native_CFMS: CFMS Add Task Tid(29841)
08-17 13:20:36.398  1158  2567 D Native_CFMS: CFMS Add Task Tid(29868)
08-17 13:20:36.399 29841 29868 D OpenGLRenderer: GPIS:: SetUp Pid : 29841    Tid : 29868
08-17 13:20:36.399 29841 29868 D ViewRootImpl@47ad25[GameActivity]: Received frameCompleteCallback  lastAcquiredFrameNum=1 lastAttemptedDrawFrameNum=1
08-17 13:20:36.402 29841 29841 I SurfaceView@79b3c8: onWindowVisibilityChanged(0) true android.view.SurfaceView{79b3c8 V.E...... ......I. 0,0-0,0} of ViewRootImpl@c35065b[GameActivity]
08-17 13:20:36.404 29841 29841 I DecorView: notifyKeepScreenOnChanged: keepScreenOn=false
08-17 13:20:36.405  1158  2567 V WindowManager: Relayout Window{263163f u0 com.flygame.flygamex/com.epicgames.ue4.GameActivity}: viewVisibility=0 req=2400x1080 d0
08-17 13:20:36.405  1158  2567 D RestrictionPolicy: isScreenCaptureEnabled : ret=true userId=0
08-17 13:20:36.406  1091  1282 I SurfaceFlinger: id=23170 createSurf (2312x1080),-3 flag=40004, com.flygame.flygamex/com.epicgames.ue4.GameActivity$_29841#1
08-17 13:20:36.407  1158  2567 D WindowManager: makeSurface duration=1 name=com.flygame.flygamex/com.epicgames.ue4.GameActivity$_29841
08-17 13:20:36.407 29841 29867 V UE4     : [NetworkChangedManager] Connectivity hasn't changed. Current state: CONNECTION_AVAILABLE
08-17 13:20:36.407 29841 29867 V UE4     : [NetworkChangedManager] Full network check complete. State: CONNECTION_AVAILABLE
08-17 13:20:36.410  1158  2567 V WindowManager: Changing focus from null to Window{263163f u0 com.flygame.flygamex/com.epicgames.ue4.GameActivity} displayId=0 Callers=com.android.server.wm.RootWindowContainer.updateFocusedWindowLocked:583 com.android.server.wm.WindowManagerService.updateFocusedWindowLocked:6476 com.android.server.wm.WindowManagerService.relayoutWindow:2749 com.android.server.wm.Session.relayout:242 
08-17 13:20:36.410  1158  2567 D MARsPolicyManager: onPackageResumedFG pkgName = com.flygame.flygamex, userId = 0
08-17 13:20:36.410  1158  2567 I WindowManager: Cancelling animation restarting=true, leash=Surface(name=Surface(name=719d3ce StatusBar)/@0xca0cef2 - animation-leash of insets_animation)/@0xed7682d
08-17 13:20:36.410  1158  2567 I WindowManager: Reparenting to original parent: Surface(name=WindowToken{2f450c9 android.os.BinderProxy@11b1093})/@0x7728bc0, destroy=false, surface=Surface(name=719d3ce StatusBar)/@0xca0cef2
08-17 13:20:36.410  1158  2567 I WindowManager: Reparenting to leash, surface=Surface(name=719d3ce StatusBar)/@0xca0cef2, leashParent=Surface(name=WindowToken{2f450c9 android.os.BinderProxy@11b1093})/@0x7728bc0
08-17 13:20:36.411  1091  1282 I SurfaceFlinger: id=23171 createSurf (0x0),-1 flag=24000, Surface(name=719d3ce StatusBar)/@0xca0cef2 - animation-leash of insets_animation#1
08-17 13:20:36.411  1158  2567 D WindowManager: makeSurface duration=1 leash=Surface(name=Surface(name=719d3ce StatusBar)/@0xca0cef2 - animation-leash of insets_animation)/@0x9f0810d
08-17 13:20:36.411  1158  2567 I WindowManager: Cancelling animation restarting=true, leash=Surface(name=Surface(name=9140b98 NavigationBar0)/@0x5f95dbb - animation-leash of insets_animation)/@0x3434162
08-17 13:20:36.411  1158  2567 I WindowManager: Reparenting to original parent: Surface(name=WindowToken{8dcc17b android.os.BinderProxy@fd23175})/@0xf5e12d8, destroy=false, surface=Surface(name=9140b98 NavigationBar0)/@0x5f95dbb
08-17 13:20:36.411  1158  2567 I WindowManager: Reparenting to leash, surface=Surface(name=9140b98 NavigationBar0)/@0x5f95dbb, leashParent=Surface(name=WindowToken{8dcc17b android.os.BinderProxy@fd23175})/@0xf5e12d8
08-17 13:20:36.412  1091  1282 I SurfaceFlinger: id=23172 createSurf (0x0),-1 flag=24000, Surface(name=9140b98 NavigationBar0)/@0x5f95dbb - animation-leash of insets_animation#1
08-17 13:20:36.412  1158  2567 D WindowManager: makeSurface duration=1 leash=Surface(name=Surface(name=9140b98 NavigationBar0)/@0x5f95dbb - animation-leash of insets_animation)/@0x95cd6d3
08-17 13:20:36.412  1158  2567 D StatusBarManagerService: notifyRequestedSystemKey recent=false home=false
08-17 13:20:36.413  1158  2567 V WindowManager: Relayout hash=263163f, pid=29841: mAttrs={(0,0)(fillxfill) sim={adjust=resize forwardNavigation} ty=BASE_APPLICATION fmt=RGBA_8888 wanim=0x1030001 sysuil=true
08-17 13:20:36.413  1158  2567 V WindowManager:   fl=1810500
08-17 13:20:36.413  1158  2567 V WindowManager:   pfl=12020040
08-17 13:20:36.413  1158  2567 V WindowManager:   vsysui=1706
08-17 13:20:36.413  1158  2567 V WindowManager:   bhv=SHOW_TRANSIENT_BARS_BY_SWIPE
08-17 13:20:36.413  1158  2567 V WindowManager:   fitSides= naviIconColor=0}
08-17 13:20:36.413  2415  2415 V Navbar.Store: handleEvent [EventType] ON_NAVBAR_WINDOW_STATE_HIDDEN [Module] NavigationBar
08-17 13:20:36.414  2956 26162 I TouchInteractionService: onSystemUiStateChanged, stateFlags : 131074
08-17 13:20:36.414  2956  2956 I TouchInteractionService: onSystemUiFlagsChanged, userUnlocked
08-17 13:20:36.415  2956 26162 I TouchInteractionService: onSystemUiStateChanged, stateFlags : 2
08-17 13:20:36.415  2956  2956 I TouchInteractionService: onSystemUiFlagsChanged, userUnlocked
08-17 13:20:36.415  1158 29912 I SystemUiVisibilityPolicyController: handleMessage: entry what = 1
08-17 13:20:36.416 29841 29841 I ViewRootImpl@c35065b[GameActivity]: Relayout returned: old=(0,0,2400,1080) new=(88,0,2400,1080) req=(2400,1080)0 dur=10 res=0x7 s={true 3980616704} ch=true fn=-1
08-17 13:20:36.417 29841 29868 D OpenGLRenderer: eglCreateWindowSurface
08-17 13:20:36.418 29841 29841 I SurfaceView@79b3c8: windowStopped(false) true android.view.SurfaceView{79b3c8 V.E...... ......ID 0,0-2312,1080} of ViewRootImpl@c35065b[GameActivity]
08-17 13:20:36.418 29841 29841 I ViewRootImpl@c35065b[GameActivity]: [DP] dp(1) 1 android.view.ViewRootImpl.reportNextDraw:11387 android.view.ViewRootImpl.performTraversals:4185 android.view.ViewRootImpl.doTraversal:2911 
08-17 13:20:36.419  1091  1282 I SurfaceFlinger: id=23173 createSurf (0x0),-1 flag=20004, Bounds for - com.flygame.flygamex/com.epicgames.ue4.GameActivity@0#0
08-17 13:20:36.420  1091  2184 I SurfaceFlinger: id=23174 createSurf (0x0),-1 flag=80004, SurfaceView - com.flygame.flygamex/com.epicgames.ue4.GameActivity@79b3c8@0#0
08-17 13:20:36.421  1091  1131 I SurfaceFlinger: id=23175 createSurf (0x0),-1 flag=40400, SurfaceView - com.flygame.flygamex/com.epicgames.ue4.GameActivity@79b3c8@0(BLAST)#0
08-17 13:20:36.421  1091  1282 I SurfaceFlinger: id=23176 createSurf (0x0),-1 flag=20404, Background for SurfaceView - com.flygame.flygamex/com.epicgames.ue4.GameActivity@79b3c8@0#0
08-17 13:20:36.423 29841 29841 I SurfaceView@79b3c8: pST: sr = Rect(0, 0 - 2312, 1080) sw = 2312 sh = 1080
08-17 13:20:36.423 29841 29841 I SurfaceView@79b3c8: onSSPAndSRT: pl = 0 pt = 0 sx = 1.0 sy = 1.0
08-17 13:20:36.424  1158  1547 D InsetsSourceProvider: updateVisibility: serverVisible=true, clientVisible=false, source=InsetsSource: {mType=ITYPE_NAVIGATION_BAR, mFrame=[2256,0][2400,1080], mVisible=false}, controlTarget=Window{263163f u0 com.flygame.flygamex/com.epicgames.ue4.GameActivity}, from=com.android.server.wm.InsetsSourceProvider.setClientVisible:415 com.android.server.wm.InsetsSourceProvider.updateClientVisibility:400 com.android.server.wm.InsetsStateController.onInsetsModified:508 com.android.server.wm.InsetsStateController.lambda$notifyPendingInsetsControlChanged$6$InsetsStateController:689 com.android.server.wm.InsetsStateController$$ExternalSyntheticLambda1.run:2 com.android.server.wm.WindowAnimator.executeAfterPrepareSurfacesRunnables:345 com.android.server.wm.WindowAnimator.animate:226 com.android.server.wm.WindowAnimator.lambda$new$1$WindowAnimator:106 com.android.server.wm.WindowAnimator$$ExternalSyntheticLambda0.doFrame:2 android.view.Choreographer$CallbackRecord.run:1106 
08-17 13:20:36.424  1158  1547 D InsetsSourceProvider: updateVisibility: serverVisible=true, clientVisible=false, source=InsetsSource: {mType=ITYPE_STATUS_BAR, mFrame=[0,0][2400,72], mVisible=false}, controlTarget=Window{263163f u0 com.flygame.flygamex/com.epicgames.ue4.GameActivity}, from=com.android.server.wm.InsetsSourceProvider.setClientVisible:415 com.android.server.wm.InsetsSourceProvider.updateClientVisibility:400 com.android.server.wm.InsetsStateController.onInsetsModified:508 com.android.server.wm.InsetsStateController.lambda$notifyPendingInsetsControlChanged$6$InsetsStateController:689 com.android.server.wm.InsetsStateController$$ExternalSyntheticLambda1.run:2 com.android.server.wm.WindowAnimator.executeAfterPrepareSurfacesRunnables:345 com.android.server.wm.WindowAnimator.animate:226 com.android.server.wm.WindowAnimator.lambda$new$1$WindowAnimator:106 com.android.server.wm.WindowAnimator$$ExternalSyntheticLambda0.doFrame:2 android.view.Choreographer$CallbackRecord.run:1106 
08-17 13:20:36.425 29841 29841 I SurfaceView@79b3c8: pST: mTmpTransaction.apply, mTmpTransaction = android.view.SurfaceControl$Transaction@8844809
08-17 13:20:36.425 29841 29841 I SurfaceView@79b3c8: updateSurface: mVisible = true mSurface.isValid() = true
08-17 13:20:36.425 29841 29841 I SurfaceView@79b3c8: updateSurface: mSurfaceCreated = false surfaceChanged = true visibleChanged = true
08-17 13:20:36.425 29841 29841 I SurfaceView@79b3c8: surfaceCreated 1 #8 android.view.SurfaceView{79b3c8 V.E...... ......ID 0,0-2312,1080}
08-17 13:20:36.425 29841 29903 D UE4     : Case APP_CMD_INIT_WINDOW
08-17 13:20:36.425 29841 29841 I SurfaceView@79b3c8: surfaceChanged (2312,1080) 1 #8 android.view.SurfaceView{79b3c8 V.E...... ......ID 0,0-2312,1080}
08-17 13:20:36.425 29841 29903 D UE4     : LogAndroidEvents::EnqueueAppEvent : 0, [width=2312, height=1080], tid = 29903, APP_EVENT_STATE_WINDOW_CREATED
08-17 13:20:36.426 29841 29841 I ViewRootImpl@c35065b[GameActivity]: [DP] dp(2) 1 android.view.SurfaceView.updateSurface:1375 android.view.SurfaceView.lambda$new$1$SurfaceView:254 android.view.SurfaceView$$ExternalSyntheticLambda2.onPreDraw:2 
08-17 13:20:36.426 29841 29841 I ViewRootImpl@c35065b[GameActivity]: [DP] pdf(1) 1 android.view.SurfaceView.notifyDrawFinished:599 android.view.SurfaceView.performDrawFinished:586 android.view.SurfaceView.$r8$lambda$st27mCkd9jfJkTrN_P3qIGKX6NY:0 
08-17 13:20:36.426 29841 29841 D ViewRootImpl@c35065b[GameActivity]: pendingDrawFinished. Waiting on draw reported mDrawsNeededToReport=1
08-17 13:20:36.428  1091  1091 I Layer   : id=23165 removedFromDrawingState Surface(name=719d3ce StatusBar)/@0xca0cef2 - animation-leash of insets_animation#0 (126)
08-17 13:20:36.428  1091  1091 I Layer   : id=23166 removedFromDrawingState Surface(name=9140b98 NavigationBar0)/@0x5f95dbb - animation-leash of insets_animation#0 (126)
08-17 13:20:36.428  1091  1091 I SurfaceFlinger: [263163f com.flygame.flygamex/com.epicgames.ue4.GameActivity#0] FrameRatePriority: 1
08-17 13:20:36.428  1091  1091 I SurfaceFlinger: id=23165 Removed Surface(name=719d3ce StatusBar)/@0xca0cef2 - animation-leash of insets_animation#0 (126)
08-17 13:20:36.428  1091  1091 I SurfaceFlinger: id=23166 Removed Surface(name=9140b98 NavigationBar0)/@0x5f95dbb - animation-leash of insets_animation#0 (126)
08-17 13:20:36.428  1091  1091 I Layer   : id=23165 Destroyed Surface(name=719d3ce StatusBar)/@0xca0cef2 - animation-leash of insets_animation#0
08-17 13:20:36.428  1091  1091 I Layer   : id=23166 Destroyed Surface(name=9140b98 NavigationBar0)/@0x5f95dbb - animation-leash of insets_animation#0
08-17 13:20:36.429  1158  2567 D InputDispatcher: Focus request (0): 263163f com.flygame.flygamex/com.epicgames.ue4.GameActivity but waiting because NOT_VISIBLE
08-17 13:20:36.432  1158  3008 V WindowManager: Relayout Window{9468543 u0 ScreenDecorOverlay}: viewVisibility=0 req=195x1008 d0
08-17 13:20:36.434 29841 29841 D ViewRootImpl@c35065b[GameActivity]: Creating frameDrawingCallback nextDrawUseBlastSync=false reportNextDraw=true hasBlurUpdates=false
08-17 13:20:36.434 29841 29841 D ViewRootImpl@c35065b[GameActivity]: Creating frameCompleteCallback
08-17 13:20:36.434  1158  3008 V WindowManager: Relayout hash=9468543, pid=2415: mAttrs={(0,0)(wrapxfill) gr=LEFT CENTER_HORIZONTAL sim={adjust=pan} layoutInDisplayCutoutMode=always ty=NAVIGATION_BAR_PANEL fmt=TRANSLUCENT
08-17 13:20:36.434  1158  3008 V WindowManager:   fl=20800128
08-17 13:20:36.434  1158  3008 V WindowManager:   pfl=13100050
08-17 13:20:36.434  1158  3008 V WindowManager:   vsysui=100
08-17 13:20:36.434  1158  3008 V WindowManager:   bhv=DEFAULT naviIconColor=0}
08-17 13:20:36.435  2415  3466 I ViewRootImpl@520a5fd[ScreenDecorOverlay]: Relayout returned: old=(0,0,195,1080) new=(0,0,195,1080) req=(195,1008)0 dur=7 res=0x1 s={true -5476376610153586688} ch=false fn=1857
08-17 13:20:36.435 29841 29907 I SurfaceView@79b3c8: uSP: rtp = Rect(0, 0 - 2312, 1080) rtsw = 2312 rtsh = 1080
08-17 13:20:36.436 29841 29907 I SurfaceView@79b3c8: onSSPAndSRT: pl = 0 pt = 0 sx = 1.0 sy = 1.0
08-17 13:20:36.437 29841 29907 I SurfaceView@79b3c8: aOrMT: uB = true t = android.view.SurfaceControl$Transaction@a1b491a fN = 1 android.view.SurfaceView.access$500:124 android.view.SurfaceView$SurfaceViewPositionUpdateListener.positionChanged:1728 android.graphics.RenderNode$CompositePositionUpdateListener.positionChanged:319 
08-17 13:20:36.437 29841 29907 I SurfaceView@79b3c8: aOrMT: vR.mWNT, vR = ViewRootImpl@c35065b[GameActivity]
08-17 13:20:36.437 29841 29907 I ViewRootImpl@c35065b[GameActivity]: mWNT: t = android.view.SurfaceControl$Transaction@a1b491a fN = 1 android.view.SurfaceView.applyOrMergeTransaction:1628 android.view.SurfaceView.access$500:124 android.view.SurfaceView$SurfaceViewPositionUpdateListener.positionChanged:1728 
08-17 13:20:36.438 29841 29907 I ViewRootImpl@c35065b[GameActivity]: mWNT: merge t to BBQ
08-17 13:20:36.438 29841 29907 D ViewRootImpl@c35065b[GameActivity]: Received frameDrawingCallback frameNum=1. Creating transactionCompleteCallback=false
08-17 13:20:36.438  1158  3008 V WindowManager: Relayout Window{9468543 u0 ScreenDecorOverlay}: viewVisibility=0 req=195x1008 d0
08-17 13:20:36.440 29841 29868 I BufferQueueProducer: [ViewRootImpl@c35065b[GameActivity]#1(BLAST Consumer)1](id:749100000001,api:1,p:29841,c:29841) queueBuffer: queued for the first time.
08-17 13:20:36.441  1158  2871 D Native_CFMS: CFMS Add Task Tid(29841)
08-17 13:20:36.441  1158  2871 D Native_CFMS: CFMS Add Task Tid(29868)
08-17 13:20:36.441  1158  3008 V WindowManager: Relayout hash=9468543, pid=2415: mAttrs={(0,0)(wrapxfill) gr=LEFT CENTER_HORIZONTAL sim={adjust=pan} layoutInDisplayCutoutMode=always ty=NAVIGATION_BAR_PANEL fmt=TRANSLUCENT
08-17 13:20:36.441  1158  3008 V WindowManager:   fl=20800128
08-17 13:20:36.441  1158  3008 V WindowManager:   pfl=13100050
08-17 13:20:36.441  1158  3008 V WindowManager:   vsysui=100
08-17 13:20:36.441  1158  3008 V WindowManager:   bhv=DEFAULT naviIconColor=0}
08-17 13:20:36.441 29841 29868 D OpenGLRenderer: GPIS:: SetUp Pid : 29841    Tid : 29868
08-17 13:20:36.441 29841 29868 D ViewRootImpl@c35065b[GameActivity]: Received frameCompleteCallback  lastAcquiredFrameNum=1 lastAttemptedDrawFrameNum=1
08-17 13:20:36.442  2415  3466 I ViewRootImpl@520a5fd[ScreenDecorOverlay]: Relayout returned: old=(0,0,195,1080) new=(0,0,195,1080) req=(195,1008)0 dur=4 res=0x1 s={true -5476376610153586688} ch=false fn=1857
08-17 13:20:36.442 29841 29841 I ViewRootImpl@c35065b[GameActivity]: [DP] pdf(0) 1 android.view.ViewRootImpl.lambda$addFrameCompleteCallbackIfNeeded$3$ViewRootImpl:4987 android.view.ViewRootImpl$$ExternalSyntheticLambda16.run:6 android.os.Handler.handleCallback:938 
08-17 13:20:36.442 29841 29841 I ViewRootImpl@c35065b[GameActivity]: [DP] rdf()
08-17 13:20:36.442 29841 29841 D ViewRootImpl@c35065b[GameActivity]: reportDrawFinished (fn: -1) 
08-17 13:20:36.442 29841 29841 I ViewRootImpl@47ad25[GameActivity]: [DP] pdf(0) 1 android.view.ViewRootImpl.lambda$addFrameCompleteCallbackIfNeeded$3$ViewRootImpl:4987 android.view.ViewRootImpl$$ExternalSyntheticLambda16.run:6 android.os.Handler.handleCallback:938 
08-17 13:20:36.442 29841 29841 I ViewRootImpl@47ad25[GameActivity]: [DP] rdf()
08-17 13:20:36.442 29841 29841 D ViewRootImpl@47ad25[GameActivity]: reportDrawFinished (fn: -1) 
08-17 13:20:36.443 29841 29841 D UE4     : [GameActivity] === Thermal status changed to 0
08-17 13:20:36.443 29841 29841 V ViewRootImpl@47ad25[GameActivity]: updateAppliedLetterboxDirection, direction=1, Caller=android.view.ViewRootImpl.handleDispatchLetterboxDirectionChanged:12740
08-17 13:20:36.444 29841 29841 V ViewRootImpl@c35065b[GameActivity]: updateAppliedLetterboxDirection, direction=1, Caller=android.view.ViewRootImpl.handleDispatchLetterboxDirectionChanged:12740
08-17 13:20:36.445  1158  2872 V WindowManager: Relayout Window{bec30f0 u0 ScreenDecorOverlayBottom}: viewVisibility=0 req=195x1008 d0
08-17 13:20:36.448  1158  3008 D WindowManager: finishDrawingWindow: Window{263163f u0 com.flygame.flygamex/com.epicgames.ue4.GameActivity} mDrawState=DRAW_PENDING
08-17 13:20:36.448  1158  2872 V WindowManager: Relayout hash=bec30f0, pid=2415: mAttrs={(0,0)(wrapxfill) gr=RIGHT CENTER_HORIZONTAL sim={adjust=pan} layoutInDisplayCutoutMode=always ty=NAVIGATION_BAR_PANEL fmt=TRANSLUCENT
08-17 13:20:36.448  1158  2872 V WindowManager:   fl=20800128
08-17 13:20:36.448  1158  2872 V WindowManager:   pfl=13100050
08-17 13:20:36.448  1158  2872 V WindowManager:   vsysui=100
08-17 13:20:36.448  1158  2872 V WindowManager:   bhv=DEFAULT naviIconColor=0}
08-17 13:20:36.448  1158  3008 D WindowManager: finishDrawingWindow: Window{e579aba u0 com.flygame.flygamex/com.epicgames.ue4.GameActivity} mDrawState=DRAW_PENDING
08-17 13:20:36.449  2415  3466 I ViewRootImpl@4c086d[ScreenDecorOverlayBottom]: Relayout returned: old=(2205,0,2400,1080) new=(2205,0,2400,1080) req=(195,1008)0 dur=6 res=0x1 s={true -5476376610153576448} ch=false fn=1228
08-17 13:20:36.449 29841 29841 D UE4     : [GameActivity] === Restoring Transparent Bars due to Visibility Change ===
08-17 13:20:36.449 29841 29841 D UE4     : [GameActivity] === Restoring Transparent Bars ===
08-17 13:20:36.452  1158  3008 I SemDvfsHyPerManager: acquire hyper - AMS_RESUME_TAIL/1158@17, type = -999
08-17 13:20:36.453  1158  3008 I SemDvfsHyPerManager: acquire hyper - AMS_ACT_LAZY/1158@18, type = -999
08-17 13:20:36.453  1158  3008 D ActivityManagerPerformance: AMP_acquire() TAIL
08-17 13:20:36.453  1158  3008 D ActivityManagerPerformance: AMP_release() APP_SWITCH
08-17 13:20:36.453   978  1028 I HYPER-HAL: [RequestManager.cpp]acquire(): Acquired ID : 690917  [1158 / 17]    HINT : AMS_RESUME_TAIL    list : 
08-17 13:20:36.457   978  1028 I HYPER-HAL: [RequestManager.cpp]acquire(): Acquired ID : 692094  [1158 / 18]    HINT : AMS_ACT_LAZY    list : 
08-17 13:20:36.458  1158  1543 D [secipm]: mSecIpmManager report to nap
08-17 13:20:36.458  1158  1543 I PkgPredictorService-SecIpmManagerServiceImpl: reportToNAP uid:10434 com.flygame.flygamex/com.epicgames.ue4.GameActivity thisTime:1299
08-17 13:20:36.458  1158  3523 D PkgPredictorService-IpmAdcpController: com.flygame.flygamex become forground, dex profile begin
08-17 13:20:36.458  1158  1547 I WindowManager: Reparenting to leash, surface=Surface(name=263163f com.flygame.flygamex/com.epicgames.ue4.GameActivity)/@0xe81f3c, leashParent=Surface(name=ActivityRecord{4a28349 u0 com.flygame.flygamex/com.epicgames.ue4.GameActivity t215})/@0xc1c4c5
08-17 13:20:36.459  1091  1282 I SurfaceFlinger: id=23177 createSurf (0x0),-1 flag=24000, Surface(name=263163f com.flygame.flygamex/com.epicgames.ue4.GameActivity)/@0xe81f3c - animation-leash of starting_reveal#0
08-17 13:20:36.459  1158  1547 D WindowManager: makeSurface duration=1 leash=Surface(name=Surface(name=263163f com.flygame.flygamex/com.epicgames.ue4.GameActivity)/@0xe81f3c - animation-leash of starting_reveal)/@0xb5f328
08-17 13:20:36.462  1158  3008 D InputDispatcher: Focus entered window (0): 263163f com.flygame.flygamex/com.epicgames.ue4.GameActivity
08-17 13:20:36.463 29841 29841 I ViewRootImpl@c35065b[GameActivity]: MSG_WINDOW_FOCUS_CHANGED 1 1
08-17 13:20:36.464 29841 29903 D UE4     : LogAndroidEvents::EnqueueAppEvent : 11, [width=-1, height=-1], tid = 29903, APP_EVENT_STATE_WINDOW_GAINED_FOCUS
08-17 13:20:36.464 29841 29903 D UE4     : LogAndroidEvents::EnqueueAppEvent : 14, [width=-1, height=-1], tid = 29903, APP_EVENT_STATE_APP_ACTIVATED
08-17 13:20:36.464 29841 29903 D UE4     : LogAndroidEvents::EnqueueAppEvent : 15, [width=-1, height=-1], tid = 29903, APP_EVENT_RUN_CALLBACK
08-17 13:20:36.465 29841 29841 D InputMethodManager: startInputInner - Id : 0
08-17 13:20:36.465 29841 29841 I InputMethodManager: startInputInner - mService.startInputOrWindowGainedFocus
08-17 13:20:36.465  1158  3008 D InputMethodManagerService: mSecureKeypadEnabled = false
08-17 13:20:36.465   978  1028 I HYPER-HAL: [RequestManager.cpp]releaseLocked(): Released ID : 697994
08-17 13:20:36.467  2956  2956 I ViewRootImpl@816d591[LauncherActivity]: stopped(true) old=false
08-17 13:20:36.467  1091  1091 D SurfaceFlinger: Display 4630947232161729153 HWC layers:
08-17 13:20:36.467  1091  1091 D SurfaceFlinger:  SOLID_COLOR |              | 0000 |  Unknown  |    0.0    0.0    0.0    0.0 |    0    0 1080   88 | Letterbox - left#1
08-17 13:20:36.467  1091  1091 D SurfaceFlinger:  SOLID_COLOR |              | 0002 |  Unknown  |    0.0    0.0    0.0    0.0 |    0   88 1080 2400 | Background for SurfaceView - com.fly[...]picgames.ue4.GameActivity@79b3c8@0#0
08-17 13:20:36.467  1091  1091 D SurfaceFlinger:      DEVICE | 0xb400007a38014c40 | 0100 | RGBA_8888    |    0.0    0.0 1080.0 2312.0 |    0   88 1080 2400 | com.flygame.flygamex/com.epicgames.ue4.GameActivity$_29841#1
08-17 13:20:36.467  1091  1091 D SurfaceFlinger:      DEVICE | 0xb400007a39a119f0 | 0100 | RGBA_8888    |    0.0    0.0 1080.0 2312.0 |    0   88 1080 2400 | com.flygame.flygamex/com.epicgames.ue4.GameActivity$_29841#0
08-17 13:20:36.467  1091  1091 D SurfaceFlinger:      DEVICE | 0xb400007a380145b0 | 0100 | RGBA_8888    |    0.0    0.0 1080.0 2312.0 |    0   88 1080 2400 | Splash Screen com.flygame.flygamex$_2415#0
08-17 13:20:36.467  1091  1091 D SurfaceFlinger:      DEVICE | 0xb400007a380150a0 | 0100 | RGBA_8888    |    0.0    0.0   72.0 2400.0 | 1008    0 1080 2400 | StatusBar$_2415#0
08-17 13:20:36.467  1091  1091 D SurfaceFlinger:      DEVICE | 0xb400007a38014690 | 0100 | RGBA_8888    |    0.0  
08-17 13:20:36.467  1091  1091 D SurfaceFlinger:   0.0 1080.0  144.0 |    0 2256 1080 2400 | NavigationBar0$_2415#0
08-17 13:20:36.467  1091  1091 D SurfaceFlinger:      DEVICE | 0xb400007a1d72dad0 | 0140 | RGBA_8888    |    0.0    0.0 1080.0  195.0 |    0    0 1080  195 | ScreenDecorOverlay$_2415#0
08-17 13:20:36.467  1091  1091 D SurfaceFlinger:      DEVICE | 0xb400007a380144d0 | 0140 | RGBA_8888    |    0.0    0.0 1080.0  195.0 |    0 2205 1080 2400 | ScreenDecorOverlayBottom$_2415#0
08-17 13:20:36.467  1091  1091 D SurfaceFlinger: 
08-17 13:20:36.467  2956  2956 I BaseActivity: removeActivityFlags, flags : 17
08-17 13:20:36.468  1158  2871 V WindowManager: Relayout Window{9468543 u0 ScreenDecorOverlay}: viewVisibility=0 req=195x1008 d0
08-17 13:20:36.468  2956  2956 W LauncherAppWidgetHost: setShouldListenFlag, mFlags:7 flag:start on:false isFront:false
08-17 13:20:36.469  1158  2567 I AppWidgetServiceImpl: stopListening callbacks : null
08-17 13:20:36.469  2956  2956 W LauncherAppWidgetHost: stopListening, mFlags:2 isFront:false
08-17 13:20:36.469  2956  2956 W Launcher.NotificationListener: removeNotificationsChangedListener
08-17 13:20:36.469  2956  2956 I BadgeCountUpdaterImpl: onNotificationsChangedDisConnected
08-17 13:20:36.469  2956  2956 I Launcher.NotificationListener: unregisterObserver, this is not notificationService!!
08-17 13:20:36.470  1091  1091 D Layer   : setBackgroundBlurRadius ## OneUiHome-BlurLayer#0, backgroundBlurRadius=0
08-17 13:20:36.470  1091  1091 D Layer   : GPIS:: requestGPIS
08-17 13:20:36.470  1091  3500 D NativeSemDvfsManager: acquire:: timeout = 2000 mIsAcquired = 1  mTagName : SurfaceFlinger 
08-17 13:20:36.470  1091  1091 I SurfaceFlinger: id=23139 Removed OneUiHome-BlurLayer#0 (125)
08-17 13:20:36.471  2415  3195 I ViewRootImpl@df58905[flygamex]: mWNT: t = android.view.SurfaceControl$Transaction@3ceb8dc fN = 5 android.view.SyncRtSurfaceTransactionApplier.applyTransaction:94 android.view.SyncRtSurfaceTransactionApplier.lambda$scheduleApply$0$SyncRtSurfaceTransactionApplier:71 android.view.SyncRtSurfaceTransactionApplier$$ExternalSyntheticLambda0.onFrameDraw:4 
08-17 13:20:36.472  2415  3195 I ViewRootImpl@df58905[flygamex]: mWNT: merge t to BBQ
08-17 13:20:36.472  2415  3195 I ViewRootImpl@df58905[flygamex]: mWNT: t = android.view.SurfaceControl$Transaction@17fede5 fN = 5 android.view.SyncRtSurfaceTransactionApplier.applyTransaction:94 android.view.SyncRtSurfaceTransactionApplier.lambda$scheduleApply$0$SyncRtSurfaceTransactionApplier:71 android.view.SyncRtSurfaceTransactionApplier$$ExternalSyntheticLambda0.onFrameDraw:4 
08-17 13:20:36.472  2415  3195 I ViewRootImpl@df58905[flygamex]: mWNT: merge t to BBQ
08-17 13:20:36.472  1158  2871 V WindowManager: Relayout hash=9468543, pid=2415: mAttrs={(0,0)(wrapxfill) gr=LEFT CENTER_HORIZONTAL sim={adjust=pan} layoutInDisplayCutoutMode=always ty=NAVIGATION_BAR_PANEL fmt=TRANSLUCENT
08-17 13:20:36.472  1158  2871 V WindowManager:   fl=20800128
08-17 13:20:36.472  1158  2871 V WindowManager:   pfl=13100050
08-17 13:20:36.472  1158  2871 V WindowManager:   vsysui=100
08-17 13:20:36.472  1158  2871 V WindowManager:   bhv=DEFAULT naviIconColor=0}
08-17 13:20:36.472  1158  4032 D MotionRecognitionService: values = 100.0
08-17 13:20:36.472  1158  4032 D MotionRecognitionService: onReceive lux: 100.0  action: 
08-17 13:20:36.472  1158  4032 D MotionRecognitionService: Inject brightness form Cam 100.0
08-17 13:20:36.472  1158  4032 D MotionRecognitionService: Inject calibrated lux
08-17 13:20:36.473  2415  3466 I ViewRootImpl@520a5fd[ScreenDecorOverlay]: Relayout returned: old=(0,0,195,1080) new=(0,0,195,1080) req=(195,1008)0 dur=24 res=0x1 s={true -5476376610153586688} ch=false fn=1857
08-17 13:20:36.474  1158  3534 D FreecessController: com.google.android.apps.authenticator2(state: Initial -> Freezeable, Reason: uidIdle)
08-17 13:20:36.474  1158  3008 V InputMethodManagerService: Unspecified window will hide input
08-17 13:20:36.474  1158  3008 V InputMethodManagerService: hideCurrentInputLocked : shouldHideSoftInput is false
08-17 13:20:36.474  1158  3534 D FreecessController: com.azure.authenticator(state: Initial -> Freezeable, Reason: uidIdle)
08-17 13:20:36.474  1158  3008 D InputMethodManagerService: DESKTOP MODE! : 2
08-17 13:20:36.474  1158  3008 D InputMethodManagerService: NOT IN KNOX DESKTOP MODE!
08-17 13:20:36.474  1158  3008 V InputMethodManagerService: getDisplayIdOfInputMethodWindowToBeAdded : 0
08-17 13:20:36.474  2956  3075 I IMM_LC  : hsifw() - flags=0, caller=android.view.inputmethod.InputMethodManager.hideSoftInputFromWindow:1846 android.view.inputmethod.InputMethodManager.hideSoftInputFromWindow:1815 com.android.launcher3.util.UiThreadHelper$UiCallbacks.handleMessage:103 android.os.Handler.dispatchMessage:102 android.os.Looper.loopOnce:226 
08-17 13:20:36.475  2956  3075 I IMM_LC  : hideSoftInputFromWindow - mService.hideSoftInput
08-17 13:20:36.476  1158  2871 D InputMethodManagerService: hideSoftInput
08-17 13:20:36.477  1091  3500 E NativeCustomFrequencyManager: [NativeCFMS] BpCustomFrequencyManager::acquire()
08-17 13:20:36.477   978  1028 I HYPER-HAL: [RequestManager.cpp]acquire(): Acquired ID : 2188186  [1091 / 1000]    HINT : SF_GPU_MINLOCK    list : [TIMEOUT / 2000] 
08-17 13:20:36.477  1158  3008 V InputMethodManagerService: Creating new session for client ClientState{a7721ca uid=10434 pid=29841 displayId=0}
08-17 13:20:36.477  1158  3008 D InputTransport: Input channel constructed: 'ClientS', fd=915
08-17 13:20:36.477  1158  3008 D InputTransport: Input channel constructed: 'ClientS', fd=917
08-17 13:20:36.478  1158  3008 D InputTransport: Input channel destroyed: 'ClientS', fd=917
08-17 13:20:36.480  2415  3194 I ViewRootImpl@df58905[flygamex]: mWNT: t = android.view.SurfaceControl$Transaction@21240ba fN = 6 android.view.SyncRtSurfaceTransactionApplier.applyTransaction:94 android.view.SyncRtSurfaceTransactionApplier.lambda$scheduleApply$0$SyncRtSurfaceTransactionApplier:71 android.view.SyncRtSurfaceTransactionApplier$$ExternalSyntheticLambda0.onFrameDraw:4 
08-17 13:20:36.480  2415  3194 I ViewRootImpl@df58905[flygamex]: mWNT: merge t to BBQ
08-17 13:20:36.480  1158  2567 I ActivityTaskManager: Removing activity ActivityRecord{927698e u0 com.flygame.flygamex/com.epicgames.ue4.SplashActivity t215 f}}(activityDestroyed)  from stack callers=com.android.server.wm.ActivityRecord.destroyed:4099 com.android.server.wm.ActivityClientController.activityDestroyed:288 android.app.IActivityClientController$Stub.onTransact:604 com.android.server.wm.ActivityClientController.onTransact:130 android.os.Binder.execTransactInternal:1220 
08-17 13:20:36.483  1158  2567 D InputTransport: Input channel destroyed: 'Letterb', fd=739
08-17 13:20:36.483  1158  2567 W InputManager-JNI: Input channel object 'Letterbox_left_ActivityRecord{927698e u0 com.flygame.flygamex/com.epicgames.ue4.SplashActivity t215} (client)' was disposed without first being removed with the input manager!
08-17 13:20:36.483  1158  2567 D InputTransport: Input channel destroyed: 'Letterb', fd=777
08-17 13:20:36.483  1158  2567 D InputTransport: Input channel destroyed: 'Letterb', fd=790
08-17 13:20:36.483  1158  2567 W InputManager-JNI: Input channel object 'Letterbox_top_ActivityRecord{927698e u0 com.flygame.flygamex/com.epicgames.ue4.SplashActivity t215} (client)' was disposed without first being removed with the input manager!
08-17 13:20:36.483  1158  2567 D InputTransport: Input channel destroyed: 'Letterb', fd=868
08-17 13:20:36.483  1158  2567 D InputTransport: Input channel destroyed: 'Letterb', fd=789
08-17 13:20:36.483  1158  2567 W InputManager-JNI: Input channel object 'Letterbox_right_ActivityRecord{927698e u0 com.flygame.flygamex/com.epicgames.ue4.SplashActivity t215} (client)' was disposed without first being removed with the input manager!
08-17 13:20:36.483  1158  2567 D InputTransport: Input channel destroyed: 'Letterb', fd=879
08-17 13:20:36.483  1158  2567 D InputTransport: Input channel destroyed: 'Letterb', fd=880
08-17 13:20:36.483  1158  2567 W InputManager-JNI: Input channel object 'Letterbox_bottom_ActivityRecord{927698e u0 com.flygame.flygamex/com.epicgames.ue4.SplashActivity t215} (client)' was disposed without first being removed with the input manager!
08-17 13:20:36.483  1158  2567 D InputTransport: Input channel destroyed: 'Letterb', fd=881
08-17 13:20:36.484  1158  4980 V WindowManager: Relayout Window{bec30f0 u0 ScreenDecorOverlayBottom}: viewVisibility=0 req=195x1008 d0
08-17 13:20:36.486  1091  1091 I Layer   : id=23157 removedFromDrawingState Letterbox - left#0 (125)
08-17 13:20:36.487  1091  1091 I Layer   : id=23153 removedFromDrawingState ActivityRecord{927698e u0 com.flygame.flygamex/com.epicgames.ue4.SplashActivity t215}#0 (125)
08-17 13:20:36.487  1091  1091 I SurfaceFlinger: id=23157 Removed Letterbox - left#0 (125)
08-17 13:20:36.487  1091  1091 I Layer   : id=23157 Destroyed Letterbox - left#0
08-17 13:20:36.488  1158  4980 V WindowManager: Relayout hash=bec30f0, pid=2415: mAttrs={(0,0)(wrapxfill) gr=RIGHT CENTER_HORIZONTAL sim={adjust=pan} layoutInDisplayCutoutMode=always ty=NAVIGATION_BAR_PANEL fmt=TRANSLUCENT
08-17 13:20:36.488  1158  4980 V WindowManager:   fl=20800128
08-17 13:20:36.488  1158  4980 V WindowManager:   pfl=13100050
08-17 13:20:36.488  1158  4980 V WindowManager:   vsysui=100
08-17 13:20:36.488  1158  4980 V WindowManager:   bhv=DEFAULT naviIconColor=0}
08-17 13:20:36.488  1091  1282 I SurfaceFlinger: id=23153 Removed ActivityRecord{927698e u0 com.flygame.flygamex/com.epicgames.ue4.SplashActivity t215}#0 (124)
08-17 13:20:36.489  2415  3466 I ViewRootImpl@4c086d[ScreenDecorOverlayBottom]: Relayout returned: old=(2205,0,2400,1080) new=(2205,0,2400,1080) req=(195,1008)0 dur=9 res=0x1 s={true -5476376610153576448} ch=false fn=1228
08-17 13:20:36.489  1158  2871 W InputMethodManagerService: Ignoring hideSoftInput of uid 10147: com.android.internal.view.IInputMethodClient$Stub$Proxy@9b163b1
08-17 13:20:36.489  2956  3075 I LiveIconUpdateEventHandler: LiveIcon onStop
08-17 13:20:36.489  1158  3008 W InputMethodManagerService: onSessionCreated
08-17 13:20:36.490  2956  3075 I LiveIconUpdateEventHandler: cancelMinuteChangeAlarm
08-17 13:20:36.490  1158  2871 D SamsungAlarmManager: Cancel Alarm calling from uid:10147 pid :2956 / OP:PendingIntent{b987417: PendingIntentRecord{17d7e46 com.sec.android.app.launcher broadcastIntent}}
08-17 13:20:36.490  1158  2871 V SamsungAlarmManager: setLocked to kernel - W:353100877 / NW:353022684, now=353014709
08-17 13:20:36.491  2415  3195 I ViewRootImpl@df58905[flygamex]: mWNT: t = android.view.SurfaceControl$Transaction@b5a6b6b fN = 7 android.view.SyncRtSurfaceTransactionApplier.applyTransaction:94 android.view.SyncRtSurfaceTransactionApplier.lambda$scheduleApply$0$SyncRtSurfaceTransactionApplier:71 android.view.SyncRtSurfaceTransactionApplier$$ExternalSyntheticLambda0.onFrameDraw:4 
08-17 13:20:36.491  2415  3195 I ViewRootImpl@df58905[flygamex]: mWNT: merge t to BBQ
08-17 13:20:36.492  1158  3008 D InputMethodManagerService: checkDisplayOfStartInputAndUpdateKeyboard display Id 0last 0
08-17 13:20:36.492  2956  3075 I LiveIconUpdateEventHandler: cancelDateChangeAlarm
08-17 13:20:36.492  1158  3008 D InputTransport: Input channel constructed: 'ClientS', fd=739
08-17 13:20:36.492  1158  4980 D SamsungAlarmManager: Cancel Alarm calling from uid:10147 pid :2956 / OP:PendingIntent{412a004: PendingIntentRecord{e7a942b com.sec.android.app.launcher broadcastIntent}}
08-17 13:20:36.492  1158  3008 D InputTransport: Input channel destroyed: 'ClientS', fd=739
08-17 13:20:36.493  1158  4980 V SamsungAlarmManager: setLocked to kernel - W:353100877 / NW:353022684, now=353014712
08-17 13:20:36.493 29841 29841 D InputMethodManager: startInputInner - Id : 0
08-17 13:20:36.494  4176  4176 I GoogleInputMethodService: GoogleInputMethodService.onFinishInput():3273 
